<?xml version="1.0" encoding="UTF-8"?>
<testsuites>
  <testsuite name="" tests="669" assertions="8590" errors="5" warnings="0" failures="5" skipped="0" time="68.930748">
    <testsuite name="Unit" tests="151" assertions="339" errors="4" warnings="0" failures="0" skipped="0" time="10.547548">
      <testsuite name="Tests\Unit\CI\AccessToken\GithubAppInstallationAccessTokenRepositoryTest" file="/php/tests/Unit/CI/AccessToken/GithubAppInstallationAccessTokenRepositoryTest.php" tests="3" assertions="12" errors="1" warnings="0" failures="0" skipped="0" time="0.276433">
        <testcase name="test_it_can_get_access_token" class="Tests\Unit\CI\AccessToken\GithubAppInstallationAccessTokenRepositoryTest" classname="Tests.Unit.CI.AccessToken.GithubAppInstallationAccessTokenRepositoryTest" file="/php/tests/Unit/CI/AccessToken/GithubAppInstallationAccessTokenRepositoryTest.php" line="17" assertions="0" time="0.161128">
          <error type="TypeError">Tests\Unit\CI\AccessToken\GithubAppInstallationAccessTokenRepositoryTest::test_it_can_get_access_token
TypeError: Argument 1 passed to App\CI\AccessToken\GithubAppInstallationAccessTokenRepository::__construct() must be an instance of App\Models\GithubAppInstallation, null given, called in /php/tests/Unit/CI/AccessToken/GithubAppInstallationAccessTokenRepositoryTest.php on line 23

/php/app/CI/AccessToken/GithubAppInstallationAccessTokenRepository.php:21
/php/tests/Unit/CI/AccessToken/GithubAppInstallationAccessTokenRepositoryTest.php:23</error>
        </testcase>
        <testcase name="test_it_can_get_access_token_when_token_expire" class="Tests\Unit\CI\AccessToken\GithubAppInstallationAccessTokenRepositoryTest" classname="Tests.Unit.CI.AccessToken.GithubAppInstallationAccessTokenRepositoryTest" file="/php/tests/Unit/CI/AccessToken/GithubAppInstallationAccessTokenRepositoryTest.php" line="34" assertions="6" time="0.059156"/>
        <testcase name="test_it_can_get_access_token_when_token_has_ten_minutes_left_before_expire" class="Tests\Unit\CI\AccessToken\GithubAppInstallationAccessTokenRepositoryTest" classname="Tests.Unit.CI.AccessToken.GithubAppInstallationAccessTokenRepositoryTest" file="/php/tests/Unit/CI/AccessToken/GithubAppInstallationAccessTokenRepositoryTest.php" line="60" assertions="6" time="0.056149"/>
      </testsuite>
      <testsuite name="Tests\Unit\CI\Coverage\CloverTest" file="/php/tests/Unit/CI/Coverage/CloverTest.php" tests="2" assertions="1" errors="1" warnings="0" failures="0" skipped="0" time="0.085876">
        <testcase name="test_it_parser_clover" class="Tests\Unit\CI\Coverage\CloverTest" classname="Tests.Unit.CI.Coverage.CloverTest" file="/php/tests/Unit/CI/Coverage/CloverTest.php" line="10" assertions="0" time="0.041953">
          <error type="TypeError">Tests\Unit\CI\Coverage\CloverTest::test_it_parser_clover
TypeError: Argument 1 passed to App\CI\Coverage\Clover::parse() must be of the type string, null given, called in /php/tests/Unit/CI/Coverage/CloverTest.php on line 14

/php/app/CI/Coverage/Clover.php:15
/php/tests/Unit/CI/Coverage/CloverTest.php:14</error>
        </testcase>
        <testcase name="test_it_parse_invalid_clover" class="Tests\Unit\CI\Coverage\CloverTest" classname="Tests.Unit.CI.Coverage.CloverTest" file="/php/tests/Unit/CI/Coverage/CloverTest.php" line="28" assertions="1" time="0.043922"/>
      </testsuite>
      <testsuite name="Tests\Unit\CI\Coverage\CoberturaTest" file="/php/tests/Unit/CI/Coverage/CoberturaTest.php" tests="2" assertions="2" errors="0" warnings="0" failures="0" skipped="0" time="0.086411">
        <testcase name="test_it_parser_cobertura" class="Tests\Unit\CI\Coverage\CoberturaTest" classname="Tests.Unit.CI.Coverage.CoberturaTest" file="/php/tests/Unit/CI/Coverage/CoberturaTest.php" line="10" assertions="1" time="0.042990"/>
        <testcase name="test_it_parse_invalid_cobertura" class="Tests\Unit\CI\Coverage\CoberturaTest" classname="Tests.Unit.CI.Coverage.CoberturaTest" file="/php/tests/Unit/CI/Coverage/CoberturaTest.php" line="28" assertions="1" time="0.043421"/>
      </testsuite>
      <testsuite name="Tests\Unit\CI\Coverage\JacocoTest" file="/php/tests/Unit/CI/Coverage/JacocoTest.php" tests="2" assertions="0" errors="2" warnings="0" failures="0" skipped="0" time="0.085026">
        <testcase name="test_it_parser_jacoco" class="Tests\Unit\CI\Coverage\JacocoTest" classname="Tests.Unit.CI.Coverage.JacocoTest" file="/php/tests/Unit/CI/Coverage/JacocoTest.php" line="10" assertions="0" time="0.042199">
          <error type="TypeError">Tests\Unit\CI\Coverage\JacocoTest::test_it_parser_jacoco
TypeError: Argument 1 passed to App\CI\Coverage\Jacoco::parse() must be of the type string, null given, called in /php/tests/Unit/CI/Coverage/JacocoTest.php on line 14

/php/app/CI/Coverage/Jacoco.php:15
/php/tests/Unit/CI/Coverage/JacocoTest.php:14</error>
        </testcase>
        <testcase name="test_it_parse_invalid_jacoco" class="Tests\Unit\CI\Coverage\JacocoTest" classname="Tests.Unit.CI.Coverage.JacocoTest" file="/php/tests/Unit/CI/Coverage/JacocoTest.php" line="28" assertions="0" time="0.042826">
          <error type="TypeError">Tests\Unit\CI\Coverage\JacocoTest::test_it_parse_invalid_jacoco
TypeError: Argument 1 passed to App\CI\Coverage\Jacoco::parse() must be of the type string, null given, called in /php/tests/Unit/CI/Coverage/JacocoTest.php on line 32

/php/app/CI/Coverage/Jacoco.php:15
/php/tests/Unit/CI/Coverage/JacocoTest.php:32</error>
        </testcase>
      </testsuite>
      <testsuite name="Tests\Unit\CI\Coverage\ParserFactoryTest" file="/php/tests/Unit/CI/Coverage/ParserFactoryTest.php" tests="2" assertions="6" errors="0" warnings="0" failures="0" skipped="0" time="0.085177">
        <testcase name="test_it_can_return_parser" class="Tests\Unit\CI\Coverage\ParserFactoryTest" classname="Tests.Unit.CI.Coverage.ParserFactoryTest" file="/php/tests/Unit/CI/Coverage/ParserFactoryTest.php" line="13" assertions="3" time="0.042471"/>
        <testcase name="test_it_throw_exception_when_parser_is_not_supported" class="Tests\Unit\CI\Coverage\ParserFactoryTest" classname="Tests.Unit.CI.Coverage.ParserFactoryTest" file="/php/tests/Unit/CI/Coverage/ParserFactoryTest.php" line="25" assertions="3" time="0.042705"/>
      </testsuite>
      <testsuite name="Tests\Unit\CI\Coverage\SimplecovTest" file="/php/tests/Unit/CI/Coverage/SimplecovTest.php" tests="2" assertions="2" errors="0" warnings="0" failures="0" skipped="0" time="0.088205">
        <testcase name="test_it_parser_simplecov" class="Tests\Unit\CI\Coverage\SimplecovTest" classname="Tests.Unit.CI.Coverage.SimplecovTest" file="/php/tests/Unit/CI/Coverage/SimplecovTest.php" line="10" assertions="1" time="0.043825"/>
        <testcase name="test_it_parse_invalid_simplecov" class="Tests\Unit\CI\Coverage\SimplecovTest" classname="Tests.Unit.CI.Coverage.SimplecovTest" file="/php/tests/Unit/CI/Coverage/SimplecovTest.php" line="28" assertions="1" time="0.044379"/>
      </testsuite>
      <testsuite name="Tests\Unit\CI\JobConfigTest" file="/php/tests/Unit/CI/JobConfigTest.php" tests="1" assertions="1" errors="0" warnings="0" failures="0" skipped="0" time="0.051944">
        <testcase name="test_it_expands_variable_from_job_config" class="Tests\Unit\CI\JobConfigTest" classname="Tests.Unit.CI.JobConfigTest" file="/php/tests/Unit/CI/JobConfigTest.php" line="14" assertions="1" time="0.051944"/>
      </testsuite>
      <testsuite name="Tests\Unit\CI\JobFilterTest" file="/php/tests/Unit/CI/JobFilterTest.php" tests="9" assertions="15" errors="0" warnings="0" failures="0" skipped="0" time="0.007560">
        <testcase name="test_it_ignores_empty_filter" class="Tests\Unit\CI\JobFilterTest" classname="Tests.Unit.CI.JobFilterTest" file="/php/tests/Unit/CI/JobFilterTest.php" line="11" assertions="1" time="0.001042"/>
        <testcase name="test_it_ignores_unknown_filter" class="Tests\Unit\CI\JobFilterTest" classname="Tests.Unit.CI.JobFilterTest" file="/php/tests/Unit/CI/JobFilterTest.php" line="30" assertions="1" time="0.000420"/>
        <testcase name="test_it_always_filter_out_job_when_required_variable_is_missing" class="Tests\Unit\CI\JobFilterTest" classname="Tests.Unit.CI.JobFilterTest" file="/php/tests/Unit/CI/JobFilterTest.php" line="49" assertions="1" time="0.000494"/>
        <testcase name="test_it_filters_jobs_by_exact_branch" class="Tests\Unit\CI\JobFilterTest" classname="Tests.Unit.CI.JobFilterTest" file="/php/tests/Unit/CI/JobFilterTest.php" line="63" assertions="2" time="0.000890"/>
        <testcase name="test_it_filters_jobs_by_branch_pattern" class="Tests\Unit\CI\JobFilterTest" classname="Tests.Unit.CI.JobFilterTest" file="/php/tests/Unit/CI/JobFilterTest.php" line="87" assertions="2" time="0.000942"/>
        <testcase name="test_it_filters_jobs_by_event" class="Tests\Unit\CI\JobFilterTest" classname="Tests.Unit.CI.JobFilterTest" file="/php/tests/Unit/CI/JobFilterTest.php" line="111" assertions="2" time="0.000853"/>
        <testcase name="test_it_filters_jobs_by_trigger" class="Tests\Unit\CI\JobFilterTest" classname="Tests.Unit.CI.JobFilterTest" file="/php/tests/Unit/CI/JobFilterTest.php" line="135" assertions="2" time="0.000774"/>
        <testcase name="test_it_filters_jobs_by_exact_commit_message" class="Tests\Unit\CI\JobFilterTest" classname="Tests.Unit.CI.JobFilterTest" file="/php/tests/Unit/CI/JobFilterTest.php" line="159" assertions="2" time="0.001184"/>
        <testcase name="test_it_filters_jobs_by_commit_message_pattern" class="Tests\Unit\CI\JobFilterTest" classname="Tests.Unit.CI.JobFilterTest" file="/php/tests/Unit/CI/JobFilterTest.php" line="183" assertions="2" time="0.000960"/>
      </testsuite>
      <testsuite name="Tests\Unit\CI\Logs\DatabaseLoggerTest" file="/php/tests/Unit/CI/Logs/DatabaseLoggerTest.php" tests="4" assertions="4" errors="0" warnings="0" failures="0" skipped="0" time="0.351582">
        <testcase name="test_it_can_create_log" class="Tests\Unit\CI\Logs\DatabaseLoggerTest" classname="Tests.Unit.CI.Logs.DatabaseLoggerTest" file="/php/tests/Unit/CI/Logs/DatabaseLoggerTest.php" line="24" assertions="1" time="0.099309"/>
        <testcase name="test_it_can_chunk_log_and_execute_callback" class="Tests\Unit\CI\Logs\DatabaseLoggerTest" classname="Tests.Unit.CI.Logs.DatabaseLoggerTest" file="/php/tests/Unit/CI/Logs/DatabaseLoggerTest.php" line="33" assertions="1" time="0.085307"/>
        <testcase name="test_it_can_chunk_log_with_default_size_and_execute_callback" class="Tests\Unit\CI\Logs\DatabaseLoggerTest" classname="Tests.Unit.CI.Logs.DatabaseLoggerTest" file="/php/tests/Unit/CI/Logs/DatabaseLoggerTest.php" line="48" assertions="1" time="0.081524"/>
        <testcase name="test_it_can_delete_log" class="Tests\Unit\CI\Logs\DatabaseLoggerTest" classname="Tests.Unit.CI.Logs.DatabaseLoggerTest" file="/php/tests/Unit/CI/Logs/DatabaseLoggerTest.php" line="62" assertions="1" time="0.085442"/>
      </testsuite>
      <testsuite name="Tests\Unit\CI\Logs\RedisLoggerTest" file="/php/tests/Unit/CI/Logs/RedisLoggerTest.php" tests="6" assertions="42" errors="0" warnings="0" failures="0" skipped="0" time="0.459488">
        <testcase name="test_it_can_append_log" class="Tests\Unit\CI\Logs\RedisLoggerTest" classname="Tests.Unit.CI.Logs.RedisLoggerTest" file="/php/tests/Unit/CI/Logs/RedisLoggerTest.php" line="30" assertions="7" time="0.075559"/>
        <testcase name="test_it_can_get_log" class="Tests\Unit\CI\Logs\RedisLoggerTest" classname="Tests.Unit.CI.Logs.RedisLoggerTest" file="/php/tests/Unit/CI/Logs/RedisLoggerTest.php" line="35" assertions="7" time="0.071321"/>
        <testcase name="test_it_can_chunk_logs" class="Tests\Unit\CI\Logs\RedisLoggerTest" classname="Tests.Unit.CI.Logs.RedisLoggerTest" file="/php/tests/Unit/CI/Logs/RedisLoggerTest.php" line="40" assertions="7" time="0.073825"/>
        <testcase name="test_it_can_read_all_logs" class="Tests\Unit\CI\Logs\RedisLoggerTest" classname="Tests.Unit.CI.Logs.RedisLoggerTest" file="/php/tests/Unit/CI/Logs/RedisLoggerTest.php" line="50" assertions="7" time="0.072366"/>
        <testcase name="test_it_can_delete_log_of_jobs" class="Tests\Unit\CI\Logs\RedisLoggerTest" classname="Tests.Unit.CI.Logs.RedisLoggerTest" file="/php/tests/Unit/CI/Logs/RedisLoggerTest.php" line="60" assertions="7" time="0.070336"/>
        <testcase name="test_it_can_delete_logs_of_many_jobs" class="Tests\Unit\CI\Logs\RedisLoggerTest" classname="Tests.Unit.CI.Logs.RedisLoggerTest" file="/php/tests/Unit/CI/Logs/RedisLoggerTest.php" line="65" assertions="7" time="0.096081"/>
      </testsuite>
      <testsuite name="Tests\Unit\CI\Logs\StorageLoggerTest" file="/php/tests/Unit/CI/Logs/StorageLoggerTest.php" tests="5" assertions="5" errors="0" warnings="0" failures="0" skipped="0" time="0.484178">
        <testcase name="test_it_can_stream_log" class="Tests\Unit\CI\Logs\StorageLoggerTest" classname="Tests.Unit.CI.Logs.StorageLoggerTest" file="/php/tests/Unit/CI/Logs/StorageLoggerTest.php" line="26" assertions="1" time="0.103781"/>
        <testcase name="test_it_return_null_if_catch_exception_when_stream_log" class="Tests\Unit\CI\Logs\StorageLoggerTest" classname="Tests.Unit.CI.Logs.StorageLoggerTest" file="/php/tests/Unit/CI/Logs/StorageLoggerTest.php" line="31" assertions="1" time="0.100771"/>
        <testcase name="test_it_can_check_if_log_exists" class="Tests\Unit\CI\Logs\StorageLoggerTest" classname="Tests.Unit.CI.Logs.StorageLoggerTest" file="/php/tests/Unit/CI/Logs/StorageLoggerTest.php" line="36" assertions="1" time="0.094232"/>
        <testcase name="test_it_can_append_log" class="Tests\Unit\CI\Logs\StorageLoggerTest" classname="Tests.Unit.CI.Logs.StorageLoggerTest" file="/php/tests/Unit/CI/Logs/StorageLoggerTest.php" line="41" assertions="1" time="0.093916"/>
        <testcase name="test_it_can_delete_log" class="Tests\Unit\CI\Logs\StorageLoggerTest" classname="Tests.Unit.CI.Logs.StorageLoggerTest" file="/php/tests/Unit/CI/Logs/StorageLoggerTest.php" line="46" assertions="1" time="0.091480"/>
      </testsuite>
      <testsuite name="Tests\Unit\CI\SunCIYamlTest" file="/php/tests/Unit/CI/SunCIYamlTest.php" tests="18" assertions="18" errors="0" warnings="0" failures="0" skipped="0" time="1.795305">
        <testcase name="test__getRaw_returns_raw_config" class="Tests\Unit\CI\SunCIYamlTest" classname="Tests.Unit.CI.SunCIYamlTest" file="/php/tests/Unit/CI/SunCIYamlTest.php" line="17" assertions="1" time="0.101019"/>
        <testcase name="test__getParsed_returns_the_parsed_yaml" class="Tests\Unit\CI\SunCIYamlTest" classname="Tests.Unit.CI.SunCIYamlTest" file="/php/tests/Unit/CI/SunCIYamlTest.php" line="25" assertions="1" time="0.083421"/>
        <testsuite name="Tests\Unit\CI\SunCIYamlTest::test__hasErrors_returns_whether_config_is_invalid" tests="2" assertions="2" errors="0" warnings="0" failures="0" skipped="0" time="0.201048">
          <testcase name="test__hasErrors_returns_whether_config_is_invalid with data set #0" class="Tests\Unit\CI\SunCIYamlTest" classname="Tests.Unit.CI.SunCIYamlTest" file="/php/tests/Unit/CI/SunCIYamlTest.php" line="38" assertions="1" time="0.120993"/>
          <testcase name="test__hasErrors_returns_whether_config_is_invalid with data set #1" class="Tests\Unit\CI\SunCIYamlTest" classname="Tests.Unit.CI.SunCIYamlTest" file="/php/tests/Unit/CI/SunCIYamlTest.php" line="38" assertions="1" time="0.080055"/>
        </testsuite>
        <testsuite name="Tests\Unit\CI\SunCIYamlTest::test__hasSyntaxError_returns_whether_config_has_syntax_error" tests="3" assertions="3" errors="0" warnings="0" failures="0" skipped="0" time="0.179305">
          <testcase name="test__hasSyntaxError_returns_whether_config_has_syntax_error with data set #0" class="Tests\Unit\CI\SunCIYamlTest" classname="Tests.Unit.CI.SunCIYamlTest" file="/php/tests/Unit/CI/SunCIYamlTest.php" line="57" assertions="1" time="0.046946"/>
          <testcase name="test__hasSyntaxError_returns_whether_config_has_syntax_error with data set #1" class="Tests\Unit\CI\SunCIYamlTest" classname="Tests.Unit.CI.SunCIYamlTest" file="/php/tests/Unit/CI/SunCIYamlTest.php" line="57" assertions="1" time="0.048895"/>
          <testcase name="test__hasSyntaxError_returns_whether_config_has_syntax_error with data set #2" class="Tests\Unit\CI\SunCIYamlTest" classname="Tests.Unit.CI.SunCIYamlTest" file="/php/tests/Unit/CI/SunCIYamlTest.php" line="57" assertions="1" time="0.083464"/>
        </testsuite>
        <testsuite name="Tests\Unit\CI\SunCIYamlTest::test__getErrors_returns_validation_errors" tests="2" assertions="2" errors="0" warnings="0" failures="0" skipped="0" time="0.329794">
          <testcase name="test__getErrors_returns_validation_errors with data set #0" class="Tests\Unit\CI\SunCIYamlTest" classname="Tests.Unit.CI.SunCIYamlTest" file="/php/tests/Unit/CI/SunCIYamlTest.php" line="77" assertions="1" time="0.204609"/>
          <testcase name="test__getErrors_returns_validation_errors with data set #1" class="Tests\Unit\CI\SunCIYamlTest" classname="Tests.Unit.CI.SunCIYamlTest" file="/php/tests/Unit/CI/SunCIYamlTest.php" line="77" assertions="1" time="0.125185"/>
        </testsuite>
        <testsuite name="Tests\Unit\CI\SunCIYamlTest::test__getStages_returns_parsed_stages" tests="9" assertions="9" errors="0" warnings="0" failures="0" skipped="0" time="0.900719">
          <testcase name="test__getStages_returns_parsed_stages with data set #0" class="Tests\Unit\CI\SunCIYamlTest" classname="Tests.Unit.CI.SunCIYamlTest" file="/php/tests/Unit/CI/SunCIYamlTest.php" line="99" assertions="1" time="0.119750"/>
          <testcase name="test__getStages_returns_parsed_stages with data set #1" class="Tests\Unit\CI\SunCIYamlTest" classname="Tests.Unit.CI.SunCIYamlTest" file="/php/tests/Unit/CI/SunCIYamlTest.php" line="99" assertions="1" time="0.128496"/>
          <testcase name="test__getStages_returns_parsed_stages with data set #2" class="Tests\Unit\CI\SunCIYamlTest" classname="Tests.Unit.CI.SunCIYamlTest" file="/php/tests/Unit/CI/SunCIYamlTest.php" line="99" assertions="1" time="0.113038"/>
          <testcase name="test__getStages_returns_parsed_stages with data set #3" class="Tests\Unit\CI\SunCIYamlTest" classname="Tests.Unit.CI.SunCIYamlTest" file="/php/tests/Unit/CI/SunCIYamlTest.php" line="99" assertions="1" time="0.115094"/>
          <testcase name="test__getStages_returns_parsed_stages with data set #4" class="Tests\Unit\CI\SunCIYamlTest" classname="Tests.Unit.CI.SunCIYamlTest" file="/php/tests/Unit/CI/SunCIYamlTest.php" line="99" assertions="1" time="0.085419"/>
          <testcase name="test__getStages_returns_parsed_stages with data set #5" class="Tests\Unit\CI\SunCIYamlTest" classname="Tests.Unit.CI.SunCIYamlTest" file="/php/tests/Unit/CI/SunCIYamlTest.php" line="99" assertions="1" time="0.087030"/>
          <testcase name="test__getStages_returns_parsed_stages with data set #6" class="Tests\Unit\CI\SunCIYamlTest" classname="Tests.Unit.CI.SunCIYamlTest" file="/php/tests/Unit/CI/SunCIYamlTest.php" line="99" assertions="1" time="0.083195"/>
          <testcase name="test__getStages_returns_parsed_stages with data set #7" class="Tests\Unit\CI\SunCIYamlTest" classname="Tests.Unit.CI.SunCIYamlTest" file="/php/tests/Unit/CI/SunCIYamlTest.php" line="99" assertions="1" time="0.084974"/>
          <testcase name="test__getStages_returns_parsed_stages with data set #8" class="Tests\Unit\CI\SunCIYamlTest" classname="Tests.Unit.CI.SunCIYamlTest" file="/php/tests/Unit/CI/SunCIYamlTest.php" line="99" assertions="1" time="0.083722"/>
        </testsuite>
      </testsuite>
      <testsuite name="Tests\Unit\CI\TestResults\JunitTest" file="/php/tests/Unit/CI/TestResults/JunitTest.php" tests="2" assertions="2" errors="0" warnings="0" failures="0" skipped="0" time="0.093933">
        <testcase name="test_it_parser_junit" class="Tests\Unit\CI\TestResults\JunitTest" classname="Tests.Unit.CI.TestResults.JunitTest" file="/php/tests/Unit/CI/TestResults/JunitTest.php" line="10" assertions="1" time="0.047474"/>
        <testcase name="test_it_parse_invalid_junit" class="Tests\Unit\CI\TestResults\JunitTest" classname="Tests.Unit.CI.TestResults.JunitTest" file="/php/tests/Unit/CI/TestResults/JunitTest.php" line="29" assertions="1" time="0.046459"/>
      </testsuite>
      <testsuite name="Tests\Unit\CI\TestResults\ParserFactoryTest" file="/php/tests/Unit/CI/TestResults/ParserFactoryTest.php" tests="2" assertions="4" errors="0" warnings="0" failures="0" skipped="0" time="0.093775">
        <testcase name="test_it_can_return_testResults" class="Tests\Unit\CI\TestResults\ParserFactoryTest" classname="Tests.Unit.CI.TestResults.ParserFactoryTest" file="/php/tests/Unit/CI/TestResults/ParserFactoryTest.php" line="11" assertions="1" time="0.047010"/>
        <testcase name="test_it_throw_exception_when_parser_is_not_supported" class="Tests\Unit\CI\TestResults\ParserFactoryTest" classname="Tests.Unit.CI.TestResults.ParserFactoryTest" file="/php/tests/Unit/CI/TestResults/ParserFactoryTest.php" line="18" assertions="3" time="0.046766"/>
      </testsuite>
      <testsuite name="Tests\Unit\CI\VariablesTest" file="/php/tests/Unit/CI/VariablesTest.php" tests="5" assertions="11" errors="0" warnings="0" failures="0" skipped="0" time="0.306994">
        <testcase name="test_it_creates_runner_variables_from_job" class="Tests\Unit\CI\VariablesTest" classname="Tests.Unit.CI.VariablesTest" file="/php/tests/Unit/CI/VariablesTest.php" line="20" assertions="1" time="0.095350"/>
        <testcase name="test_it_creates_runner_variables_from_webhook_payload" class="Tests\Unit\CI\VariablesTest" classname="Tests.Unit.CI.VariablesTest" file="/php/tests/Unit/CI/VariablesTest.php" line="101" assertions="1" time="0.052458"/>
        <testcase name="test_it_returns_variables_as_an_array" class="Tests\Unit\CI\VariablesTest" classname="Tests.Unit.CI.VariablesTest" file="/php/tests/Unit/CI/VariablesTest.php" line="146" assertions="1" time="0.053541"/>
        <testcase name="test_it_expands_variable_expressions" class="Tests\Unit\CI\VariablesTest" classname="Tests.Unit.CI.VariablesTest" file="/php/tests/Unit/CI/VariablesTest.php" line="163" assertions="7" time="0.052748"/>
        <testcase name="test_it_expands_multiple_variable_expressions" class="Tests\Unit\CI\VariablesTest" classname="Tests.Unit.CI.VariablesTest" file="/php/tests/Unit/CI/VariablesTest.php" line="179" assertions="1" time="0.052897"/>
      </testsuite>
      <testsuite name="Tests\Unit\CI\Yaml\DeprecationValidatorTest" file="/php/tests/Unit/CI/Yaml/DeprecationValidatorTest.php" tests="3" assertions="3" errors="0" warnings="0" failures="0" skipped="0" time="0.151924">
        <testcase name="test_valid_config_passes" class="Tests\Unit\CI\Yaml\DeprecationValidatorTest" classname="Tests.Unit.CI.Yaml.DeprecationValidatorTest" file="/php/tests/Unit/CI/Yaml/DeprecationValidatorTest.php" line="12" assertions="1" time="0.051122"/>
        <testcase name="test_it_throws_exception_on_invalid_yaml_syntax" class="Tests\Unit\CI\Yaml\DeprecationValidatorTest" classname="Tests.Unit.CI.Yaml.DeprecationValidatorTest" file="/php/tests/Unit/CI/Yaml/DeprecationValidatorTest.php" line="20" assertions="1" time="0.047475"/>
        <testcase name="test_it_validates_deprecated_workspace_option" class="Tests\Unit\CI\Yaml\DeprecationValidatorTest" classname="Tests.Unit.CI.Yaml.DeprecationValidatorTest" file="/php/tests/Unit/CI/Yaml/DeprecationValidatorTest.php" line="28" assertions="1" time="0.053328"/>
      </testsuite>
      <testsuite name="Tests\Unit\CI\Yaml\JobParserTest" file="/php/tests/Unit/CI/Yaml/JobParserTest.php" tests="7" assertions="18" errors="0" warnings="0" failures="0" skipped="0" time="0.476011">
        <testcase name="test_it_throws_exception_trying_to_get_undefined_job" class="Tests\Unit\CI\Yaml\JobParserTest" classname="Tests.Unit.CI.Yaml.JobParserTest" file="/php/tests/Unit/CI/Yaml/JobParserTest.php" line="16" assertions="2" time="0.057520"/>
        <testcase name="test_it_throws_exception_on_parse_error" class="Tests\Unit\CI\Yaml\JobParserTest" classname="Tests.Unit.CI.Yaml.JobParserTest" file="/php/tests/Unit/CI/Yaml/JobParserTest.php" line="26" assertions="1" time="0.056429"/>
        <testcase name="test_it_throws_exception_on_parse_error_use_recipe" class="Tests\Unit\CI\Yaml\JobParserTest" classname="Tests.Unit.CI.Yaml.JobParserTest" file="/php/tests/Unit/CI/Yaml/JobParserTest.php" line="35" assertions="1" time="0.089535"/>
        <testcase name="test_it_throws_exception_on_invalid_services" class="Tests\Unit\CI\Yaml\JobParserTest" classname="Tests.Unit.CI.Yaml.JobParserTest" file="/php/tests/Unit/CI/Yaml/JobParserTest.php" line="48" assertions="1" time="0.061189"/>
        <testcase name="test_it_throws_exception_on_invalid_command" class="Tests\Unit\CI\Yaml\JobParserTest" classname="Tests.Unit.CI.Yaml.JobParserTest" file="/php/tests/Unit/CI/Yaml/JobParserTest.php" line="57" assertions="1" time="0.061892"/>
        <testcase name="test_it_parses_job_config" class="Tests\Unit\CI\Yaml\JobParserTest" classname="Tests.Unit.CI.Yaml.JobParserTest" file="/php/tests/Unit/CI/Yaml/JobParserTest.php" line="66" assertions="9" time="0.094056"/>
        <testcase name="test_it_parses_services" class="Tests\Unit\CI\Yaml\JobParserTest" classname="Tests.Unit.CI.Yaml.JobParserTest" file="/php/tests/Unit/CI/Yaml/JobParserTest.php" line="77" assertions="3" time="0.055390"/>
      </testsuite>
      <testsuite name="Tests\Unit\CI\Yaml\ParserTest" file="/php/tests/Unit/CI/Yaml/ParserTest.php" tests="6" assertions="9" errors="0" warnings="0" failures="0" skipped="0" time="0.333542">
        <testcase name="test_it_parses_yaml_file" class="Tests\Unit\CI\Yaml\ParserTest" classname="Tests.Unit.CI.Yaml.ParserTest" file="/php/tests/Unit/CI/Yaml/ParserTest.php" line="15" assertions="1" time="0.051405"/>
        <testcase name="test_it_throws_error_on_invalid_yaml_syntax" class="Tests\Unit\CI\Yaml\ParserTest" classname="Tests.Unit.CI.Yaml.ParserTest" file="/php/tests/Unit/CI/Yaml/ParserTest.php" line="26" assertions="2" time="0.052086"/>
        <testcase name="test_it_gets_stages" class="Tests\Unit\CI\Yaml\ParserTest" classname="Tests.Unit.CI.Yaml.ParserTest" file="/php/tests/Unit/CI/Yaml/ParserTest.php" line="35" assertions="1" time="0.051866"/>
        <testcase name="test_it_gets_list_of_jobs" class="Tests\Unit\CI\Yaml\ParserTest" classname="Tests.Unit.CI.Yaml.ParserTest" file="/php/tests/Unit/CI/Yaml/ParserTest.php" line="44" assertions="1" time="0.056608"/>
        <testcase name="test_it_gets_list_of_jobs_using_recipe" class="Tests\Unit\CI\Yaml\ParserTest" classname="Tests.Unit.CI.Yaml.ParserTest" file="/php/tests/Unit/CI/Yaml/ParserTest.php" line="79" assertions="1" time="0.065520"/>
        <testcase name="test_it_gets_job_config" class="Tests\Unit\CI\Yaml\ParserTest" classname="Tests.Unit.CI.Yaml.ParserTest" file="/php/tests/Unit/CI/Yaml/ParserTest.php" line="117" assertions="3" time="0.056056"/>
      </testsuite>
      <testsuite name="Tests\Unit\CI\Yaml\RecipeTest" file="/php/tests/Unit/CI/Yaml/RecipeTest.php" tests="6" assertions="7" errors="0" warnings="0" failures="0" skipped="0" time="0.353366">
        <testcase name="test_it_parses_deploy_recipe_from_config" class="Tests\Unit\CI\Yaml\RecipeTest" classname="Tests.Unit.CI.Yaml.RecipeTest" file="/php/tests/Unit/CI/Yaml/RecipeTest.php" line="16" assertions="1" time="0.068546"/>
        <testcase name="test_it_parses_deploy_jobs_when_not_use_recipe" class="Tests\Unit\CI\Yaml\RecipeTest" classname="Tests.Unit.CI.Yaml.RecipeTest" file="/php/tests/Unit/CI/Yaml/RecipeTest.php" line="53" assertions="1" time="0.051307"/>
        <testcase name="test_it_parses_deploy_recipe_from_config_with_default_parameters" class="Tests\Unit\CI\Yaml\RecipeTest" classname="Tests.Unit.CI.Yaml.RecipeTest" file="/php/tests/Unit/CI/Yaml/RecipeTest.php" line="70" assertions="1" time="0.060378"/>
        <testcase name="test_it_parses_deploy_recipe_from_config_with_empty_value_parameters" class="Tests\Unit\CI\Yaml\RecipeTest" classname="Tests.Unit.CI.Yaml.RecipeTest" file="/php/tests/Unit/CI/Yaml/RecipeTest.php" line="107" assertions="1" time="0.059584"/>
        <testcase name="test_it_ignore_invalid_recipe_content" class="Tests\Unit\CI\Yaml\RecipeTest" classname="Tests.Unit.CI.Yaml.RecipeTest" file="/php/tests/Unit/CI/Yaml/RecipeTest.php" line="151" assertions="2" time="0.057980"/>
        <testcase name="test_it_throws_exception_when_recipe_not_found" class="Tests\Unit\CI\Yaml\RecipeTest" classname="Tests.Unit.CI.Yaml.RecipeTest" file="/php/tests/Unit/CI/Yaml/RecipeTest.php" line="167" assertions="1" time="0.055572"/>
      </testsuite>
      <testsuite name="Tests\Unit\CI\Yaml\ValidatorTest" file="/php/tests/Unit/CI/Yaml/ValidatorTest.php" tests="18" assertions="21" errors="0" warnings="0" failures="0" skipped="0" time="2.061030">
        <testcase name="test_valid_config_passes" class="Tests\Unit\CI\Yaml\ValidatorTest" classname="Tests.Unit.CI.Yaml.ValidatorTest" file="/php/tests/Unit/CI/Yaml/ValidatorTest.php" line="12" assertions="1" time="0.083127"/>
        <testcase name="test_it_throws_exception_on_invalid_yaml_syntax" class="Tests\Unit\CI\Yaml\ValidatorTest" classname="Tests.Unit.CI.Yaml.ValidatorTest" file="/php/tests/Unit/CI/Yaml/ValidatorTest.php" line="17" assertions="1" time="0.046041"/>
        <testcase name="test_it_validates_image" class="Tests\Unit\CI\Yaml\ValidatorTest" classname="Tests.Unit.CI.Yaml.ValidatorTest" file="/php/tests/Unit/CI/Yaml/ValidatorTest.php" line="25" assertions="1" time="0.098583"/>
        <testcase name="test_it_validates_entrypoint" class="Tests\Unit\CI\Yaml\ValidatorTest" classname="Tests.Unit.CI.Yaml.ValidatorTest" file="/php/tests/Unit/CI/Yaml/ValidatorTest.php" line="36" assertions="1" time="0.108399"/>
        <testcase name="test_it_validates_environment_variable" class="Tests\Unit\CI\Yaml\ValidatorTest" classname="Tests.Unit.CI.Yaml.ValidatorTest" file="/php/tests/Unit/CI/Yaml/ValidatorTest.php" line="48" assertions="1" time="0.112599"/>
        <testcase name="test_it_validates_job_script" class="Tests\Unit\CI\Yaml\ValidatorTest" classname="Tests.Unit.CI.Yaml.ValidatorTest" file="/php/tests/Unit/CI/Yaml/ValidatorTest.php" line="60" assertions="1" time="0.101487"/>
        <testcase name="test_it_validates_cache" class="Tests\Unit\CI\Yaml\ValidatorTest" classname="Tests.Unit.CI.Yaml.ValidatorTest" file="/php/tests/Unit/CI/Yaml/ValidatorTest.php" line="82" assertions="1" time="0.115749"/>
        <testcase name="test_it_validates_artifact" class="Tests\Unit\CI\Yaml\ValidatorTest" classname="Tests.Unit.CI.Yaml.ValidatorTest" file="/php/tests/Unit/CI/Yaml/ValidatorTest.php" line="96" assertions="1" time="0.124661"/>
        <testcase name="test_it_validates_coverage" class="Tests\Unit\CI\Yaml\ValidatorTest" classname="Tests.Unit.CI.Yaml.ValidatorTest" file="/php/tests/Unit/CI/Yaml/ValidatorTest.php" line="106" assertions="1" time="0.113375"/>
        <testcase name="test_it_validates_test_result" class="Tests\Unit\CI\Yaml\ValidatorTest" classname="Tests.Unit.CI.Yaml.ValidatorTest" file="/php/tests/Unit/CI/Yaml/ValidatorTest.php" line="120" assertions="1" time="0.113844"/>
        <testcase name="test_it_validates_services" class="Tests\Unit\CI\Yaml\ValidatorTest" classname="Tests.Unit.CI.Yaml.ValidatorTest" file="/php/tests/Unit/CI/Yaml/ValidatorTest.php" line="134" assertions="1" time="0.161810"/>
        <testcase name="test_it_validates_filters" class="Tests\Unit\CI\Yaml\ValidatorTest" classname="Tests.Unit.CI.Yaml.ValidatorTest" file="/php/tests/Unit/CI/Yaml/ValidatorTest.php" line="151" assertions="1" time="0.166403"/>
        <testcase name="test_it_can_validate_default_block" class="Tests\Unit\CI\Yaml\ValidatorTest" classname="Tests.Unit.CI.Yaml.ValidatorTest" file="/php/tests/Unit/CI/Yaml/ValidatorTest.php" line="181" assertions="1" time="0.082817"/>
        <testcase name="test_it_can_validate_default_services_block" class="Tests\Unit\CI\Yaml\ValidatorTest" classname="Tests.Unit.CI.Yaml.ValidatorTest" file="/php/tests/Unit/CI/Yaml/ValidatorTest.php" line="195" assertions="1" time="0.082825"/>
        <testcase name="test_it_validates_config_structure" class="Tests\Unit\CI\Yaml\ValidatorTest" classname="Tests.Unit.CI.Yaml.ValidatorTest" file="/php/tests/Unit/CI/Yaml/ValidatorTest.php" line="205" assertions="3" time="0.126350"/>
        <testcase name="test_it_can_validate_when_keyword" class="Tests\Unit\CI\Yaml\ValidatorTest" classname="Tests.Unit.CI.Yaml.ValidatorTest" file="/php/tests/Unit/CI/Yaml/ValidatorTest.php" line="228" assertions="2" time="0.263821"/>
        <testcase name="test_it_validates_registries" class="Tests\Unit\CI\Yaml\ValidatorTest" classname="Tests.Unit.CI.Yaml.ValidatorTest" file="/php/tests/Unit/CI/Yaml/ValidatorTest.php" line="249" assertions="1" time="0.072743"/>
        <testcase name="test_it_validates_recipe_config" class="Tests\Unit\CI\Yaml\ValidatorTest" classname="Tests.Unit.CI.Yaml.ValidatorTest" file="/php/tests/Unit/CI/Yaml/ValidatorTest.php" line="260" assertions="1" time="0.086398"/>
      </testsuite>
      <testsuite name="Tests\Unit\Git\Branch\GithubBranchTest" file="/php/tests/Unit/Git/Branch/GithubBranchTest.php" tests="1" assertions="3" errors="0" warnings="0" failures="0" skipped="0" time="0.054803">
        <testcase name="test_it_can_get_information_branch_gitlab" class="Tests\Unit\Git\Branch\GithubBranchTest" classname="Tests.Unit.Git.Branch.GithubBranchTest" file="/php/tests/Unit/Git/Branch/GithubBranchTest.php" line="24" assertions="3" time="0.054803"/>
      </testsuite>
      <testsuite name="Tests\Unit\Git\Branch\GitlabBranchTest" file="/php/tests/Unit/Git/Branch/GitlabBranchTest.php" tests="1" assertions="3" errors="0" warnings="0" failures="0" skipped="0" time="0.075164">
        <testcase name="test_it_can_get_information_branch_gitlab" class="Tests\Unit\Git\Branch\GitlabBranchTest" classname="Tests.Unit.Git.Branch.GitlabBranchTest" file="/php/tests/Unit/Git/Branch/GitlabBranchTest.php" line="24" assertions="3" time="0.075164"/>
      </testsuite>
      <testsuite name="Tests\Unit\Git\Commit\GithubCommitTest" file="/php/tests/Unit/Git/Commit/GithubCommitTest.php" tests="2" assertions="8" errors="0" warnings="0" failures="0" skipped="0" time="0.140192">
        <testcase name="test_it_get_latest_commit" class="Tests\Unit\Git\Commit\GithubCommitTest" classname="Tests.Unit.Git.Commit.GithubCommitTest" file="/php/tests/Unit/Git/Commit/GithubCommitTest.php" line="25" assertions="4" time="0.073949"/>
        <testcase name="test_it_get_latest_when_commit_null" class="Tests\Unit\Git\Commit\GithubCommitTest" classname="Tests.Unit.Git.Commit.GithubCommitTest" file="/php/tests/Unit/Git/Commit/GithubCommitTest.php" line="59" assertions="4" time="0.066243"/>
      </testsuite>
      <testsuite name="Tests\Unit\Git\Commit\GitlabCommitTest" file="/php/tests/Unit/Git/Commit/GitlabCommitTest.php" tests="2" assertions="8" errors="0" warnings="0" failures="0" skipped="0" time="0.136026">
        <testcase name="test_it_get_latest_commit" class="Tests\Unit\Git\Commit\GitlabCommitTest" classname="Tests.Unit.Git.Commit.GitlabCommitTest" file="/php/tests/Unit/Git/Commit/GitlabCommitTest.php" line="25" assertions="5" time="0.071821"/>
        <testcase name="test_it_get_latest_when_commit_null" class="Tests\Unit\Git\Commit\GitlabCommitTest" classname="Tests.Unit.Git.Commit.GitlabCommitTest" file="/php/tests/Unit/Git/Commit/GitlabCommitTest.php" line="60" assertions="3" time="0.064205"/>
      </testsuite>
      <testsuite name="Tests\Unit\Git\DeployKeys\GithubDeployKeysTest" file="/php/tests/Unit/Git/DeployKeys/GithubDeployKeysTest.php" tests="2" assertions="8" errors="0" warnings="0" failures="0" skipped="0" time="0.115970">
        <testcase name="test_it_can_create_deploy_keys" class="Tests\Unit\Git\DeployKeys\GithubDeployKeysTest" classname="Tests.Unit.Git.DeployKeys.GithubDeployKeysTest" file="/php/tests/Unit/Git/DeployKeys/GithubDeployKeysTest.php" line="24" assertions="4" time="0.061131"/>
        <testcase name="test_it_can_delete_deploy_keys" class="Tests\Unit\Git\DeployKeys\GithubDeployKeysTest" classname="Tests.Unit.Git.DeployKeys.GithubDeployKeysTest" file="/php/tests/Unit/Git/DeployKeys/GithubDeployKeysTest.php" line="47" assertions="4" time="0.054839"/>
      </testsuite>
      <testsuite name="Tests\Unit\Git\DeployKeys\GitlabDeployKeysTest" file="/php/tests/Unit/Git/DeployKeys/GitlabDeployKeysTest.php" tests="2" assertions="6" errors="0" warnings="0" failures="0" skipped="0" time="0.108819">
        <testcase name="test_it_can_create_deploy_keys" class="Tests\Unit\Git\DeployKeys\GitlabDeployKeysTest" classname="Tests.Unit.Git.DeployKeys.GitlabDeployKeysTest" file="/php/tests/Unit/Git/DeployKeys/GitlabDeployKeysTest.php" line="24" assertions="3" time="0.054452"/>
        <testcase name="test_it_can_delete_deploy_keys" class="Tests\Unit\Git\DeployKeys\GitlabDeployKeysTest" classname="Tests.Unit.Git.DeployKeys.GitlabDeployKeysTest" file="/php/tests/Unit/Git/DeployKeys/GitlabDeployKeysTest.php" line="44" assertions="3" time="0.054367"/>
      </testsuite>
      <testsuite name="Tests\Unit\Git\Files\GithubFilesTest" file="/php/tests/Unit/Git/Files/GithubFilesTest.php" tests="2" assertions="8" errors="0" warnings="0" failures="0" skipped="0" time="0.114273">
        <testcase name="test_it_get_content_file" class="Tests\Unit\Git\Files\GithubFilesTest" classname="Tests.Unit.Git.Files.GithubFilesTest" file="/php/tests/Unit/Git/Files/GithubFilesTest.php" line="25" assertions="4" time="0.060226"/>
        <testcase name="test_it_can_create_file" class="Tests\Unit\Git\Files\GithubFilesTest" classname="Tests.Unit.Git.Files.GithubFilesTest" file="/php/tests/Unit/Git/Files/GithubFilesTest.php" line="44" assertions="4" time="0.054047"/>
      </testsuite>
      <testsuite name="Tests\Unit\Git\Repositories\GithubRepositoriesTest" file="/php/tests/Unit/Git/Repositories/GithubRepositoriesTest.php" tests="5" assertions="17" errors="0" warnings="0" failures="0" skipped="0" time="0.235862">
        <testcase name="test_it_fetches_github_repositories" class="Tests\Unit\Git\Repositories\GithubRepositoriesTest" classname="Tests.Unit.Git.Repositories.GithubRepositoriesTest" file="/php/tests/Unit/Git/Repositories/GithubRepositoriesTest.php" line="17" assertions="4" time="0.049934"/>
        <testcase name="test_it_fetches_next_page_github_repositories" class="Tests\Unit\Git\Repositories\GithubRepositoriesTest" classname="Tests.Unit.Git.Repositories.GithubRepositoriesTest" file="/php/tests/Unit/Git/Repositories/GithubRepositoriesTest.php" line="75" assertions="2" time="0.047386"/>
        <testcase name="test_it_can_get_collaborators_of_repository" class="Tests\Unit\Git\Repositories\GithubRepositoriesTest" classname="Tests.Unit.Git.Repositories.GithubRepositoriesTest" file="/php/tests/Unit/Git/Repositories/GithubRepositoriesTest.php" line="123" assertions="6" time="0.045562"/>
        <testcase name="test_it_can_get_next_page_collaborators" class="Tests\Unit\Git\Repositories\GithubRepositoriesTest" classname="Tests.Unit.Git.Repositories.GithubRepositoriesTest" file="/php/tests/Unit/Git/Repositories/GithubRepositoriesTest.php" line="155" assertions="3" time="0.047312"/>
        <testcase name="test_it_can_check_for_next_page" class="Tests\Unit\Git\Repositories\GithubRepositoriesTest" classname="Tests.Unit.Git.Repositories.GithubRepositoriesTest" file="/php/tests/Unit/Git/Repositories/GithubRepositoriesTest.php" line="180" assertions="2" time="0.045668"/>
      </testsuite>
      <testsuite name="Tests\Unit\Git\Repositories\GitlabRepositoriesTest" file="/php/tests/Unit/Git/Repositories/GitlabRepositoriesTest.php" tests="1" assertions="3" errors="0" warnings="0" failures="0" skipped="0" time="0.051130">
        <testcase name="test_it_fetches_gitlab_repositories" class="Tests\Unit\Git\Repositories\GitlabRepositoriesTest" classname="Tests.Unit.Git.Repositories.GitlabRepositoriesTest" file="/php/tests/Unit/Git/Repositories/GitlabRepositoriesTest.php" line="16" assertions="3" time="0.051130"/>
      </testsuite>
      <testsuite name="Tests\Unit\Git\Statuses\GithubStatusesTest" file="/php/tests/Unit/Git/Statuses/GithubStatusesTest.php" tests="6" assertions="24" errors="0" warnings="0" failures="0" skipped="0" time="0.389084">
        <testsuite name="Tests\Unit\Git\Statuses\GithubStatusesTest::test_it_can_create_build_status" tests="6" assertions="24" errors="0" warnings="0" failures="0" skipped="0" time="0.389084">
          <testcase name="test_it_can_create_build_status with data set #0" class="Tests\Unit\Git\Statuses\GithubStatusesTest" classname="Tests.Unit.Git.Statuses.GithubStatusesTest" file="/php/tests/Unit/Git/Statuses/GithubStatusesTest.php" line="24" assertions="4" time="0.075648"/>
          <testcase name="test_it_can_create_build_status with data set #1" class="Tests\Unit\Git\Statuses\GithubStatusesTest" classname="Tests.Unit.Git.Statuses.GithubStatusesTest" file="/php/tests/Unit/Git/Statuses/GithubStatusesTest.php" line="24" assertions="4" time="0.062195"/>
          <testcase name="test_it_can_create_build_status with data set #2" class="Tests\Unit\Git\Statuses\GithubStatusesTest" classname="Tests.Unit.Git.Statuses.GithubStatusesTest" file="/php/tests/Unit/Git/Statuses/GithubStatusesTest.php" line="24" assertions="4" time="0.062722"/>
          <testcase name="test_it_can_create_build_status with data set #3" class="Tests\Unit\Git\Statuses\GithubStatusesTest" classname="Tests.Unit.Git.Statuses.GithubStatusesTest" file="/php/tests/Unit/Git/Statuses/GithubStatusesTest.php" line="24" assertions="4" time="0.064260"/>
          <testcase name="test_it_can_create_build_status with data set #4" class="Tests\Unit\Git\Statuses\GithubStatusesTest" classname="Tests.Unit.Git.Statuses.GithubStatusesTest" file="/php/tests/Unit/Git/Statuses/GithubStatusesTest.php" line="24" assertions="4" time="0.062841"/>
          <testcase name="test_it_can_create_build_status with data set #5" class="Tests\Unit\Git\Statuses\GithubStatusesTest" classname="Tests.Unit.Git.Statuses.GithubStatusesTest" file="/php/tests/Unit/Git/Statuses/GithubStatusesTest.php" line="24" assertions="4" time="0.061418"/>
        </testsuite>
      </testsuite>
      <testsuite name="Tests\Unit\Git\Statuses\GitlabStatusesTest" file="/php/tests/Unit/Git/Statuses/GitlabStatusesTest.php" tests="5" assertions="15" errors="0" warnings="0" failures="0" skipped="0" time="0.313443">
        <testsuite name="Tests\Unit\Git\Statuses\GitlabStatusesTest::test_it_can_create_build_status" tests="5" assertions="15" errors="0" warnings="0" failures="0" skipped="0" time="0.313443">
          <testcase name="test_it_can_create_build_status with data set #0" class="Tests\Unit\Git\Statuses\GitlabStatusesTest" classname="Tests.Unit.Git.Statuses.GitlabStatusesTest" file="/php/tests/Unit/Git/Statuses/GitlabStatusesTest.php" line="29" assertions="3" time="0.062158"/>
          <testcase name="test_it_can_create_build_status with data set #1" class="Tests\Unit\Git\Statuses\GitlabStatusesTest" classname="Tests.Unit.Git.Statuses.GitlabStatusesTest" file="/php/tests/Unit/Git/Statuses/GitlabStatusesTest.php" line="29" assertions="3" time="0.062756"/>
          <testcase name="test_it_can_create_build_status with data set #2" class="Tests\Unit\Git\Statuses\GitlabStatusesTest" classname="Tests.Unit.Git.Statuses.GitlabStatusesTest" file="/php/tests/Unit/Git/Statuses/GitlabStatusesTest.php" line="29" assertions="3" time="0.062195"/>
          <testcase name="test_it_can_create_build_status with data set #3" class="Tests\Unit\Git\Statuses\GitlabStatusesTest" classname="Tests.Unit.Git.Statuses.GitlabStatusesTest" file="/php/tests/Unit/Git/Statuses/GitlabStatusesTest.php" line="29" assertions="3" time="0.063325"/>
          <testcase name="test_it_can_create_build_status with data set #4" class="Tests\Unit\Git\Statuses\GitlabStatusesTest" classname="Tests.Unit.Git.Statuses.GitlabStatusesTest" file="/php/tests/Unit/Git/Statuses/GitlabStatusesTest.php" line="29" assertions="3" time="0.063010"/>
        </testsuite>
      </testsuite>
      <testsuite name="Tests\Unit\Git\Trees\GithubTreesTest" file="/php/tests/Unit/Git/Trees/GithubTreesTest.php" tests="2" assertions="8" errors="0" warnings="0" failures="0" skipped="0" time="0.120282">
        <testcase name="test_it_can_get_github_tree" class="Tests\Unit\Git\Trees\GithubTreesTest" classname="Tests.Unit.Git.Trees.GithubTreesTest" file="/php/tests/Unit/Git/Trees/GithubTreesTest.php" line="16" assertions="4" time="0.062919"/>
        <testcase name="test_it_throw_exception_when_get_github_tree" class="Tests\Unit\Git\Trees\GithubTreesTest" classname="Tests.Unit.Git.Trees.GithubTreesTest" file="/php/tests/Unit/Git/Trees/GithubTreesTest.php" line="31" assertions="4" time="0.057363"/>
      </testsuite>
      <testsuite name="Tests\Unit\Git\Trees\GitlabTreesTest" file="/php/tests/Unit/Git/Trees/GitlabTreesTest.php" tests="1" assertions="5" errors="0" warnings="0" failures="0" skipped="0" time="0.071092">
        <testcase name="test_it_can_get_gitlab_tree" class="Tests\Unit\Git\Trees\GitlabTreesTest" classname="Tests.Unit.Git.Trees.GitlabTreesTest" file="/php/tests/Unit/Git/Trees/GitlabTreesTest.php" line="25" assertions="5" time="0.071092"/>
      </testsuite>
      <testsuite name="Tests\Unit\Git\User\GithubUserTest" file="/php/tests/Unit/Git/User/GithubUserTest.php" tests="1" assertions="8" errors="0" warnings="0" failures="0" skipped="0" time="0.051342">
        <testcase name="test_it_get_github_user" class="Tests\Unit\Git\User\GithubUserTest" classname="Tests.Unit.Git.User.GithubUserTest" file="/php/tests/Unit/Git/User/GithubUserTest.php" line="21" assertions="8" time="0.051342"/>
      </testsuite>
      <testsuite name="Tests\Unit\Git\User\GitlabUserTest" file="/php/tests/Unit/Git/User/GitlabUserTest.php" tests="1" assertions="8" errors="0" warnings="0" failures="0" skipped="0" time="0.057131">
        <testcase name="test_it_get_gitlab_user" class="Tests\Unit\Git\User\GitlabUserTest" classname="Tests.Unit.Git.User.GitlabUserTest" file="/php/tests/Unit/Git/User/GitlabUserTest.php" line="17" assertions="8" time="0.057131"/>
      </testsuite>
      <testsuite name="Tests\Unit\Git\Webhooks\GitlabWebhooksTest" file="/php/tests/Unit/Git/Webhooks/GitlabWebhooksTest.php" tests="2" assertions="6" errors="0" warnings="0" failures="0" skipped="0" time="0.120630">
        <testcase name="test_it_can_create_webhook" class="Tests\Unit\Git\Webhooks\GitlabWebhooksTest" classname="Tests.Unit.Git.Webhooks.GitlabWebhooksTest" file="/php/tests/Unit/Git/Webhooks/GitlabWebhooksTest.php" line="23" assertions="3" time="0.059527"/>
        <testcase name="test_it_can_delete_webhook" class="Tests\Unit\Git\Webhooks\GitlabWebhooksTest" classname="Tests.Unit.Git.Webhooks.GitlabWebhooksTest" file="/php/tests/Unit/Git/Webhooks/GitlabWebhooksTest.php" line="36" assertions="3" time="0.061102"/>
      </testsuite>
      <testsuite name="Tests\Unit\Git\Branch\SlackMessagesTest" file="/php/tests/Unit/Notification/Messages/SlackMessagesTest.php" tests="1" assertions="3" errors="0" warnings="0" failures="0" skipped="0" time="0.062149">
        <testcase name="test_it_can_send_message_to_slack" class="Tests\Unit\Git\Branch\SlackMessagesTest" classname="Tests.Unit.Git.Branch.SlackMessagesTest" file="/php/tests/Unit/Notification/Messages/SlackMessagesTest.php" line="28" assertions="3" time="0.062149"/>
      </testsuite>
      <testsuite name="Tests\Unit\Git\Branch\NotificationServiceTest" file="/php/tests/Unit/Notification/NotificationServiceTest.php" tests="3" assertions="3" errors="0" warnings="0" failures="0" skipped="0" time="0.154847">
        <testcase name="test_it_get_slack_notification_service" class="Tests\Unit\Git\Branch\NotificationServiceTest" classname="Tests.Unit.Git.Branch.NotificationServiceTest" file="/php/tests/Unit/Notification/NotificationServiceTest.php" line="22" assertions="1" time="0.053280"/>
        <testsuite name="Tests\Unit\Git\Branch\NotificationServiceTest::test_it_can_check_supported_provider" tests="1" assertions="1" errors="0" warnings="0" failures="0" skipped="0" time="0.048743">
          <testcase name="test_it_can_check_supported_provider with data set #0" class="Tests\Unit\Git\Branch\NotificationServiceTest" classname="Tests.Unit.Git.Branch.NotificationServiceTest" file="/php/tests/Unit/Notification/NotificationServiceTest.php" line="32" assertions="1" time="0.048743"/>
        </testsuite>
        <testcase name="test_it_can_check_unsupported_provider" class="Tests\Unit\Git\Branch\NotificationServiceTest" classname="Tests.Unit.Git.Branch.NotificationServiceTest" file="/php/tests/Unit/Notification/NotificationServiceTest.php" line="37" assertions="1" time="0.052824"/>
      </testsuite>
      <testsuite name="Tests\Unit\Support\HelpersTest" file="/php/tests/Unit/Support/HelpersTest.php" tests="3" assertions="5" errors="0" warnings="0" failures="0" skipped="0" time="0.148850">
        <testcase name="test_it_can_format_carbon_interface_timestamp" class="Tests\Unit\Support\HelpersTest" classname="Tests.Unit.Support.HelpersTest" file="/php/tests/Unit/Support/HelpersTest.php" line="10" assertions="2" time="0.048085"/>
        <testcase name="test_it_can_string_format_timestamp" class="Tests\Unit\Support\HelpersTest" classname="Tests.Unit.Support.HelpersTest" file="/php/tests/Unit/Support/HelpersTest.php" line="17" assertions="2" time="0.050455"/>
        <testcase name="test_it_ignore_invalid_string" class="Tests\Unit\Support\HelpersTest" classname="Tests.Unit.Support.HelpersTest" file="/php/tests/Unit/Support/HelpersTest.php" line="24" assertions="1" time="0.050310"/>
      </testsuite>
      <testsuite name="Tests\Unit\Support\IterateesTest" file="/php/tests/Unit/Support/IterateesTest.php" tests="1" assertions="1" errors="0" warnings="0" failures="0" skipped="0" time="0.048989">
        <testcase name="test_it_can_find_matched_iteration" class="Tests\Unit\Support\IterateesTest" classname="Tests.Unit.Support.IterateesTest" file="/php/tests/Unit/Support/IterateesTest.php" line="11" assertions="1" time="0.048989"/>
      </testsuite>
      <testsuite name="Tests\Unit\Support\MathTest" file="/php/tests/Unit/Support/MathTest.php" tests="1" assertions="3" errors="0" warnings="0" failures="0" skipped="0" time="0.047726">
        <testcase name="test_it_can_clamp" class="Tests\Unit\Support\MathTest" classname="Tests.Unit.Support.MathTest" file="/php/tests/Unit/Support/MathTest.php" line="10" assertions="3" time="0.047726"/>
      </testsuite>
      <testsuite name="Tests\Unit\Support\RSATest" file="/php/tests/Unit/Support/RSATest.php" tests="1" assertions="3" errors="0" warnings="0" failures="0" skipped="0" time="0.201984">
        <testcase name="test_it_can_generate_privatekey_and_publickey" class="Tests\Unit\Support\RSATest" classname="Tests.Unit.Support.RSATest" file="/php/tests/Unit/Support/RSATest.php" line="10" assertions="3" time="0.201984"/>
      </testsuite>
    </testsuite>
    <testsuite name="Feature" tests="467" assertions="8062" errors="1" warnings="0" failures="5" skipped="0" time="52.980093">
      <testsuite name="Tests\Feature\CI\ProcessArtifactsTest" file="/php/tests/Feature/CI/ProcessArtifactsTest.php" tests="4" assertions="4" errors="1" warnings="0" failures="0" skipped="0" time="0.450343">
        <testcase name="test_it_can_save_coverage" class="Tests\Feature\CI\ProcessArtifactsTest" classname="Tests.Feature.CI.ProcessArtifactsTest" file="/php/tests/Feature/CI/ProcessArtifactsTest.php" line="23" assertions="2" time="0.126319"/>
        <testcase name="test_it_can_save_test_result" class="Tests\Feature\CI\ProcessArtifactsTest" classname="Tests.Feature.CI.ProcessArtifactsTest" file="/php/tests/Feature/CI/ProcessArtifactsTest.php" line="45" assertions="0" time="0.113893">
          <error type="Illuminate\Database\QueryException">Tests\Feature\CI\ProcessArtifactsTest::test_it_can_save_test_result
Illuminate\Database\QueryException: SQLSTATE[22P02]: Invalid text representation: 7 ERROR:  invalid input syntax for type integer: "132.181903" (SQL: insert into "test_results" ("job_id", "tests", "assertions", "errors", "warnings", "failures", "skipped", "time", "updated_at", "created_at") values (33316, 630, 6423, 0, 0, 11, 0, 132.181903, 2021-10-21 07:12:27, 2021-10-21 07:12:27) returning "id")

/php/vendor/laravel/framework/src/Illuminate/Database/Connection.php:692
/php/vendor/laravel/framework/src/Illuminate/Database/Connection.php:652
/php/vendor/laravel/framework/src/Illuminate/Database/Connection.php:360
/php/vendor/laravel/framework/src/Illuminate/Database/Connection.php:330
/php/vendor/laravel/framework/src/Illuminate/Database/Query/Processors/PostgresProcessor.php:24
/php/vendor/laravel/framework/src/Illuminate/Database/Query/Builder.php:2964
/php/vendor/laravel/framework/src/Illuminate/Database/Eloquent/Builder.php:1628
/php/vendor/laravel/framework/src/Illuminate/Database/Eloquent/Model.php:1180
/php/vendor/laravel/framework/src/Illuminate/Database/Eloquent/Model.php:1145
/php/vendor/laravel/framework/src/Illuminate/Database/Eloquent/Model.php:986
/php/vendor/laravel/framework/src/Illuminate/Database/Eloquent/Builder.php:499
/php/vendor/laravel/framework/src/Illuminate/Support/helpers.php:263
/php/vendor/laravel/framework/src/Illuminate/Database/Eloquent/Builder.php:500
/php/vendor/laravel/framework/src/Illuminate/Support/Traits/ForwardsCalls.php:23
/php/vendor/laravel/framework/src/Illuminate/Database/Eloquent/Model.php:2091
/php/vendor/laravel/framework/src/Illuminate/Database/Eloquent/Model.php:2103
/php/app/CI/ProcessArtifacts.php:66
/php/tests/Feature/CI/ProcessArtifactsTest.php:54</error>
        </testcase>
        <testcase name="test_it_ignore_unsupported_metric" class="Tests\Feature\CI\ProcessArtifactsTest" classname="Tests.Feature.CI.ProcessArtifactsTest" file="/php/tests/Feature/CI/ProcessArtifactsTest.php" line="67" assertions="1" time="0.119189"/>
        <testcase name="test_it_ignore_when_coverage_file_is_not_found" class="Tests\Feature\CI\ProcessArtifactsTest" classname="Tests.Feature.CI.ProcessArtifactsTest" file="/php/tests/Feature/CI/ProcessArtifactsTest.php" line="83" assertions="1" time="0.090943"/>
      </testsuite>
      <testsuite name="Tests\Feature\CI\Webhooks\GitlabWebhookTest" file="/php/tests/Feature/CI/Webhooks/GitlabWebhookTest.php" tests="8" assertions="19" errors="0" warnings="0" failures="0" skipped="0" time="0.620796">
        <testcase name="test_it_verifies_signature" class="Tests\Feature\CI\Webhooks\GitlabWebhookTest" classname="Tests.Feature.CI.Webhooks.GitlabWebhookTest" file="/php/tests/Feature/CI/Webhooks/GitlabWebhookTest.php" line="23" assertions="2" time="0.111677"/>
        <testcase name="test_it_ignores_malformed_payload" class="Tests\Feature\CI\Webhooks\GitlabWebhookTest" classname="Tests.Feature.CI.Webhooks.GitlabWebhookTest" file="/php/tests/Feature/CI/Webhooks/GitlabWebhookTest.php" line="48" assertions="1" time="0.063643"/>
        <testcase name="test_it_processes_merge_request_open_event" class="Tests\Feature\CI\Webhooks\GitlabWebhookTest" classname="Tests.Feature.CI.Webhooks.GitlabWebhookTest" file="/php/tests/Feature/CI/Webhooks/GitlabWebhookTest.php" line="58" assertions="2" time="0.080166"/>
        <testcase name="test_it_processes_merge_request_update_event" class="Tests\Feature\CI\Webhooks\GitlabWebhookTest" classname="Tests.Feature.CI.Webhooks.GitlabWebhookTest" file="/php/tests/Feature/CI/Webhooks/GitlabWebhookTest.php" line="65" assertions="2" time="0.071534"/>
        <testcase name="test_it_doesnt_process_other_merge_request_events" class="Tests\Feature\CI\Webhooks\GitlabWebhookTest" classname="Tests.Feature.CI.Webhooks.GitlabWebhookTest" file="/php/tests/Feature/CI/Webhooks/GitlabWebhookTest.php" line="75" assertions="6" time="0.086046"/>
        <testcase name="test_it_processes_push_event" class="Tests\Feature\CI\Webhooks\GitlabWebhookTest" classname="Tests.Feature.CI.Webhooks.GitlabWebhookTest" file="/php/tests/Feature/CI/Webhooks/GitlabWebhookTest.php" line="93" assertions="2" time="0.069513"/>
        <testcase name="test_it_doesnt_process_merge_request_events_which_only_update_description" class="Tests\Feature\CI\Webhooks\GitlabWebhookTest" classname="Tests.Feature.CI.Webhooks.GitlabWebhookTest" file="/php/tests/Feature/CI/Webhooks/GitlabWebhookTest.php" line="100" assertions="2" time="0.071011"/>
        <testcase name="test_it_doesnt_process_push_events_which_only_delete_branch" class="Tests\Feature\CI\Webhooks\GitlabWebhookTest" classname="Tests.Feature.CI.Webhooks.GitlabWebhookTest" file="/php/tests/Feature/CI/Webhooks/GitlabWebhookTest.php" line="109" assertions="2" time="0.067205"/>
      </testsuite>
      <testsuite name="Tests\Feature\Console\ClearArtifactsCommandTest" file="/php/tests/Feature/Console/ClearArtifactsCommandTest.php" tests="1" assertions="2" errors="0" warnings="0" failures="0" skipped="0" time="0.223798">
        <testcase name="test_it_can_remove_expired_artifact" class="Tests\Feature\Console\ClearArtifactsCommandTest" classname="Tests.Feature.Console.ClearArtifactsCommandTest" file="/php/tests/Feature/Console/ClearArtifactsCommandTest.php" line="17" assertions="2" time="0.223798"/>
      </testsuite>
      <testsuite name="Tests\Feature\Console\DownCommandTest" file="/php/tests/Feature/Console/DownCommandTest.php" tests="2" assertions="4" errors="0" warnings="0" failures="0" skipped="0" time="0.188955">
        <testcase name="test_it_checks_for_maintenance_mode" class="Tests\Feature\Console\DownCommandTest" classname="Tests.Feature.Console.DownCommandTest" file="/php/tests/Feature/Console/DownCommandTest.php" line="13" assertions="2" time="0.086349"/>
        <testcase name="test_it_brings_server_out_of_maintenance_mode" class="Tests\Feature\Console\DownCommandTest" classname="Tests.Feature.Console.DownCommandTest" file="/php/tests/Feature/Console/DownCommandTest.php" line="22" assertions="2" time="0.102605"/>
      </testsuite>
      <testsuite name="Tests\Feature\Console\FreeStuckJobsCommandTest" file="/php/tests/Feature/Console/FreeStuckJobsCommandTest.php" tests="2" assertions="7" errors="0" warnings="0" failures="0" skipped="0" time="0.285183">
        <testcase name="test_it_can_free_stuck_jobs" class="Tests\Feature\Console\FreeStuckJobsCommandTest" classname="Tests.Feature.Console.FreeStuckJobsCommandTest" file="/php/tests/Feature/Console/FreeStuckJobsCommandTest.php" line="31" assertions="5" time="0.171273"/>
        <testcase name="test_it_ignore_when_catch_exception" class="Tests\Feature\Console\FreeStuckJobsCommandTest" classname="Tests.Feature.Console.FreeStuckJobsCommandTest" file="/php/tests/Feature/Console/FreeStuckJobsCommandTest.php" line="47" assertions="2" time="0.113910"/>
      </testsuite>
      <testsuite name="Tests\Feature\Console\KernelTest" file="/php/tests/Feature/Console/KernelTest.php" tests="1" assertions="1" errors="0" warnings="0" failures="0" skipped="0" time="0.054926">
        <testcase name="test_it_has_scheduled_telescope_tasks" class="Tests\Feature\Console\KernelTest" classname="Tests.Feature.Console.KernelTest" file="/php/tests/Feature/Console/KernelTest.php" line="9" assertions="1" time="0.054926"/>
      </testsuite>
      <testsuite name="Tests\Feature\Console\RemoveExpireJobLogsTest" file="/php/tests/Feature/Console/RemoveExpireJobLogsTest.php" tests="2" assertions="5" errors="0" warnings="0" failures="0" skipped="0" time="0.401653">
        <testcase name="test_it_can_remove_expired_job_logs" class="Tests\Feature\Console\RemoveExpireJobLogsTest" classname="Tests.Feature.Console.RemoveExpireJobLogsTest" file="/php/tests/Feature/Console/RemoveExpireJobLogsTest.php" line="27" assertions="3" time="0.202585"/>
        <testcase name="test_it_can_update_log_stage_when_file_not_found" class="Tests\Feature\Console\RemoveExpireJobLogsTest" classname="Tests.Feature.Console.RemoveExpireJobLogsTest" file="/php/tests/Feature/Console/RemoveExpireJobLogsTest.php" line="47" assertions="2" time="0.199067"/>
      </testsuite>
      <testsuite name="Tests\Feature\Console\SummaryBuildsWeeklyTest" file="/php/tests/Feature/Console/SummaryBuildsWeeklyTest.php" tests="1" assertions="2" errors="0" warnings="0" failures="0" skipped="0" time="0.078714">
        <testcase name="test_it_can_send_report_to_user" class="Tests\Feature\Console\SummaryBuildsWeeklyTest" classname="Tests.Feature.Console.SummaryBuildsWeeklyTest" file="/php/tests/Feature/Console/SummaryBuildsWeeklyTest.php" line="24" assertions="2" time="0.078714"/>
      </testsuite>
      <testsuite name="Tests\Feature\Console\UpCommandTest" file="/php/tests/Feature/Console/UpCommandTest.php" tests="2" assertions="4" errors="0" warnings="0" failures="0" skipped="0" time="0.180475">
        <testcase name="test_it_checks_for_maintenance_mode" class="Tests\Feature\Console\UpCommandTest" classname="Tests.Feature.Console.UpCommandTest" file="/php/tests/Feature/Console/UpCommandTest.php" line="13" assertions="2" time="0.079279"/>
        <testcase name="test_it_brings_server_out_of_maintenance_mode" class="Tests\Feature\Console\UpCommandTest" classname="Tests.Feature.Console.UpCommandTest" file="/php/tests/Feature/Console/UpCommandTest.php" line="20" assertions="2" time="0.101196"/>
      </testsuite>
      <testsuite name="Tests\Feature\Http\Admin\Artifacts\ListDirTest" file="/php/tests/Feature/Http/Admin/Artifacts/ListDirTest.php" tests="2" assertions="4" errors="0" warnings="0" failures="0" skipped="0" time="0.195040">
        <testcase name="test_it_abort_if_non_admin_user_request" class="Tests\Feature\Http\Admin\Artifacts\ListDirTest" classname="Tests.Feature.Http.Admin.Artifacts.ListDirTest" file="/php/tests/Feature/Http/Admin/Artifacts/ListDirTest.php" line="22" assertions="1" time="0.103446"/>
        <testcase name="test_it_can_get_list_dir_artifacts" class="Tests\Feature\Http\Admin\Artifacts\ListDirTest" classname="Tests.Feature.Http.Admin.Artifacts.ListDirTest" file="/php/tests/Feature/Http/Admin/Artifacts/ListDirTest.php" line="32" assertions="3" time="0.091594"/>
      </testsuite>
      <testsuite name="Tests\Feature\Http\Admin\Builds\CancelTest" file="/php/tests/Feature/Http/Admin/Builds/CancelTest.php" tests="2" assertions="38" errors="0" warnings="0" failures="0" skipped="0" time="0.456373">
        <testcase name="test_it_is_forbidden_from_unauthorized_request" class="Tests\Feature\Http\Admin\Builds\CancelTest" classname="Tests.Feature.Http.Admin.Builds.CancelTest" file="/php/tests/Feature/Http/Admin/Builds/CancelTest.php" line="34" assertions="1" time="0.083651"/>
        <testcase name="test_it_can_cancel_build" class="Tests\Feature\Http\Admin\Builds\CancelTest" classname="Tests.Feature.Http.Admin.Builds.CancelTest" file="/php/tests/Feature/Http/Admin/Builds/CancelTest.php" line="43" assertions="37" time="0.372722"/>
      </testsuite>
      <testsuite name="Tests\Feature\Http\Admin\Builds\RetryTest" file="/php/tests/Feature/Http/Admin/Builds/RetryTest.php" tests="3" assertions="69" errors="0" warnings="0" failures="0" skipped="0" time="0.381230">
        <testcase name="test_it_is_forbidden_from_unauthorized_request" class="Tests\Feature\Http\Admin\Builds\RetryTest" classname="Tests.Feature.Http.Admin.Builds.RetryTest" file="/php/tests/Feature/Http/Admin/Builds/RetryTest.php" line="31" assertions="1" time="0.086643"/>
        <testsuite name="Tests\Feature\Http\Admin\Builds\RetryTest::test_it_can_retry_build" tests="2" assertions="68" errors="0" warnings="0" failures="0" skipped="0" time="0.294587">
          <testcase name="test_it_can_retry_build with data set #0" class="Tests\Feature\Http\Admin\Builds\RetryTest" classname="Tests.Feature.Http.Admin.Builds.RetryTest" file="/php/tests/Feature/Http/Admin/Builds/RetryTest.php" line="44" assertions="34" time="0.142878"/>
          <testcase name="test_it_can_retry_build with data set #1" class="Tests\Feature\Http\Admin\Builds\RetryTest" classname="Tests.Feature.Http.Admin.Builds.RetryTest" file="/php/tests/Feature/Http/Admin/Builds/RetryTest.php" line="44" assertions="34" time="0.151709"/>
        </testsuite>
      </testsuite>
      <testsuite name="Tests\Feature\Http\Admin\Builds\ShowAllTest" file="/php/tests/Feature/Http/Admin/Builds/ShowAllTest.php" tests="2" assertions="304" errors="0" warnings="0" failures="0" skipped="0" time="0.258777">
        <testcase name="test_it_is_forbidden_from_unauthorized_request" class="Tests\Feature\Http\Admin\Builds\ShowAllTest" classname="Tests.Feature.Http.Admin.Builds.ShowAllTest" file="/php/tests/Feature/Http/Admin/Builds/ShowAllTest.php" line="13" assertions="1" time="0.072603"/>
        <testcase name="test_it_can_show_all_builds" class="Tests\Feature\Http\Admin\Builds\ShowAllTest" classname="Tests.Feature.Http.Admin.Builds.ShowAllTest" file="/php/tests/Feature/Http/Admin/Builds/ShowAllTest.php" line="22" assertions="303" time="0.186174"/>
      </testsuite>
      <testsuite name="Tests\Feature\Http\Admin\Jobs\CancelTest" file="/php/tests/Feature/Http/Admin/Jobs/CancelTest.php" tests="6" assertions="12" errors="0" warnings="0" failures="0" skipped="0" time="0.642832">
        <testcase name="test_it_is_forbidden_from_unauthorized_request" class="Tests\Feature\Http\Admin\Jobs\CancelTest" classname="Tests.Feature.Http.Admin.Jobs.CancelTest" file="/php/tests/Feature/Http/Admin/Jobs/CancelTest.php" line="28" assertions="1" time="0.089733"/>
        <testsuite name="Tests\Feature\Http\Admin\Jobs\CancelTest::test_it_checks_for_job_status" tests="3" assertions="3" errors="0" warnings="0" failures="0" skipped="0" time="0.286116">
          <testcase name="test_it_checks_for_job_status with data set #0" class="Tests\Feature\Http\Admin\Jobs\CancelTest" classname="Tests.Feature.Http.Admin.Jobs.CancelTest" file="/php/tests/Feature/Http/Admin/Jobs/CancelTest.php" line="41" assertions="1" time="0.086603"/>
          <testcase name="test_it_checks_for_job_status with data set #1" class="Tests\Feature\Http\Admin\Jobs\CancelTest" classname="Tests.Feature.Http.Admin.Jobs.CancelTest" file="/php/tests/Feature/Http/Admin/Jobs/CancelTest.php" line="41" assertions="1" time="0.105824"/>
          <testcase name="test_it_checks_for_job_status with data set #2" class="Tests\Feature\Http\Admin\Jobs\CancelTest" classname="Tests.Feature.Http.Admin.Jobs.CancelTest" file="/php/tests/Feature/Http/Admin/Jobs/CancelTest.php" line="41" assertions="1" time="0.093689"/>
        </testsuite>
        <testcase name="test_it_cancel_a_single_job" class="Tests\Feature\Http\Admin\Jobs\CancelTest" classname="Tests.Feature.Http.Admin.Jobs.CancelTest" file="/php/tests/Feature/Http/Admin/Jobs/CancelTest.php" line="56" assertions="4" time="0.141435"/>
        <testcase name="test_it_updates_build_status_when_cancelling_last_job" class="Tests\Feature\Http\Admin\Jobs\CancelTest" classname="Tests.Feature.Http.Admin.Jobs.CancelTest" file="/php/tests/Feature/Http/Admin/Jobs/CancelTest.php" line="77" assertions="4" time="0.125548"/>
      </testsuite>
      <testsuite name="Tests\Feature\Http\Admin\Jobs\RetryTest" file="/php/tests/Feature/Http/Admin/Jobs/RetryTest.php" tests="4" assertions="55" errors="0" warnings="0" failures="0" skipped="0" time="0.468158">
        <testcase name="test_it_is_forbidden_from_unauthorized_request" class="Tests\Feature\Http\Admin\Jobs\RetryTest" classname="Tests.Feature.Http.Admin.Jobs.RetryTest" file="/php/tests/Feature/Http/Admin/Jobs/RetryTest.php" line="28" assertions="1" time="0.088306"/>
        <testsuite name="Tests\Feature\Http\Admin\Jobs\RetryTest::test_it_retry_a_single_job" tests="3" assertions="54" errors="0" warnings="0" failures="0" skipped="0" time="0.379852">
          <testcase name="test_it_retry_a_single_job with data set #0" class="Tests\Feature\Http\Admin\Jobs\RetryTest" classname="Tests.Feature.Http.Admin.Jobs.RetryTest" file="/php/tests/Feature/Http/Admin/Jobs/RetryTest.php" line="41" assertions="18" time="0.119594"/>
          <testcase name="test_it_retry_a_single_job with data set #1" class="Tests\Feature\Http\Admin\Jobs\RetryTest" classname="Tests.Feature.Http.Admin.Jobs.RetryTest" file="/php/tests/Feature/Http/Admin/Jobs/RetryTest.php" line="41" assertions="18" time="0.127618"/>
          <testcase name="test_it_retry_a_single_job with data set #2" class="Tests\Feature\Http\Admin\Jobs\RetryTest" classname="Tests.Feature.Http.Admin.Jobs.RetryTest" file="/php/tests/Feature/Http/Admin/Jobs/RetryTest.php" line="41" assertions="18" time="0.132640"/>
        </testsuite>
      </testsuite>
      <testsuite name="Tests\Feature\Http\Admin\Recipes\Categories\GetTest" file="/php/tests/Feature/Http/Admin/Recipes/Categories/GetTest.php" tests="2" assertions="13" errors="0" warnings="0" failures="0" skipped="0" time="0.153488">
        <testcase name="test_it_is_forbidden_from_unauthorized_request" class="Tests\Feature\Http\Admin\Recipes\Categories\GetTest" classname="Tests.Feature.Http.Admin.Recipes.Categories.GetTest" file="/php/tests/Feature/Http/Admin/Recipes/Categories/GetTest.php" line="14" assertions="1" time="0.070973"/>
        <testcase name="test_it_can_get_list_recipe_category" class="Tests\Feature\Http\Admin\Recipes\Categories\GetTest" classname="Tests.Feature.Http.Admin.Recipes.Categories.GetTest" file="/php/tests/Feature/Http/Admin/Recipes/Categories/GetTest.php" line="25" assertions="12" time="0.082515"/>
      </testsuite>
      <testsuite name="Tests\Feature\Http\Admin\Recipes\GetTest" file="/php/tests/Feature/Http/Admin/Recipes/GetTest.php" tests="5" assertions="207" errors="0" warnings="0" failures="0" skipped="0" time="0.465298">
        <testcase name="test_it_is_forbidden_from_unauthorized_request" class="Tests\Feature\Http\Admin\Recipes\GetTest" classname="Tests.Feature.Http.Admin.Recipes.GetTest" file="/php/tests/Feature/Http/Admin/Recipes/GetTest.php" line="15" assertions="1" time="0.071977"/>
        <testcase name="test_it_can_get_recipes_without_query" class="Tests\Feature\Http\Admin\Recipes\GetTest" classname="Tests.Feature.Http.Admin.Recipes.GetTest" file="/php/tests/Feature/Http/Admin/Recipes/GetTest.php" line="26" assertions="62" time="0.082537"/>
        <testcase name="test_it_can_get_recipes_with_name_query" class="Tests\Feature\Http\Admin\Recipes\GetTest" classname="Tests.Feature.Http.Admin.Recipes.GetTest" file="/php/tests/Feature/Http/Admin/Recipes/GetTest.php" line="68" assertions="38" time="0.088668"/>
        <testcase name="test_it_can_get_recipes_with_category_query" class="Tests\Feature\Http\Admin\Recipes\GetTest" classname="Tests.Feature.Http.Admin.Recipes.GetTest" file="/php/tests/Feature/Http/Admin/Recipes/GetTest.php" line="123" assertions="68" time="0.123150"/>
        <testcase name="test_it_can_get_recipes_with_full_query" class="Tests\Feature\Http\Admin\Recipes\GetTest" classname="Tests.Feature.Http.Admin.Recipes.GetTest" file="/php/tests/Feature/Http/Admin/Recipes/GetTest.php" line="178" assertions="38" time="0.098966"/>
      </testsuite>
      <testsuite name="Test\Feature\Http\Admin\Repositories\Builds\GetArtifactsTest" file="/php/tests/Feature/Http/Admin/Repositories/Builds/GetArtifactsTest.php" tests="4" assertions="8" errors="0" warnings="0" failures="0" skipped="0" time="0.370988">
        <testsuite name="Test\Feature\Http\Admin\Repositories\Builds\GetArtifactsTest::test_it_is_forbidden_from_unauthorized_request" tests="2" assertions="2" errors="0" warnings="0" failures="0" skipped="0" time="0.179774">
          <testcase name="test_it_is_forbidden_from_unauthorized_request with data set #0" class="Test\Feature\Http\Admin\Repositories\Builds\GetArtifactsTest" classname="Test.Feature.Http.Admin.Repositories.Builds.GetArtifactsTest" file="/php/tests/Feature/Http/Admin/Repositories/Builds/GetArtifactsTest.php" line="18" assertions="1" time="0.091216"/>
          <testcase name="test_it_is_forbidden_from_unauthorized_request with data set #1" class="Test\Feature\Http\Admin\Repositories\Builds\GetArtifactsTest" classname="Test.Feature.Http.Admin.Repositories.Builds.GetArtifactsTest" file="/php/tests/Feature/Http/Admin/Repositories/Builds/GetArtifactsTest.php" line="18" assertions="1" time="0.088558"/>
        </testsuite>
        <testsuite name="Test\Feature\Http\Admin\Repositories\Builds\GetArtifactsTest::test_it_can_get_artifacts" tests="2" assertions="6" errors="0" warnings="0" failures="0" skipped="0" time="0.191214">
          <testcase name="test_it_can_get_artifacts with data set #0" class="Test\Feature\Http\Admin\Repositories\Builds\GetArtifactsTest" classname="Test.Feature.Http.Admin.Repositories.Builds.GetArtifactsTest" file="/php/tests/Feature/Http/Admin/Repositories/Builds/GetArtifactsTest.php" line="37" assertions="3" time="0.096420"/>
          <testcase name="test_it_can_get_artifacts with data set #1" class="Test\Feature\Http\Admin\Repositories\Builds\GetArtifactsTest" classname="Test.Feature.Http.Admin.Repositories.Builds.GetArtifactsTest" file="/php/tests/Feature/Http/Admin/Repositories/Builds/GetArtifactsTest.php" line="37" assertions="3" time="0.094794"/>
        </testsuite>
      </testsuite>
      <testsuite name="Test\Feature\Http\Admin\Repositories\Builds\GetConfigTest" file="/php/tests/Feature/Http/Admin/Repositories/Builds/GetConfigTest.php" tests="3" assertions="7" errors="0" warnings="0" failures="0" skipped="0" time="0.275688">
        <testcase name="test_it_is_forbidden_from_unauthorized_request" class="Test\Feature\Http\Admin\Repositories\Builds\GetConfigTest" classname="Test.Feature.Http.Admin.Repositories.Builds.GetConfigTest" file="/php/tests/Feature/Http/Admin/Repositories/Builds/GetConfigTest.php" line="15" assertions="1" time="0.083882"/>
        <testcase name="test_it_can_get_config" class="Test\Feature\Http\Admin\Repositories\Builds\GetConfigTest" classname="Test.Feature.Http.Admin.Repositories.Builds.GetConfigTest" file="/php/tests/Feature/Http/Admin/Repositories/Builds/GetConfigTest.php" line="28" assertions="4" time="0.094632"/>
        <testcase name="test_it_throws_parser_exception_on_invalid_build_config" class="Test\Feature\Http\Admin\Repositories\Builds\GetConfigTest" classname="Test.Feature.Http.Admin.Repositories.Builds.GetConfigTest" file="/php/tests/Feature/Http/Admin/Repositories/Builds/GetConfigTest.php" line="48" assertions="2" time="0.097175"/>
      </testsuite>
      <testsuite name="Tests\Feature\Http\Admin\Repositories\Builds\GetJobLogTest" file="/php/tests/Feature/Http/Admin/Repositories/Builds/GetJobLogTest.php" tests="4" assertions="11" errors="0" warnings="0" failures="0" skipped="0" time="0.452251">
        <testcase name="test_it_can_get_job_log" class="Tests\Feature\Http\Admin\Repositories\Builds\GetJobLogTest" classname="Tests.Feature.Http.Admin.Repositories.Builds.GetJobLogTest" file="/php/tests/Feature/Http/Admin/Repositories/Builds/GetJobLogTest.php" line="25" assertions="1" time="0.119464"/>
        <testcase name="test_it_can_get_not_archived_job_log" class="Tests\Feature\Http\Admin\Repositories\Builds\GetJobLogTest" classname="Tests.Feature.Http.Admin.Repositories.Builds.GetJobLogTest" file="/php/tests/Feature/Http/Admin/Repositories/Builds/GetJobLogTest.php" line="42" assertions="5" time="0.116778"/>
        <testcase name="test_it_return_null_get_not_archived_job_log_dont_have_any_logs" class="Tests\Feature\Http\Admin\Repositories\Builds\GetJobLogTest" classname="Tests.Feature.Http.Admin.Repositories.Builds.GetJobLogTest" file="/php/tests/Feature/Http/Admin/Repositories/Builds/GetJobLogTest.php" line="65" assertions="4" time="0.102896"/>
        <testcase name="test_it_is_forbidden_from_unauthorized_request" class="Tests\Feature\Http\Admin\Repositories\Builds\GetJobLogTest" classname="Tests.Feature.Http.Admin.Repositories.Builds.GetJobLogTest" file="/php/tests/Feature/Http/Admin/Repositories/Builds/GetJobLogTest.php" line="87" assertions="1" time="0.113113"/>
      </testsuite>
      <testsuite name="Tests\Feature\Http\Admin\Repositories\Builds\ShowAllTest" file="/php/tests/Feature/Http/Admin/Repositories/Builds/ShowAllTest.php" tests="4" assertions="608" errors="0" warnings="0" failures="0" skipped="0" time="0.439748">
        <testsuite name="Tests\Feature\Http\Admin\Repositories\Builds\ShowAllTest::test_it_can_show_all_builds_from_repository" tests="2" assertions="606" errors="0" warnings="0" failures="0" skipped="0" time="0.284033">
          <testcase name="test_it_can_show_all_builds_from_repository with data set #0" class="Tests\Feature\Http\Admin\Repositories\Builds\ShowAllTest" classname="Tests.Feature.Http.Admin.Repositories.Builds.ShowAllTest" file="/php/tests/Feature/Http/Admin/Repositories/Builds/ShowAllTest.php" line="18" assertions="303" time="0.140121"/>
          <testcase name="test_it_can_show_all_builds_from_repository with data set #1" class="Tests\Feature\Http\Admin\Repositories\Builds\ShowAllTest" classname="Tests.Feature.Http.Admin.Repositories.Builds.ShowAllTest" file="/php/tests/Feature/Http/Admin/Repositories/Builds/ShowAllTest.php" line="18" assertions="303" time="0.143912"/>
        </testsuite>
        <testcase name="test_it_is_forbidden_from_unauthorized_request" class="Tests\Feature\Http\Admin\Repositories\Builds\ShowAllTest" classname="Tests.Feature.Http.Admin.Repositories.Builds.ShowAllTest" file="/php/tests/Feature/Http/Admin/Repositories/Builds/ShowAllTest.php" line="62" assertions="1" time="0.079202"/>
        <testcase name="test_it_repository_not_found" class="Tests\Feature\Http\Admin\Repositories\Builds\ShowAllTest" classname="Tests.Feature.Http.Admin.Repositories.Builds.ShowAllTest" file="/php/tests/Feature/Http/Admin/Repositories/Builds/ShowAllTest.php" line="73" assertions="1" time="0.076513"/>
      </testsuite>
      <testsuite name="Tests\Feature\Http\Admin\Repositories\Builds\ShowTest" file="/php/tests/Feature/Http/Admin/Repositories/Builds/ShowTest.php" tests="3" assertions="47" errors="0" warnings="0" failures="0" skipped="0" time="0.300682">
        <testcase name="test_it_checks_non_admin_user" class="Tests\Feature\Http\Admin\Repositories\Builds\ShowTest" classname="Tests.Feature.Http.Admin.Repositories.Builds.ShowTest" file="/php/tests/Feature/Http/Admin/Repositories/Builds/ShowTest.php" line="15" assertions="1" time="0.085993"/>
        <testsuite name="Tests\Feature\Http\Admin\Repositories\Builds\ShowTest::test_it_can_get_build" tests="2" assertions="46" errors="0" warnings="0" failures="0" skipped="0" time="0.214689">
          <testcase name="test_it_can_get_build with data set #0" class="Tests\Feature\Http\Admin\Repositories\Builds\ShowTest" classname="Tests.Feature.Http.Admin.Repositories.Builds.ShowTest" file="/php/tests/Feature/Http/Admin/Repositories/Builds/ShowTest.php" line="29" assertions="23" time="0.103141"/>
          <testcase name="test_it_can_get_build with data set #1" class="Tests\Feature\Http\Admin\Repositories\Builds\ShowTest" classname="Tests.Feature.Http.Admin.Repositories.Builds.ShowTest" file="/php/tests/Feature/Http/Admin/Repositories/Builds/ShowTest.php" line="29" assertions="23" time="0.111548"/>
        </testsuite>
      </testsuite>
      <testsuite name="Tests\Feature\Http\Admin\Repositories\Runners\AssignTest" file="/php/tests/Feature/Http/Admin/Repositories/Runners/AssignTest.php" tests="2" assertions="18" errors="0" warnings="0" failures="0" skipped="0" time="0.196378">
        <testcase name="test_it_checks_non_admin_user" class="Tests\Feature\Http\Admin\Repositories\Runners\AssignTest" classname="Tests.Feature.Http.Admin.Repositories.Runners.AssignTest" file="/php/tests/Feature/Http/Admin/Repositories/Runners/AssignTest.php" line="15" assertions="1" time="0.101455"/>
        <testcase name="test_it_can_assign_runner" class="Tests\Feature\Http\Admin\Repositories\Runners\AssignTest" classname="Tests.Feature.Http.Admin.Repositories.Runners.AssignTest" file="/php/tests/Feature/Http/Admin/Repositories/Runners/AssignTest.php" line="27" assertions="17" time="0.094923"/>
      </testsuite>
      <testsuite name="Tests\Feature\Http\Admin\Repositories\Runners\UnassignTest" file="/php/tests/Feature/Http/Admin/Repositories/Runners/UnassignTest.php" tests="2" assertions="20" errors="0" warnings="0" failures="0" skipped="0" time="0.167718">
        <testcase name="test_it_checks_non_admin_user" class="Tests\Feature\Http\Admin\Repositories\Runners\UnassignTest" classname="Tests.Feature.Http.Admin.Repositories.Runners.UnassignTest" file="/php/tests/Feature/Http/Admin/Repositories/Runners/UnassignTest.php" line="15" assertions="1" time="0.085343"/>
        <testcase name="test_it_can_unassign_runner" class="Tests\Feature\Http\Admin\Repositories\Runners\UnassignTest" classname="Tests.Feature.Http.Admin.Repositories.Runners.UnassignTest" file="/php/tests/Feature/Http/Admin/Repositories/Runners/UnassignTest.php" line="27" assertions="19" time="0.082375"/>
      </testsuite>
      <testsuite name="Tests\Feature\Http\Admin\Repositories\ShowAllTest" file="/php/tests/Feature/Http/Admin/Repositories/ShowAllTest.php" tests="2" assertions="4" errors="0" warnings="0" failures="0" skipped="0" time="0.139493">
        <testcase name="test_it_checks_non_admin_user" class="Tests\Feature\Http\Admin\Repositories\ShowAllTest" classname="Tests.Feature.Http.Admin.Repositories.ShowAllTest" file="/php/tests/Feature/Http/Admin/Repositories/ShowAllTest.php" line="13" assertions="1" time="0.067175"/>
        <testcase name="test_it_can_show_all_repositories" class="Tests\Feature\Http\Admin\Repositories\ShowAllTest" classname="Tests.Feature.Http.Admin.Repositories.ShowAllTest" file="/php/tests/Feature/Http/Admin/Repositories/ShowAllTest.php" line="22" assertions="3" time="0.072318"/>
      </testsuite>
      <testsuite name="Tests\Feature\Http\Admin\Runners\DeleteTest" file="/php/tests/Feature/Http/Admin/Runners/DeleteTest.php" tests="2" assertions="2" errors="0" warnings="0" failures="0" skipped="0" time="0.154339">
        <testcase name="test_it_can_delete_runner" class="Tests\Feature\Http\Admin\Runners\DeleteTest" classname="Tests.Feature.Http.Admin.Runners.DeleteTest" file="/php/tests/Feature/Http/Admin/Runners/DeleteTest.php" line="14" assertions="1" time="0.086907"/>
        <testcase name="test_it_authorizes_user" class="Tests\Feature\Http\Admin\Runners\DeleteTest" classname="Tests.Feature.Http.Admin.Runners.DeleteTest" file="/php/tests/Feature/Http/Admin/Runners/DeleteTest.php" line="27" assertions="1" time="0.067432"/>
      </testsuite>
      <testsuite name="Tests\Feature\Http\Admin\Runners\GetTest" file="/php/tests/Feature/Http/Admin/Runners/GetTest.php" tests="6" assertions="182" errors="0" warnings="0" failures="0" skipped="0" time="0.501290">
        <testsuite name="Tests\Feature\Http\Admin\Runners\GetTest::test_it_can_get_list_runner" tests="2" assertions="90" errors="0" warnings="0" failures="0" skipped="0" time="0.154333">
          <testcase name="test_it_can_get_list_runner with data set #0" class="Tests\Feature\Http\Admin\Runners\GetTest" classname="Tests.Feature.Http.Admin.Runners.GetTest" file="/php/tests/Feature/Http/Admin/Runners/GetTest.php" line="17" assertions="45" time="0.078072"/>
          <testcase name="test_it_can_get_list_runner with data set #1" class="Tests\Feature\Http\Admin\Runners\GetTest" classname="Tests.Feature.Http.Admin.Runners.GetTest" file="/php/tests/Feature/Http/Admin/Runners/GetTest.php" line="17" assertions="45" time="0.076261"/>
        </testsuite>
        <testsuite name="Tests\Feature\Http\Admin\Runners\GetTest::test_it_can_get_list_runner_on_dashboard_page" tests="2" assertions="90" errors="0" warnings="0" failures="0" skipped="0" time="0.196505">
          <testcase name="test_it_can_get_list_runner_on_dashboard_page with data set #0" class="Tests\Feature\Http\Admin\Runners\GetTest" classname="Tests.Feature.Http.Admin.Runners.GetTest" file="/php/tests/Feature/Http/Admin/Runners/GetTest.php" line="55" assertions="45" time="0.096379"/>
          <testcase name="test_it_can_get_list_runner_on_dashboard_page with data set #1" class="Tests\Feature\Http\Admin\Runners\GetTest" classname="Tests.Feature.Http.Admin.Runners.GetTest" file="/php/tests/Feature/Http/Admin/Runners/GetTest.php" line="55" assertions="45" time="0.100126"/>
        </testsuite>
        <testsuite name="Tests\Feature\Http\Admin\Runners\GetTest::test_it_cannot_get_runners" tests="2" assertions="2" errors="0" warnings="0" failures="0" skipped="0" time="0.150452">
          <testcase name="test_it_cannot_get_runners with data set #0" class="Tests\Feature\Http\Admin\Runners\GetTest" classname="Tests.Feature.Http.Admin.Runners.GetTest" file="/php/tests/Feature/Http/Admin/Runners/GetTest.php" line="97" assertions="1" time="0.080468"/>
          <testcase name="test_it_cannot_get_runners with data set #1" class="Tests\Feature\Http\Admin\Runners\GetTest" classname="Tests.Feature.Http.Admin.Runners.GetTest" file="/php/tests/Feature/Http/Admin/Runners/GetTest.php" line="97" assertions="1" time="0.069984"/>
        </testsuite>
      </testsuite>
      <testsuite name="Tests\Feature\Http\Admin\Runners\ResetSecretTest" file="/php/tests/Feature/Http/Admin/Runners/ResetSecretTest.php" tests="2" assertions="13" errors="0" warnings="0" failures="0" skipped="0" time="0.137975">
        <testcase name="test_it_can_reset_secret" class="Tests\Feature\Http\Admin\Runners\ResetSecretTest" classname="Tests.Feature.Http.Admin.Runners.ResetSecretTest" file="/php/tests/Feature/Http/Admin/Runners/ResetSecretTest.php" line="14" assertions="12" time="0.073774"/>
        <testcase name="test_it_authorize_user" class="Tests\Feature\Http\Admin\Runners\ResetSecretTest" classname="Tests.Feature.Http.Admin.Runners.ResetSecretTest" file="/php/tests/Feature/Http/Admin/Runners/ResetSecretTest.php" line="41" assertions="1" time="0.064201"/>
      </testsuite>
      <testsuite name="Tests\Feature\Http\Admin\Runners\RestartTest" file="/php/tests/Feature/Http/Admin/Runners/RestartTest.php" tests="2" assertions="4" errors="0" warnings="0" failures="0" skipped="0" time="0.130362">
        <testcase name="test_it_can_restart_runner" class="Tests\Feature\Http\Admin\Runners\RestartTest" classname="Tests.Feature.Http.Admin.Runners.RestartTest" file="/php/tests/Feature/Http/Admin/Runners/RestartTest.php" line="15" assertions="3" time="0.065508"/>
        <testcase name="test_it_authorizes_user" class="Tests\Feature\Http\Admin\Runners\RestartTest" classname="Tests.Feature.Http.Admin.Runners.RestartTest" file="/php/tests/Feature/Http/Admin/Runners/RestartTest.php" line="33" assertions="1" time="0.064854"/>
      </testsuite>
      <testsuite name="Tests\Feature\Http\Admin\Runners\ShowTest" file="/php/tests/Feature/Http/Admin/Runners/ShowTest.php" tests="2" assertions="19" errors="0" warnings="0" failures="0" skipped="0" time="0.145919">
        <testcase name="test_it_can_get_runner_details" class="Tests\Feature\Http\Admin\Runners\ShowTest" classname="Tests.Feature.Http.Admin.Runners.ShowTest" file="/php/tests/Feature/Http/Admin/Runners/ShowTest.php" line="14" assertions="18" time="0.079478"/>
        <testcase name="test_it_authorizes_user" class="Tests\Feature\Http\Admin\Runners\ShowTest" classname="Tests.Feature.Http.Admin.Runners.ShowTest" file="/php/tests/Feature/Http/Admin/Runners/ShowTest.php" line="47" assertions="1" time="0.066441"/>
      </testsuite>
      <testsuite name="Tests\Feature\Http\Admin\Runners\StoreTest" file="/php/tests/Feature/Http/Admin/Runners/StoreTest.php" tests="3" assertions="5" errors="0" warnings="0" failures="0" skipped="0" time="0.239283">
        <testcase name="test_it_can_create_runner" class="Tests\Feature\Http\Admin\Runners\StoreTest" classname="Tests.Feature.Http.Admin.Runners.StoreTest" file="/php/tests/Feature/Http/Admin/Runners/StoreTest.php" line="15" assertions="2" time="0.086695"/>
        <testcase name="test_it_authorizes_user" class="Tests\Feature\Http\Admin\Runners\StoreTest" classname="Tests.Feature.Http.Admin.Runners.StoreTest" file="/php/tests/Feature/Http/Admin/Runners/StoreTest.php" line="40" assertions="1" time="0.064999"/>
        <testcase name="test_it_do_not_redistribute_when_create_disabled_runner" class="Tests\Feature\Http\Admin\Runners\StoreTest" classname="Tests.Feature.Http.Admin.Runners.StoreTest" file="/php/tests/Feature/Http/Admin/Runners/StoreTest.php" line="57" assertions="2" time="0.087589"/>
      </testsuite>
      <testsuite name="Tests\Feature\Http\Admin\Runners\UpdateTest" file="/php/tests/Feature/Http/Admin/Runners/UpdateTest.php" tests="3" assertions="5" errors="0" warnings="0" failures="0" skipped="0" time="0.267017">
        <testcase name="test_it_can_update_runner" class="Tests\Feature\Http\Admin\Runners\UpdateTest" classname="Tests.Feature.Http.Admin.Runners.UpdateTest" file="/php/tests/Feature/Http/Admin/Runners/UpdateTest.php" line="15" assertions="2" time="0.074395"/>
        <testcase name="test_it_unassigned_repository_when_disable_runner" class="Tests\Feature\Http\Admin\Runners\UpdateTest" classname="Tests.Feature.Http.Admin.Runners.UpdateTest" file="/php/tests/Feature/Http/Admin/Runners/UpdateTest.php" line="45" assertions="2" time="0.109644"/>
        <testcase name="test_it_authorizes_user" class="Tests\Feature\Http\Admin\Runners\UpdateTest" classname="Tests.Feature.Http.Admin.Runners.UpdateTest" file="/php/tests/Feature/Http/Admin/Runners/UpdateTest.php" line="81" assertions="1" time="0.082978"/>
      </testsuite>
      <testsuite name="Tests\Feature\Http\Admin\Snippets\DeleteTest" file="/php/tests/Feature/Http/Admin/Snippets/DeleteTest.php" tests="3" assertions="4" errors="0" warnings="0" failures="0" skipped="0" time="0.214230">
        <testcase name="test_it_can_delete_snippet" class="Tests\Feature\Http\Admin\Snippets\DeleteTest" classname="Tests.Feature.Http.Admin.Snippets.DeleteTest" file="/php/tests/Feature/Http/Admin/Snippets/DeleteTest.php" line="15" assertions="1" time="0.070283"/>
        <testcase name="test_it_can_delete_snippet_when_have_cache" class="Tests\Feature\Http\Admin\Snippets\DeleteTest" classname="Tests.Feature.Http.Admin.Snippets.DeleteTest" file="/php/tests/Feature/Http/Admin/Snippets/DeleteTest.php" line="28" assertions="2" time="0.075745"/>
        <testcase name="test_it_authorizes_user" class="Tests\Feature\Http\Admin\Snippets\DeleteTest" classname="Tests.Feature.Http.Admin.Snippets.DeleteTest" file="/php/tests/Feature/Http/Admin/Snippets/DeleteTest.php" line="45" assertions="1" time="0.068202"/>
      </testsuite>
      <testsuite name="Tests\Feature\Http\Admin\Snippets\GetTest" file="/php/tests/Feature/Http/Admin/Snippets/GetTest.php" tests="2" assertions="35" errors="0" warnings="0" failures="1" skipped="0" time="0.146293">
        <testcase name="test_it_can_show_list_snippet" class="Tests\Feature\Http\Admin\Snippets\GetTest" classname="Tests.Feature.Http.Admin.Snippets.GetTest" file="/php/tests/Feature/Http/Admin/Snippets/GetTest.php" line="14" assertions="34" time="0.077539">
          <failure type="PHPUnit\Framework\ExpectationFailedException">Tests\Feature\Http\Admin\Snippets\GetTest::test_it_can_show_list_snippet
Failed to assert that the response count matched the expected 1
Failed asserting that actual size 4 matches expected size 1.

/php/vendor/laravel/framework/src/Illuminate/Testing/AssertableJsonString.php:73
/php/vendor/laravel/framework/src/Illuminate/Testing/TestResponse.php:790
/php/tests/Feature/Http/Admin/Snippets/GetTest.php:51</failure>
        </testcase>
        <testcase name="test_it_authorizes_user" class="Tests\Feature\Http\Admin\Snippets\GetTest" classname="Tests.Feature.Http.Admin.Snippets.GetTest" file="/php/tests/Feature/Http/Admin/Snippets/GetTest.php" line="54" assertions="1" time="0.068754"/>
      </testsuite>
      <testsuite name="Tests\Feature\Http\Admin\Snippets\StoreTest" file="/php/tests/Feature/Http/Admin/Snippets/StoreTest.php" tests="6" assertions="11" errors="0" warnings="0" failures="0" skipped="0" time="0.434012">
        <testcase name="test_it_can_create_snippet" class="Tests\Feature\Http\Admin\Snippets\StoreTest" classname="Tests.Feature.Http.Admin.Snippets.StoreTest" file="/php/tests/Feature/Http/Admin/Snippets/StoreTest.php" line="14" assertions="2" time="0.074558"/>
        <testcase name="test_test_it_can_create_snippet_when_have_cache" class="Tests\Feature\Http\Admin\Snippets\StoreTest" classname="Tests.Feature.Http.Admin.Snippets.StoreTest" file="/php/tests/Feature/Http/Admin/Snippets/StoreTest.php" line="65" assertions="3" time="0.075823"/>
        <testcase name="test_abort_if_job_config_invalid_when_store_config_template" class="Tests\Feature\Http\Admin\Snippets\StoreTest" classname="Tests.Feature.Http.Admin.Snippets.StoreTest" file="/php/tests/Feature/Http/Admin/Snippets/StoreTest.php" line="120" assertions="1" time="0.075845"/>
        <testcase name="test_it_authorizes_user" class="Tests\Feature\Http\Admin\Snippets\StoreTest" classname="Tests.Feature.Http.Admin.Snippets.StoreTest" file="/php/tests/Feature/Http/Admin/Snippets/StoreTest.php" line="139" assertions="1" time="0.068415"/>
        <testcase name="test_it_ignores_when_documentation_is_empty" class="Tests\Feature\Http\Admin\Snippets\StoreTest" classname="Tests.Feature.Http.Admin.Snippets.StoreTest" file="/php/tests/Feature/Http/Admin/Snippets/StoreTest.php" line="157" assertions="2" time="0.069941"/>
        <testcase name="test_it_ignores_when_insert_text_is_empty" class="Tests\Feature\Http\Admin\Snippets\StoreTest" classname="Tests.Feature.Http.Admin.Snippets.StoreTest" file="/php/tests/Feature/Http/Admin/Snippets/StoreTest.php" line="182" assertions="2" time="0.069430"/>
      </testsuite>
      <testsuite name="Tests\Feature\Http\Admin\Snippets\UpdateTest" file="/php/tests/Feature/Http/Admin/Snippets/UpdateTest.php" tests="4" assertions="7" errors="0" warnings="0" failures="0" skipped="0" time="0.309402">
        <testcase name="test_it_can_update_snippet" class="Tests\Feature\Http\Admin\Snippets\UpdateTest" classname="Tests.Feature.Http.Admin.Snippets.UpdateTest" file="/php/tests/Feature/Http/Admin/Snippets/UpdateTest.php" line="15" assertions="3" time="0.090426"/>
        <testcase name="test_it_can_update_snippet_when_have_cache" class="Tests\Feature\Http\Admin\Snippets\UpdateTest" classname="Tests.Feature.Http.Admin.Snippets.UpdateTest" file="/php/tests/Feature/Http/Admin/Snippets/UpdateTest.php" line="72" assertions="2" time="0.074746"/>
        <testcase name="test_abort_if_job_config_invalid_when_update_snippet" class="Tests\Feature\Http\Admin\Snippets\UpdateTest" classname="Tests.Feature.Http.Admin.Snippets.UpdateTest" file="/php/tests/Feature/Http/Admin/Snippets/UpdateTest.php" line="124" assertions="1" time="0.074007"/>
        <testcase name="test_it_authorizes_user" class="Tests\Feature\Http\Admin\Snippets\UpdateTest" classname="Tests.Feature.Http.Admin.Snippets.UpdateTest" file="/php/tests/Feature/Http/Admin/Snippets/UpdateTest.php" line="143" assertions="1" time="0.070223"/>
      </testsuite>
      <testsuite name="Tests\Feature\Http\Admin\Stats\EnqueueDurationTest" file="/php/tests/Feature/Http/Admin/Stats/EnqueueDurationTest.php" tests="5" assertions="273" errors="0" warnings="0" failures="0" skipped="0" time="1.872031">
        <testcase name="test_it_is_forbidden_from_unauthorized_request" class="Tests\Feature\Http\Admin\Stats\EnqueueDurationTest" classname="Tests.Feature.Http.Admin.Stats.EnqueueDurationTest" file="/php/tests/Feature/Http/Admin/Stats/EnqueueDurationTest.php" line="17" assertions="1" time="0.072608"/>
        <testcase name="test_it_can_get_enqueue_duration_without_query" class="Tests\Feature\Http\Admin\Stats\EnqueueDurationTest" classname="Tests.Feature.Http.Admin.Stats.EnqueueDurationTest" file="/php/tests/Feature/Http/Admin/Stats/EnqueueDurationTest.php" line="26" assertions="203" time="0.920881"/>
        <testcase name="test_it_can_get_enqueue_duration_with_runner_query" class="Tests\Feature\Http\Admin\Stats\EnqueueDurationTest" classname="Tests.Feature.Http.Admin.Stats.EnqueueDurationTest" file="/php/tests/Feature/Http/Admin/Stats/EnqueueDurationTest.php" line="45" assertions="23" time="0.292715"/>
        <testcase name="test_it_can_get_enqueue_duration_with_date_query" class="Tests\Feature\Http\Admin\Stats\EnqueueDurationTest" classname="Tests.Feature.Http.Admin.Stats.EnqueueDurationTest" file="/php/tests/Feature/Http/Admin/Stats/EnqueueDurationTest.php" line="77" assertions="23" time="0.289480"/>
        <testcase name="test_it_can_get_enqueue_duration_with_full_query" class="Tests\Feature\Http\Admin\Stats\EnqueueDurationTest" classname="Tests.Feature.Http.Admin.Stats.EnqueueDurationTest" file="/php/tests/Feature/Http/Admin/Stats/EnqueueDurationTest.php" line="106" assertions="23" time="0.296346"/>
      </testsuite>
      <testsuite name="Tests\Feature\Http\Admin\Stats\PerformanceTest" file="/php/tests/Feature/Http/Admin/Stats/PerformanceTest.php" tests="2" assertions="3" errors="0" warnings="0" failures="0" skipped="0" time="0.155950">
        <testcase name="test_it_abort_if_non_admin_user_request" class="Tests\Feature\Http\Admin\Stats\PerformanceTest" classname="Tests.Feature.Http.Admin.Stats.PerformanceTest" file="/php/tests/Feature/Http/Admin/Stats/PerformanceTest.php" line="13" assertions="1" time="0.069165"/>
        <testcase name="test_it_can_get_performance" class="Tests\Feature\Http\Admin\Stats\PerformanceTest" classname="Tests.Feature.Http.Admin.Stats.PerformanceTest" file="/php/tests/Feature/Http/Admin/Stats/PerformanceTest.php" line="22" assertions="2" time="0.086785"/>
      </testsuite>
      <testsuite name="Tests\Feature\Http\Admin\Stats\SummaryTest" file="/php/tests/Feature/Http/Admin/Stats/SummaryTest.php" tests="2" assertions="8" errors="0" warnings="0" failures="0" skipped="0" time="0.170019">
        <testcase name="test_it_abort_if_non_admin_user_request" class="Tests\Feature\Http\Admin\Stats\SummaryTest" classname="Tests.Feature.Http.Admin.Stats.SummaryTest" file="/php/tests/Feature/Http/Admin/Stats/SummaryTest.php" line="13" assertions="1" time="0.085846"/>
        <testcase name="test_it_can_get_summary" class="Tests\Feature\Http\Admin\Stats\SummaryTest" classname="Tests.Feature.Http.Admin.Stats.SummaryTest" file="/php/tests/Feature/Http/Admin/Stats/SummaryTest.php" line="22" assertions="7" time="0.084173"/>
      </testsuite>
      <testsuite name="Tests\Feature\Http\Admin\Subscriptions\CreateTest" file="/php/tests/Feature/Http/Admin/Subscriptions/CreateTest.php" tests="6" assertions="11" errors="0" warnings="0" failures="0" skipped="0" time="0.434896">
        <testcase name="test_it_can_create_subscription" class="Tests\Feature\Http\Admin\Subscriptions\CreateTest" classname="Tests.Feature.Http.Admin.Subscriptions.CreateTest" file="/php/tests/Feature/Http/Admin/Subscriptions/CreateTest.php" line="14" assertions="2" time="0.075452"/>
        <testcase name="test_it_authorizes_user" class="Tests\Feature\Http\Admin\Subscriptions\CreateTest" classname="Tests.Feature.Http.Admin.Subscriptions.CreateTest" file="/php/tests/Feature/Http/Admin/Subscriptions/CreateTest.php" line="37" assertions="1" time="0.069046"/>
        <testcase name="test_it_ignores_when_namespace_is_empty" class="Tests\Feature\Http\Admin\Subscriptions\CreateTest" classname="Tests.Feature.Http.Admin.Subscriptions.CreateTest" file="/php/tests/Feature/Http/Admin/Subscriptions/CreateTest.php" line="54" assertions="2" time="0.070682"/>
        <testcase name="test_it_ignores_when_scm_is_empty" class="Tests\Feature\Http\Admin\Subscriptions\CreateTest" classname="Tests.Feature.Http.Admin.Subscriptions.CreateTest" file="/php/tests/Feature/Http/Admin/Subscriptions/CreateTest.php" line="78" assertions="2" time="0.070963"/>
        <testcase name="test_it_ignores_when_namespace_is_duplicate" class="Tests\Feature\Http\Admin\Subscriptions\CreateTest" classname="Tests.Feature.Http.Admin.Subscriptions.CreateTest" file="/php/tests/Feature/Http/Admin/Subscriptions/CreateTest.php" line="102" assertions="2" time="0.075491"/>
        <testcase name="test_it_ignores_when_expires_date_is_invalid" class="Tests\Feature\Http\Admin\Subscriptions\CreateTest" classname="Tests.Feature.Http.Admin.Subscriptions.CreateTest" file="/php/tests/Feature/Http/Admin/Subscriptions/CreateTest.php" line="132" assertions="2" time="0.073262"/>
      </testsuite>
      <testsuite name="Tests\Feature\Http\Admin\Subscriptions\DeleteTest" file="/php/tests/Feature/Http/Admin/Subscriptions/DeleteTest.php" tests="2" assertions="2" errors="0" warnings="0" failures="0" skipped="0" time="0.141169">
        <testcase name="test_it_can_delete_subscription" class="Tests\Feature\Http\Admin\Subscriptions\DeleteTest" classname="Tests.Feature.Http.Admin.Subscriptions.DeleteTest" file="/php/tests/Feature/Http/Admin/Subscriptions/DeleteTest.php" line="14" assertions="1" time="0.070898"/>
        <testcase name="test_it_authorizes_user" class="Tests\Feature\Http\Admin\Subscriptions\DeleteTest" classname="Tests.Feature.Http.Admin.Subscriptions.DeleteTest" file="/php/tests/Feature/Http/Admin/Subscriptions/DeleteTest.php" line="27" assertions="1" time="0.070271"/>
      </testsuite>
      <testsuite name="Tests\Feature\Http\Admin\Subscriptions\ShowListTest" file="/php/tests/Feature/Http/Admin/Subscriptions/ShowListTest.php" tests="2" assertions="72" errors="0" warnings="0" failures="0" skipped="0" time="0.149944">
        <testcase name="test_it_can_show_list_subscriptions" class="Tests\Feature\Http\Admin\Subscriptions\ShowListTest" classname="Tests.Feature.Http.Admin.Subscriptions.ShowListTest" file="/php/tests/Feature/Http/Admin/Subscriptions/ShowListTest.php" line="14" assertions="71" time="0.080372"/>
        <testcase name="test_it_authorizes_user" class="Tests\Feature\Http\Admin\Subscriptions\ShowListTest" classname="Tests.Feature.Http.Admin.Subscriptions.ShowListTest" file="/php/tests/Feature/Http/Admin/Subscriptions/ShowListTest.php" line="57" assertions="1" time="0.069572"/>
      </testsuite>
      <testsuite name="Tests\Feature\Http\Admin\Subscriptions\UpdateTest" file="/php/tests/Feature/Http/Admin/Subscriptions/UpdateTest.php" tests="4" assertions="7" errors="0" warnings="0" failures="0" skipped="0" time="0.305114">
        <testcase name="test_it_can_update_subscription" class="Tests\Feature\Http\Admin\Subscriptions\UpdateTest" classname="Tests.Feature.Http.Admin.Subscriptions.UpdateTest" file="/php/tests/Feature/Http/Admin/Subscriptions/UpdateTest.php" line="14" assertions="2" time="0.089118"/>
        <testcase name="test_it_authorizes_user" class="Tests\Feature\Http\Admin\Subscriptions\UpdateTest" classname="Tests.Feature.Http.Admin.Subscriptions.UpdateTest" file="/php/tests/Feature/Http/Admin/Subscriptions/UpdateTest.php" line="42" assertions="1" time="0.068156"/>
        <testcase name="test_it_ignores_when_namespace_is_duplicate" class="Tests\Feature\Http\Admin\Subscriptions\UpdateTest" classname="Tests.Feature.Http.Admin.Subscriptions.UpdateTest" file="/php/tests/Feature/Http/Admin/Subscriptions/UpdateTest.php" line="63" assertions="2" time="0.075386"/>
        <testcase name="test_it_ignores_when_expires_date_is_invalid" class="Tests\Feature\Http\Admin\Subscriptions\UpdateTest" classname="Tests.Feature.Http.Admin.Subscriptions.UpdateTest" file="/php/tests/Feature/Http/Admin/Subscriptions/UpdateTest.php" line="98" assertions="2" time="0.072455"/>
      </testsuite>
      <testsuite name="Tests\Feature\Http\Admin\UsagePlan\DeleteTest" file="/php/tests/Feature/Http/Admin/UsagePlan/DeleteTest.php" tests="3" assertions="3" errors="0" warnings="0" failures="0" skipped="0" time="0.217218">
        <testcase name="test_it_can_delete_usage_plan_with_object_is_repository" class="Tests\Feature\Http\Admin\UsagePlan\DeleteTest" classname="Tests.Feature.Http.Admin.UsagePlan.DeleteTest" file="/php/tests/Feature/Http/Admin/UsagePlan/DeleteTest.php" line="20" assertions="1" time="0.076022"/>
        <testcase name="test_it_can_delete_usage_plan_with_object_is_workspace" class="Tests\Feature\Http\Admin\UsagePlan\DeleteTest" classname="Tests.Feature.Http.Admin.UsagePlan.DeleteTest" file="/php/tests/Feature/Http/Admin/UsagePlan/DeleteTest.php" line="38" assertions="1" time="0.074528"/>
        <testcase name="test_it_authorize_user" class="Tests\Feature\Http\Admin\UsagePlan\DeleteTest" classname="Tests.Feature.Http.Admin.UsagePlan.DeleteTest" file="/php/tests/Feature/Http/Admin/UsagePlan/DeleteTest.php" line="57" assertions="1" time="0.066668"/>
      </testsuite>
      <testsuite name="Tests\Feature\Http\Admin\UsagePlan\GetTest" file="/php/tests/Feature/Http/Admin/UsagePlan/GetTest.php" tests="5" assertions="123" errors="0" warnings="0" failures="0" skipped="0" time="0.446477">
        <testcase name="test_it_can_get_usage" class="Tests\Feature\Http\Admin\UsagePlan\GetTest" classname="Tests.Feature.Http.Admin.UsagePlan.GetTest" file="/php/tests/Feature/Http/Admin/UsagePlan/GetTest.php" line="20" assertions="31" time="0.096325"/>
        <testcase name="test_it_can_filter_object_type_with_repository" class="Tests\Feature\Http\Admin\UsagePlan\GetTest" classname="Tests.Feature.Http.Admin.UsagePlan.GetTest" file="/php/tests/Feature/Http/Admin/UsagePlan/GetTest.php" line="56" assertions="34" time="0.093504"/>
        <testcase name="test_it_can_filter_object_type_with_workspace" class="Tests\Feature\Http\Admin\UsagePlan\GetTest" classname="Tests.Feature.Http.Admin.UsagePlan.GetTest" file="/php/tests/Feature/Http/Admin/UsagePlan/GetTest.php" line="108" assertions="28" time="0.091593"/>
        <testcase name="test_it_can_search_repo_and_workspace" class="Tests\Feature\Http\Admin\UsagePlan\GetTest" classname="Tests.Feature.Http.Admin.UsagePlan.GetTest" file="/php/tests/Feature/Http/Admin/UsagePlan/GetTest.php" line="155" assertions="15" time="0.082381"/>
        <testcase name="test_it_can_search_only_repo" class="Tests\Feature\Http\Admin\UsagePlan\GetTest" classname="Tests.Feature.Http.Admin.UsagePlan.GetTest" file="/php/tests/Feature/Http/Admin/UsagePlan/GetTest.php" line="211" assertions="15" time="0.082674"/>
      </testsuite>
      <testsuite name="Tests\Feature\Http\Admin\UsagePlan\StoreTest" file="/php/tests/Feature/Http/Admin/UsagePlan/StoreTest.php" tests="6" assertions="8" errors="0" warnings="0" failures="0" skipped="0" time="0.469217">
        <testcase name="test_it_can_store_usage_plan_with_repository" class="Tests\Feature\Http\Admin\UsagePlan\StoreTest" classname="Tests.Feature.Http.Admin.UsagePlan.StoreTest" file="/php/tests/Feature/Http/Admin/UsagePlan/StoreTest.php" line="20" assertions="1" time="0.095768"/>
        <testcase name="test_it_can_store_usage_plan_with_workspace" class="Tests\Feature\Http\Admin\UsagePlan\StoreTest" classname="Tests.Feature.Http.Admin.UsagePlan.StoreTest" file="/php/tests/Feature/Http/Admin/UsagePlan/StoreTest.php" line="38" assertions="1" time="0.080200"/>
        <testcase name="test_it_can_not_store_usage_plan_when_repo_has_had_usage_plan" class="Tests\Feature\Http\Admin\UsagePlan\StoreTest" classname="Tests.Feature.Http.Admin.UsagePlan.StoreTest" file="/php/tests/Feature/Http/Admin/UsagePlan/StoreTest.php" line="57" assertions="1" time="0.077775"/>
        <testcase name="test_it_can_not_store_usage_plan_when_other_attribute_is_string" class="Tests\Feature\Http\Admin\UsagePlan\StoreTest" classname="Tests.Feature.Http.Admin.UsagePlan.StoreTest" file="/php/tests/Feature/Http/Admin/UsagePlan/StoreTest.php" line="80" assertions="2" time="0.072721"/>
        <testcase name="test_it_can_not_store_usage_plan_when_other_attribute_is_less_zero" class="Tests\Feature\Http\Admin\UsagePlan\StoreTest" classname="Tests.Feature.Http.Admin.UsagePlan.StoreTest" file="/php/tests/Feature/Http/Admin/UsagePlan/StoreTest.php" line="105" assertions="2" time="0.072491"/>
        <testcase name="test_it_authorize_user" class="Tests\Feature\Http\Admin\UsagePlan\StoreTest" classname="Tests.Feature.Http.Admin.UsagePlan.StoreTest" file="/php/tests/Feature/Http/Admin/UsagePlan/StoreTest.php" line="130" assertions="1" time="0.070262"/>
      </testsuite>
      <testsuite name="Tests\Feature\Http\Admin\UsagePlan\UpdateTest" file="/php/tests/Feature/Http/Admin/UsagePlan/UpdateTest.php" tests="3" assertions="17" errors="0" warnings="0" failures="0" skipped="0" time="0.222358">
        <testcase name="test_it_can_update_usage_plan" class="Tests\Feature\Http\Admin\UsagePlan\UpdateTest" classname="Tests.Feature.Http.Admin.UsagePlan.UpdateTest" file="/php/tests/Feature/Http/Admin/UsagePlan/UpdateTest.php" line="20" assertions="8" time="0.080256"/>
        <testcase name="test_it_can_update_usage_plan_with_workspace" class="Tests\Feature\Http\Admin\UsagePlan\UpdateTest" classname="Tests.Feature.Http.Admin.UsagePlan.UpdateTest" file="/php/tests/Feature/Http/Admin/UsagePlan/UpdateTest.php" line="53" assertions="8" time="0.079096"/>
        <testcase name="test_it_authorize_user" class="Tests\Feature\Http\Admin\UsagePlan\UpdateTest" classname="Tests.Feature.Http.Admin.UsagePlan.UpdateTest" file="/php/tests/Feature/Http/Admin/UsagePlan/UpdateTest.php" line="86" assertions="1" time="0.063006"/>
      </testsuite>
      <testsuite name="Tests\Feature\Http\Admin\Users\ShowAllTest" file="/php/tests/Feature/Http/Admin/Users/ShowAllTest.php" tests="2" assertions="44" errors="0" warnings="0" failures="0" skipped="0" time="0.140221">
        <testcase name="test_it_can_get_all_users" class="Tests\Feature\Http\Admin\Users\ShowAllTest" classname="Tests.Feature.Http.Admin.Users.ShowAllTest" file="/php/tests/Feature/Http/Admin/Users/ShowAllTest.php" line="13" assertions="43" time="0.071441"/>
        <testcase name="test_it_authorize_user" class="Tests\Feature\Http\Admin\Users\ShowAllTest" classname="Tests.Feature.Http.Admin.Users.ShowAllTest" file="/php/tests/Feature/Http/Admin/Users/ShowAllTest.php" line="44" assertions="1" time="0.068780"/>
      </testsuite>
      <testsuite name="Tests\Feature\Http\Admin\Users\UpdateTest" file="/php/tests/Feature/Http/Admin/Users/UpdateTest.php" tests="2" assertions="3" errors="0" warnings="0" failures="0" skipped="0" time="0.136895">
        <testcase name="test_it_can_update_user" class="Tests\Feature\Http\Admin\Users\UpdateTest" classname="Tests.Feature.Http.Admin.Users.UpdateTest" file="/php/tests/Feature/Http/Admin/Users/UpdateTest.php" line="13" assertions="2" time="0.069072"/>
        <testcase name="test_it_authorize_user" class="Tests\Feature\Http\Admin\Users\UpdateTest" classname="Tests.Feature.Http.Admin.Users.UpdateTest" file="/php/tests/Feature/Http/Admin/Users/UpdateTest.php" line="31" assertions="1" time="0.067823"/>
      </testsuite>
      <testsuite name="Tests\Feature\Http\Admin\Workspaces\GetTest" file="/php/tests/Feature/Http/Admin/Workspaces/GetTest.php" tests="4" assertions="214" errors="0" warnings="0" failures="0" skipped="0" time="0.353992">
        <testcase name="test_it_can_show_list_workspaces" class="Tests\Feature\Http\Admin\Workspaces\GetTest" classname="Tests.Feature.Http.Admin.Workspaces.GetTest" file="/php/tests/Feature/Http/Admin/Workspaces/GetTest.php" line="15" assertions="135" time="0.108338"/>
        <testcase name="test_it_authorizes_user" class="Tests\Feature\Http\Admin\Workspaces\GetTest" classname="Tests.Feature.Http.Admin.Workspaces.GetTest" file="/php/tests/Feature/Http/Admin/Workspaces/GetTest.php" line="56" assertions="1" time="0.067785"/>
        <testcase name="test_it_can_filter_by_scm" class="Tests\Feature\Http\Admin\Workspaces\GetTest" classname="Tests.Feature.Http.Admin.Workspaces.GetTest" file="/php/tests/Feature/Http/Admin/Workspaces/GetTest.php" line="67" assertions="63" time="0.092105"/>
        <testcase name="test_it_can_search_by_namespace" class="Tests\Feature\Http\Admin\Workspaces\GetTest" classname="Tests.Feature.Http.Admin.Workspaces.GetTest" file="/php/tests/Feature/Http/Admin/Workspaces/GetTest.php" line="112" assertions="15" time="0.085765"/>
      </testsuite>
      <testsuite name="Tests\Feature\Http\Admin\Workspaces\ShowTest" file="/php/tests/Feature/Http/Admin/Workspaces/ShowTest.php" tests="2" assertions="12" errors="0" warnings="0" failures="0" skipped="0" time="0.168029">
        <testcase name="test_it_abort_if_non_admin_user_request" class="Tests\Feature\Http\Admin\Workspaces\ShowTest" classname="Tests.Feature.Http.Admin.Workspaces.ShowTest" file="/php/tests/Feature/Http/Admin/Workspaces/ShowTest.php" line="14" assertions="1" time="0.072747"/>
        <testcase name="test_it_can_show_workspace_information" class="Tests\Feature\Http\Admin\Workspaces\ShowTest" classname="Tests.Feature.Http.Admin.Workspaces.ShowTest" file="/php/tests/Feature/Http/Admin/Workspaces/ShowTest.php" line="25" assertions="11" time="0.095282"/>
      </testsuite>
      <testsuite name="Tests\Feature\Http\Artifacts\ListDirTest" file="/php/tests/Feature/Http/Artifacts/ListDirTest.php" tests="2" assertions="7" errors="0" warnings="0" failures="0" skipped="0" time="0.250339">
        <testcase name="test_it_can_get_list_dir_artifacts" class="Tests\Feature\Http\Artifacts\ListDirTest" classname="Tests.Feature.Http.Artifacts.ListDirTest" file="/php/tests/Feature/Http/Artifacts/ListDirTest.php" line="26" assertions="3" time="0.123552"/>
        <testcase name="test_it_throw_exception_when_get_list_dir_artifacts" class="Tests\Feature\Http\Artifacts\ListDirTest" classname="Tests.Feature.Http.Artifacts.ListDirTest" file="/php/tests/Feature/Http/Artifacts/ListDirTest.php" line="46" assertions="4" time="0.126786"/>
      </testsuite>
      <testsuite name="Tests\Feature\Http\Artifacts\ShowTest" file="/php/tests/Feature/Http/Artifacts/ShowTest.php" tests="4" assertions="7" errors="0" warnings="0" failures="0" skipped="0" time="0.510417">
        <testcase name="test_it_abort_if_artifact_expired" class="Tests\Feature\Http\Artifacts\ShowTest" classname="Tests.Feature.Http.Artifacts.ShowTest" file="/php/tests/Feature/Http/Artifacts/ShowTest.php" line="27" assertions="1" time="0.123714"/>
        <testcase name="test_it_can_download_archive_artifacts" class="Tests\Feature\Http\Artifacts\ShowTest" classname="Tests.Feature.Http.Artifacts.ShowTest" file="/php/tests/Feature/Http/Artifacts/ShowTest.php" line="44" assertions="1" time="0.126438"/>
        <testcase name="test_it_can_process_temporary_url" class="Tests\Feature\Http\Artifacts\ShowTest" classname="Tests.Feature.Http.Artifacts.ShowTest" file="/php/tests/Feature/Http/Artifacts/ShowTest.php" line="62" assertions="3" time="0.139084"/>
        <testcase name="test_it_ignore_when_catch_invalid_argument_exception" class="Tests\Feature\Http\Artifacts\ShowTest" classname="Tests.Feature.Http.Artifacts.ShowTest" file="/php/tests/Feature/Http/Artifacts/ShowTest.php" line="82" assertions="2" time="0.121180"/>
      </testsuite>
      <testsuite name="Tests\Feature\Http\Artifacts\UploadTest" file="/php/tests/Feature/Http/Artifacts/UploadTest.php" tests="2" assertions="4" errors="0" warnings="0" failures="0" skipped="0" time="0.213888">
        <testcase name="test_it_abort_if_request_has_invalid_signature" class="Tests\Feature\Http\Artifacts\UploadTest" classname="Tests.Feature.Http.Artifacts.UploadTest" file="/php/tests/Feature/Http/Artifacts/UploadTest.php" line="27" assertions="1" time="0.106344"/>
        <testcase name="test_it_return_redirect_url_after_upload" class="Tests\Feature\Http\Artifacts\UploadTest" classname="Tests.Feature.Http.Artifacts.UploadTest" file="/php/tests/Feature/Http/Artifacts/UploadTest.php" line="44" assertions="3" time="0.107544"/>
      </testsuite>
      <testsuite name="Tests\Feature\Http\Auth\LoginCallbackTest" file="/php/tests/Feature/Http/Auth/LoginCallbackTest.php" tests="8" assertions="42" errors="0" warnings="0" failures="0" skipped="0" time="0.615254">
        <testcase name="test_it_creates_new_user_and_login_if_not_exists" class="Tests\Feature\Http\Auth\LoginCallbackTest" classname="Tests.Feature.Http.Auth.LoginCallbackTest" file="/php/tests/Feature/Http/Auth/LoginCallbackTest.php" line="18" assertions="6" time="0.088588"/>
        <testcase name="test_it_login_existing_user" class="Tests\Feature\Http\Auth\LoginCallbackTest" classname="Tests.Feature.Http.Auth.LoginCallbackTest" file="/php/tests/Feature/Http/Auth/LoginCallbackTest.php" line="38" assertions="7" time="0.080120"/>
        <testcase name="test_it_login_when_have_a_other_user_login_and_create_connect_account" class="Tests\Feature\Http\Auth\LoginCallbackTest" classname="Tests.Feature.Http.Auth.LoginCallbackTest" file="/php/tests/Feature/Http/Auth/LoginCallbackTest.php" line="62" assertions="7" time="0.077730"/>
        <testcase name="test_it_connect_account_to_other_user_and_other_account_has_been_connect" class="Tests\Feature\Http\Auth\LoginCallbackTest" classname="Tests.Feature.Http.Auth.LoginCallbackTest" file="/php/tests/Feature/Http/Auth/LoginCallbackTest.php" line="83" assertions="5" time="0.075073"/>
        <testcase name="test_it_can_not_login_when_create_scm_account_using_old_email_login" class="Tests\Feature\Http\Auth\LoginCallbackTest" classname="Tests.Feature.Http.Auth.LoginCallbackTest" file="/php/tests/Feature/Http/Auth/LoginCallbackTest.php" line="117" assertions="5" time="0.074174"/>
        <testsuite name="Tests\Feature\Http\Auth\LoginCallbackTest::test_it_redirects_user_properly" tests="3" assertions="12" errors="0" warnings="0" failures="0" skipped="0" time="0.219569">
          <testcase name="test_it_redirects_user_properly with data set #0" class="Tests\Feature\Http\Auth\LoginCallbackTest" classname="Tests.Feature.Http.Auth.LoginCallbackTest" file="/php/tests/Feature/Http/Auth/LoginCallbackTest.php" line="146" assertions="4" time="0.072641"/>
          <testcase name="test_it_redirects_user_properly with data set #1" class="Tests\Feature\Http\Auth\LoginCallbackTest" classname="Tests.Feature.Http.Auth.LoginCallbackTest" file="/php/tests/Feature/Http/Auth/LoginCallbackTest.php" line="146" assertions="4" time="0.072983"/>
          <testcase name="test_it_redirects_user_properly with data set #2" class="Tests\Feature\Http\Auth\LoginCallbackTest" classname="Tests.Feature.Http.Auth.LoginCallbackTest" file="/php/tests/Feature/Http/Auth/LoginCallbackTest.php" line="146" assertions="4" time="0.073946"/>
        </testsuite>
      </testsuite>
      <testsuite name="Tests\Feature\Http\Auth\LoginTest" file="/php/tests/Feature/Http/Auth/LoginTest.php" tests="3" assertions="6" errors="0" warnings="0" failures="0" skipped="0" time="0.168847">
        <testsuite name="Tests\Feature\Http\Auth\LoginTest::test_it_redirects_to_oauth_provider" tests="2" assertions="4" errors="0" warnings="0" failures="0" skipped="0" time="0.113083">
          <testcase name="test_it_redirects_to_oauth_provider with data set #0" class="Tests\Feature\Http\Auth\LoginTest" classname="Tests.Feature.Http.Auth.LoginTest" file="/php/tests/Feature/Http/Auth/LoginTest.php" line="12" assertions="2" time="0.057722"/>
          <testcase name="test_it_redirects_to_oauth_provider with data set #1" class="Tests\Feature\Http\Auth\LoginTest" classname="Tests.Feature.Http.Auth.LoginTest" file="/php/tests/Feature/Http/Auth/LoginTest.php" line="12" assertions="2" time="0.055361"/>
        </testsuite>
        <testcase name="test_it_stores_continue_url_for_redirect_on_login_success" class="Tests\Feature\Http\Auth\LoginTest" classname="Tests.Feature.Http.Auth.LoginTest" file="/php/tests/Feature/Http/Auth/LoginTest.php" line="19" assertions="2" time="0.055764"/>
      </testsuite>
      <testsuite name="Tests\Feature\Http\Auth\LogoutTest" file="/php/tests/Feature/Http/Auth/LogoutTest.php" tests="2" assertions="3" errors="0" warnings="0" failures="0" skipped="0" time="0.123338">
        <testcase name="test_it_requires_login" class="Tests\Feature\Http\Auth\LogoutTest" classname="Tests.Feature.Http.Auth.LogoutTest" file="/php/tests/Feature/Http/Auth/LogoutTest.php" line="14" assertions="1" time="0.059790"/>
        <testcase name="test_it_logs_out_current_user" class="Tests\Feature\Http\Auth\LogoutTest" classname="Tests.Feature.Http.Auth.LogoutTest" file="/php/tests/Feature/Http/Auth/LogoutTest.php" line="19" assertions="2" time="0.063547"/>
      </testsuite>
      <testsuite name="Tests\Feature\Http\CI\GetSnippetTest" file="/php/tests/Feature/Http/CI/GetSnippetTest.php" tests="2" assertions="30" errors="0" warnings="0" failures="1" skipped="0" time="0.143820">
        <testcase name="test_it_can_show_list_snippet" class="Tests\Feature\Http\CI\GetSnippetTest" classname="Tests.Feature.Http.CI.GetSnippetTest" file="/php/tests/Feature/Http/CI/GetSnippetTest.php" line="15" assertions="20" time="0.072690">
          <failure type="PHPUnit\Framework\ExpectationFailedException">Tests\Feature\Http\CI\GetSnippetTest::test_it_can_show_list_snippet
Failed to assert that the response count matched the expected 1
Failed asserting that actual size 4 matches expected size 1.

/php/vendor/laravel/framework/src/Illuminate/Testing/AssertableJsonString.php:73
/php/vendor/laravel/framework/src/Illuminate/Testing/TestResponse.php:790
/php/tests/Feature/Http/CI/GetSnippetTest.php:34</failure>
        </testcase>
        <testcase name="test_it_can_show_list_snippet_use_cache" class="Tests\Feature\Http\CI\GetSnippetTest" classname="Tests.Feature.Http.CI.GetSnippetTest" file="/php/tests/Feature/Http/CI/GetSnippetTest.php" line="37" assertions="10" time="0.071130"/>
      </testsuite>
      <testsuite name="Tests\Feature\Http\CI\YamlLintTest" file="/php/tests/Feature/Http/CI/YamlLintTest.php" tests="7" assertions="15" errors="0" warnings="0" failures="0" skipped="0" time="0.490566">
        <testcase name="test_it_can_validate_yaml_content" class="Tests\Feature\Http\CI\YamlLintTest" classname="Tests.Feature.Http.CI.YamlLintTest" file="/php/tests/Feature/Http/CI/YamlLintTest.php" line="15" assertions="2" time="0.072041"/>
        <testcase name="test_it_throw_error_when_content_has_wrong_structure" class="Tests\Feature\Http\CI\YamlLintTest" classname="Tests.Feature.Http.CI.YamlLintTest" file="/php/tests/Feature/Http/CI/YamlLintTest.php" line="49" assertions="2" time="0.067611"/>
        <testcase name="test_it_ignores_lint_when_content_is_empty" class="Tests\Feature\Http\CI\YamlLintTest" classname="Tests.Feature.Http.CI.YamlLintTest" file="/php/tests/Feature/Http/CI/YamlLintTest.php" line="67" assertions="2" time="0.068793"/>
        <testcase name="test_it_ignores_lint_when_content_is_not_a_string" class="Tests\Feature\Http\CI\YamlLintTest" classname="Tests.Feature.Http.CI.YamlLintTest" file="/php/tests/Feature/Http/CI/YamlLintTest.php" line="84" assertions="2" time="0.069195"/>
        <testcase name="test_it_ignores_lint_when_content_longer_than_3000" class="Tests\Feature\Http\CI\YamlLintTest" classname="Tests.Feature.Http.CI.YamlLintTest" file="/php/tests/Feature/Http/CI/YamlLintTest.php" line="103" assertions="2" time="0.069757"/>
        <testcase name="test_it_does_not_parse_content_when_show_json_is_false" class="Tests\Feature\Http\CI\YamlLintTest" classname="Tests.Feature.Http.CI.YamlLintTest" file="/php/tests/Feature/Http/CI/YamlLintTest.php" line="122" assertions="2" time="0.071660"/>
        <testcase name="test_it_ignores_when_catch_exception" class="Tests\Feature\Http\CI\YamlLintTest" classname="Tests.Feature.Http.CI.YamlLintTest" file="/php/tests/Feature/Http/CI/YamlLintTest.php" line="154" assertions="3" time="0.071509"/>
      </testsuite>
      <testsuite name="Tests\Feature\Http\Git\GitlabFilesTest" file="/php/tests/Feature/Http/Git/GitlabFilesTest.php" tests="2" assertions="8" errors="0" warnings="0" failures="0" skipped="0" time="0.143890">
        <testcase name="test_it_get_gitlab_sun_ci_yaml_file" class="Tests\Feature\Http\Git\GitlabFilesTest" classname="Tests.Feature.Http.Git.GitlabFilesTest" file="/php/tests/Feature/Http/Git/GitlabFilesTest.php" line="30" assertions="4" time="0.073893"/>
        <testcase name="test_it_can_create_file" class="Tests\Feature\Http\Git\GitlabFilesTest" classname="Tests.Feature.Http.Git.GitlabFilesTest" file="/php/tests/Feature/Http/Git/GitlabFilesTest.php" line="43" assertions="4" time="0.069997"/>
      </testsuite>
      <testsuite name="Tests\Feature\Http\GithubApp\GithubAppCallBackTest" file="/php/tests/Feature/Http/GithubApp/GithubAppCallBackTest.php" tests="2" assertions="14" errors="0" warnings="0" failures="0" skipped="0" time="0.130678">
        <testcase name="test_it_can_handle_github_app_install" class="Tests\Feature\Http\GithubApp\GithubAppCallBackTest" classname="Tests.Feature.Http.GithubApp.GithubAppCallBackTest" file="/php/tests/Feature/Http/GithubApp/GithubAppCallBackTest.php" line="27" assertions="9" time="0.067592"/>
        <testcase name="test_it_can_handle_github_app_request" class="Tests\Feature\Http\GithubApp\GithubAppCallBackTest" classname="Tests.Feature.Http.GithubApp.GithubAppCallBackTest" file="/php/tests/Feature/Http/GithubApp/GithubAppCallBackTest.php" line="58" assertions="5" time="0.063086"/>
      </testsuite>
      <testsuite name="Tests\Feature\Http\GithubApp\HandleHookTest" file="/php/tests/Feature/Http/GithubApp/HandleHookTest.php" tests="7" assertions="14" errors="0" warnings="0" failures="0" skipped="0" time="0.423361">
        <testsuite name="Tests\Feature\Http\GithubApp\HandleHookTest::test_it_can_handle_github_app_hook" tests="3" assertions="6" errors="0" warnings="0" failures="0" skipped="0" time="0.180618">
          <testcase name="test_it_can_handle_github_app_hook with data set #0" class="Tests\Feature\Http\GithubApp\HandleHookTest" classname="Tests.Feature.Http.GithubApp.HandleHookTest" file="/php/tests/Feature/Http/GithubApp/HandleHookTest.php" line="26" assertions="2" time="0.060351"/>
          <testcase name="test_it_can_handle_github_app_hook with data set #1" class="Tests\Feature\Http\GithubApp\HandleHookTest" classname="Tests.Feature.Http.GithubApp.HandleHookTest" file="/php/tests/Feature/Http/GithubApp/HandleHookTest.php" line="26" assertions="2" time="0.060425"/>
          <testcase name="test_it_can_handle_github_app_hook with data set #2" class="Tests\Feature\Http\GithubApp\HandleHookTest" classname="Tests.Feature.Http.GithubApp.HandleHookTest" file="/php/tests/Feature/Http/GithubApp/HandleHookTest.php" line="26" assertions="2" time="0.059842"/>
        </testsuite>
        <testsuite name="Tests\Feature\Http\GithubApp\HandleHookTest::test_it_can_handle_with_invalid_payload_signature" tests="3" assertions="6" errors="0" warnings="0" failures="0" skipped="0" time="0.181376">
          <testcase name="test_it_can_handle_with_invalid_payload_signature with data set #0" class="Tests\Feature\Http\GithubApp\HandleHookTest" classname="Tests.Feature.Http.GithubApp.HandleHookTest" file="/php/tests/Feature/Http/GithubApp/HandleHookTest.php" line="47" assertions="2" time="0.060341"/>
          <testcase name="test_it_can_handle_with_invalid_payload_signature with data set #1" class="Tests\Feature\Http\GithubApp\HandleHookTest" classname="Tests.Feature.Http.GithubApp.HandleHookTest" file="/php/tests/Feature/Http/GithubApp/HandleHookTest.php" line="47" assertions="2" time="0.060193"/>
          <testcase name="test_it_can_handle_with_invalid_payload_signature with data set #2" class="Tests\Feature\Http\GithubApp\HandleHookTest" classname="Tests.Feature.Http.GithubApp.HandleHookTest" file="/php/tests/Feature/Http/GithubApp/HandleHookTest.php" line="47" assertions="2" time="0.060842"/>
        </testsuite>
        <testcase name="test_it_can_handle_with_unsupported_action_hook" class="Tests\Feature\Http\GithubApp\HandleHookTest" classname="Tests.Feature.Http.GithubApp.HandleHookTest" file="/php/tests/Feature/Http/GithubApp/HandleHookTest.php" line="62" assertions="2" time="0.061367"/>
      </testsuite>
      <testsuite name="Tests\Feature\Http\Jobs\CancelJobTest" file="/php/tests/Feature/Http/Jobs/CancelJobTest.php" tests="7" assertions="15" errors="0" warnings="0" failures="0" skipped="0" time="0.952438">
        <testcase name="test_it_requires_login" class="Tests\Feature\Http\Jobs\CancelJobTest" classname="Tests.Feature.Http.Jobs.CancelJobTest" file="/php/tests/Feature/Http/Jobs/CancelJobTest.php" line="32" assertions="1" time="0.091747"/>
        <testcase name="test_it_checks_for_user_permission" class="Tests\Feature\Http\Jobs\CancelJobTest" classname="Tests.Feature.Http.Jobs.CancelJobTest" file="/php/tests/Feature/Http/Jobs/CancelJobTest.php" line="43" assertions="1" time="0.097173"/>
        <testsuite name="Tests\Feature\Http\Jobs\CancelJobTest::test_it_checks_for_job_status" tests="3" assertions="3" errors="0" warnings="0" failures="0" skipped="0" time="0.308443">
          <testcase name="test_it_checks_for_job_status with data set #0" class="Tests\Feature\Http\Jobs\CancelJobTest" classname="Tests.Feature.Http.Jobs.CancelJobTest" file="/php/tests/Feature/Http/Jobs/CancelJobTest.php" line="59" assertions="1" time="0.114277"/>
          <testcase name="test_it_checks_for_job_status with data set #1" class="Tests\Feature\Http\Jobs\CancelJobTest" classname="Tests.Feature.Http.Jobs.CancelJobTest" file="/php/tests/Feature/Http/Jobs/CancelJobTest.php" line="59" assertions="1" time="0.096758"/>
          <testcase name="test_it_checks_for_job_status with data set #2" class="Tests\Feature\Http\Jobs\CancelJobTest" classname="Tests.Feature.Http.Jobs.CancelJobTest" file="/php/tests/Feature/Http/Jobs/CancelJobTest.php" line="59" assertions="1" time="0.097409"/>
        </testsuite>
        <testcase name="test_it_cancels_a_single_job" class="Tests\Feature\Http\Jobs\CancelJobTest" classname="Tests.Feature.Http.Jobs.CancelJobTest" file="/php/tests/Feature/Http/Jobs/CancelJobTest.php" line="75" assertions="6" time="0.214423"/>
        <testcase name="test_it_updates_build_status_when_canceling_last_job" class="Tests\Feature\Http\Jobs\CancelJobTest" classname="Tests.Feature.Http.Jobs.CancelJobTest" file="/php/tests/Feature/Http/Jobs/CancelJobTest.php" line="108" assertions="4" time="0.240652"/>
      </testsuite>
      <testsuite name="Tests\Feature\Http\Jobs\GetJobLogTest" file="/php/tests/Feature/Http/Jobs/GetJobLogTest.php" tests="2" assertions="4" errors="0" warnings="0" failures="0" skipped="0" time="0.227343">
        <testcase name="test_it_gets_job_log" class="Tests\Feature\Http\Jobs\GetJobLogTest" classname="Tests.Feature.Http.Jobs.GetJobLogTest" file="/php/tests/Feature/Http/Jobs/GetJobLogTest.php" line="22" assertions="1" time="0.104951"/>
        <testcase name="test_it_authorizes_user" class="Tests\Feature\Http\Jobs\GetJobLogTest" classname="Tests.Feature.Http.Jobs.GetJobLogTest" file="/php/tests/Feature/Http/Jobs/GetJobLogTest.php" line="37" assertions="3" time="0.122392"/>
      </testsuite>
      <testsuite name="Tests\Feature\Http\Jobs\RetryJobTest" file="/php/tests/Feature/Http/Jobs/RetryJobTest.php" tests="5" assertions="73" errors="0" warnings="0" failures="0" skipped="0" time="0.658240">
        <testsuite name="Tests\Feature\Http\Jobs\RetryJobTest::test_it_can_retry_job" tests="3" assertions="54" errors="0" warnings="0" failures="0" skipped="0" time="0.402248">
          <testcase name="test_it_can_retry_job with data set #0" class="Tests\Feature\Http\Jobs\RetryJobTest" classname="Tests.Feature.Http.Jobs.RetryJobTest" file="/php/tests/Feature/Http/Jobs/RetryJobTest.php" line="33" assertions="18" time="0.134268"/>
          <testcase name="test_it_can_retry_job with data set #1" class="Tests\Feature\Http\Jobs\RetryJobTest" classname="Tests.Feature.Http.Jobs.RetryJobTest" file="/php/tests/Feature/Http/Jobs/RetryJobTest.php" line="33" assertions="18" time="0.133593"/>
          <testcase name="test_it_can_retry_job with data set #2" class="Tests\Feature\Http\Jobs\RetryJobTest" classname="Tests.Feature.Http.Jobs.RetryJobTest" file="/php/tests/Feature/Http/Jobs/RetryJobTest.php" line="33" assertions="18" time="0.134387"/>
        </testsuite>
        <testcase name="test_it_cannot_retry_job" class="Tests\Feature\Http\Jobs\RetryJobTest" classname="Tests.Feature.Http.Jobs.RetryJobTest" file="/php/tests/Feature/Http/Jobs/RetryJobTest.php" line="76" assertions="1" time="0.103921"/>
        <testcase name="test_it_can_retry_shared_workspace_job" class="Tests\Feature\Http\Jobs\RetryJobTest" classname="Tests.Feature.Http.Jobs.RetryJobTest" file="/php/tests/Feature/Http/Jobs/RetryJobTest.php" line="99" assertions="18" time="0.152072"/>
      </testsuite>
      <testsuite name="Tests\Feature\Http\Jobs\TriggerTest" file="/php/tests/Feature/Http/Jobs/TriggerTest.php" tests="3" assertions="20" errors="0" warnings="0" failures="0" skipped="0" time="0.373401">
        <testcase name="test_it_can_trigger_job" class="Tests\Feature\Http\Jobs\TriggerTest" classname="Tests.Feature.Http.Jobs.TriggerTest" file="/php/tests/Feature/Http/Jobs/TriggerTest.php" line="30" assertions="18" time="0.129437"/>
        <testcase name="test_it_cannot_trigger_job_when_manual_false" class="Tests\Feature\Http\Jobs\TriggerTest" classname="Tests.Feature.Http.Jobs.TriggerTest" file="/php/tests/Feature/Http/Jobs/TriggerTest.php" line="82" assertions="1" time="0.127374"/>
        <testcase name="test_it_cannot_trigger_job_when_before_stages_not_passed" class="Tests\Feature\Http\Jobs\TriggerTest" classname="Tests.Feature.Http.Jobs.TriggerTest" file="/php/tests/Feature/Http/Jobs/TriggerTest.php" line="114" assertions="1" time="0.116590"/>
      </testsuite>
      <testsuite name="Tests\Feature\Http\Repositories\Badges\GetCoverageBadgeTest" file="/php/tests/Feature/Http/Repositories/Badges/GetCoverageBadgeTest.php" tests="7" assertions="55" errors="0" warnings="0" failures="0" skipped="0" time="0.735696">
        <testcase name="test_it_doesnt_require_login_for_public_repo" class="Tests\Feature\Http\Repositories\Badges\GetCoverageBadgeTest" classname="Tests.Feature.Http.Repositories.Badges.GetCoverageBadgeTest" file="/php/tests/Feature/Http/Repositories/Badges/GetCoverageBadgeTest.php" line="17" assertions="1" time="0.077856"/>
        <testcase name="test_it_requires_permission_for_private_repo" class="Tests\Feature\Http\Repositories\Badges\GetCoverageBadgeTest" classname="Tests.Feature.Http.Repositories.Badges.GetCoverageBadgeTest" file="/php/tests/Feature/Http/Repositories/Badges/GetCoverageBadgeTest.php" line="27" assertions="1" time="0.070306"/>
        <testcase name="test_it_block_view_from_unauthorized_user" class="Tests\Feature\Http\Repositories\Badges\GetCoverageBadgeTest" classname="Tests.Feature.Http.Repositories.Badges.GetCoverageBadgeTest" file="/php/tests/Feature/Http/Repositories/Badges/GetCoverageBadgeTest.php" line="37" assertions="2" time="0.098482"/>
        <testcase name="test_it_allows_view_from_authorized_user_have_token" class="Tests\Feature\Http\Repositories\Badges\GetCoverageBadgeTest" classname="Tests.Feature.Http.Repositories.Badges.GetCoverageBadgeTest" file="/php/tests/Feature/Http/Repositories/Badges/GetCoverageBadgeTest.php" line="58" assertions="1" time="0.084128"/>
        <testcase name="test_it_gets_coverage_badge_from_correct_branch" class="Tests\Feature\Http\Repositories\Badges\GetCoverageBadgeTest" classname="Tests.Feature.Http.Repositories.Badges.GetCoverageBadgeTest" file="/php/tests/Feature/Http/Repositories/Badges/GetCoverageBadgeTest.php" line="71" assertions="15" time="0.126727"/>
        <testcase name="test_it_gets_coverage_badge_from_correct_status" class="Tests\Feature\Http\Repositories\Badges\GetCoverageBadgeTest" classname="Tests.Feature.Http.Repositories.Badges.GetCoverageBadgeTest" file="/php/tests/Feature/Http/Repositories/Badges/GetCoverageBadgeTest.php" line="110" assertions="15" time="0.140957"/>
        <testcase name="test_it_gets_coverage_badge_with_correct_text" class="Tests\Feature\Http\Repositories\Badges\GetCoverageBadgeTest" classname="Tests.Feature.Http.Repositories.Badges.GetCoverageBadgeTest" file="/php/tests/Feature/Http/Repositories/Badges/GetCoverageBadgeTest.php" line="156" assertions="20" time="0.137239"/>
      </testsuite>
      <testsuite name="Tests\Feature\Http\Repositories\Badges\GetStatusBadgeTest" file="/php/tests/Feature/Http/Repositories/Badges/GetStatusBadgeTest.php" tests="12" assertions="55" errors="0" warnings="0" failures="0" skipped="0" time="0.995447">
        <testcase name="test_it_doesnt_require_login_for_public_repo" class="Tests\Feature\Http\Repositories\Badges\GetStatusBadgeTest" classname="Tests.Feature.Http.Repositories.Badges.GetStatusBadgeTest" file="/php/tests/Feature/Http/Repositories/Badges/GetStatusBadgeTest.php" line="16" assertions="1" time="0.076017"/>
        <testcase name="test_it_requires_permission_for_private_repo" class="Tests\Feature\Http\Repositories\Badges\GetStatusBadgeTest" classname="Tests.Feature.Http.Repositories.Badges.GetStatusBadgeTest" file="/php/tests/Feature/Http/Repositories/Badges/GetStatusBadgeTest.php" line="26" assertions="1" time="0.069631"/>
        <testcase name="test_it_block_view_from_unauthorized_user" class="Tests\Feature\Http\Repositories\Badges\GetStatusBadgeTest" classname="Tests.Feature.Http.Repositories.Badges.GetStatusBadgeTest" file="/php/tests/Feature/Http/Repositories/Badges/GetStatusBadgeTest.php" line="36" assertions="2" time="0.096823"/>
        <testcase name="test_it_allows_view_from_authorized_user_have_token" class="Tests\Feature\Http\Repositories\Badges\GetStatusBadgeTest" classname="Tests.Feature.Http.Repositories.Badges.GetStatusBadgeTest" file="/php/tests/Feature/Http/Repositories/Badges/GetStatusBadgeTest.php" line="57" assertions="1" time="0.083826"/>
        <testcase name="test_it_gets_status_badge_from_correct_branch" class="Tests\Feature\Http\Repositories\Badges\GetStatusBadgeTest" classname="Tests.Feature.Http.Repositories.Badges.GetStatusBadgeTest" file="/php/tests/Feature/Http/Repositories/Badges/GetStatusBadgeTest.php" line="70" assertions="15" time="0.123218"/>
        <testsuite name="Tests\Feature\Http\Repositories\Badges\GetStatusBadgeTest::test_it_gets_status_badge_with_correct_content" tests="7" assertions="35" errors="0" warnings="0" failures="0" skipped="0" time="0.545932">
          <testcase name="test_it_gets_status_badge_with_correct_content with data set #0" class="Tests\Feature\Http\Repositories\Badges\GetStatusBadgeTest" classname="Tests.Feature.Http.Repositories.Badges.GetStatusBadgeTest" file="/php/tests/Feature/Http/Repositories/Badges/GetStatusBadgeTest.php" line="108" assertions="5" time="0.082041"/>
          <testcase name="test_it_gets_status_badge_with_correct_content with data set #1" class="Tests\Feature\Http\Repositories\Badges\GetStatusBadgeTest" classname="Tests.Feature.Http.Repositories.Badges.GetStatusBadgeTest" file="/php/tests/Feature/Http/Repositories/Badges/GetStatusBadgeTest.php" line="108" assertions="5" time="0.081534"/>
          <testcase name="test_it_gets_status_badge_with_correct_content with data set #2" class="Tests\Feature\Http\Repositories\Badges\GetStatusBadgeTest" classname="Tests.Feature.Http.Repositories.Badges.GetStatusBadgeTest" file="/php/tests/Feature/Http/Repositories/Badges/GetStatusBadgeTest.php" line="108" assertions="5" time="0.078584"/>
          <testcase name="test_it_gets_status_badge_with_correct_content with data set #3" class="Tests\Feature\Http\Repositories\Badges\GetStatusBadgeTest" classname="Tests.Feature.Http.Repositories.Badges.GetStatusBadgeTest" file="/php/tests/Feature/Http/Repositories/Badges/GetStatusBadgeTest.php" line="108" assertions="5" time="0.078660"/>
          <testcase name="test_it_gets_status_badge_with_correct_content with data set #4" class="Tests\Feature\Http\Repositories\Badges\GetStatusBadgeTest" classname="Tests.Feature.Http.Repositories.Badges.GetStatusBadgeTest" file="/php/tests/Feature/Http/Repositories/Badges/GetStatusBadgeTest.php" line="108" assertions="5" time="0.077232"/>
          <testcase name="test_it_gets_status_badge_with_correct_content with data set #5" class="Tests\Feature\Http\Repositories\Badges\GetStatusBadgeTest" classname="Tests.Feature.Http.Repositories.Badges.GetStatusBadgeTest" file="/php/tests/Feature/Http/Repositories/Badges/GetStatusBadgeTest.php" line="108" assertions="5" time="0.075854"/>
          <testcase name="test_it_gets_status_badge_with_correct_content with data set #6" class="Tests\Feature\Http\Repositories\Badges\GetStatusBadgeTest" classname="Tests.Feature.Http.Repositories.Badges.GetStatusBadgeTest" file="/php/tests/Feature/Http/Repositories/Badges/GetStatusBadgeTest.php" line="108" assertions="5" time="0.072028"/>
        </testsuite>
      </testsuite>
      <testsuite name="Tests\Feature\Http\Repositories\Builds\CancelBuildTest" file="/php/tests/Feature/Http/Repositories/Builds/CancelBuildTest.php" tests="3" assertions="43" errors="0" warnings="0" failures="0" skipped="0" time="0.360401">
        <testcase name="test_it_requires_login" class="Tests\Feature\Http\Repositories\Builds\CancelBuildTest" classname="Tests.Feature.Http.Repositories.Builds.CancelBuildTest" file="/php/tests/Feature/Http/Repositories/Builds/CancelBuildTest.php" line="31" assertions="1" time="0.075008"/>
        <testcase name="test_it_checks_for_user_permission" class="Tests\Feature\Http\Repositories\Builds\CancelBuildTest" classname="Tests.Feature.Http.Repositories.Builds.CancelBuildTest" file="/php/tests/Feature/Http/Repositories/Builds/CancelBuildTest.php" line="42" assertions="1" time="0.082926"/>
        <testcase name="test_it_cancel_build" class="Tests\Feature\Http\Repositories\Builds\CancelBuildTest" classname="Tests.Feature.Http.Repositories.Builds.CancelBuildTest" file="/php/tests/Feature/Http/Repositories/Builds/CancelBuildTest.php" line="55" assertions="41" time="0.202467"/>
      </testsuite>
      <testsuite name="Test\Feature\Http\Repositories\Builds\GetArtifactsTest" file="/php/tests/Feature/Http/Repositories/Builds/GetArtifactsTest.php" tests="2" assertions="6" errors="0" warnings="0" failures="0" skipped="0" time="0.193236">
        <testsuite name="Test\Feature\Http\Repositories\Builds\GetArtifactsTest::test_it_can_get_artifacts" tests="2" assertions="6" errors="0" warnings="0" failures="0" skipped="0" time="0.193236">
          <testcase name="test_it_can_get_artifacts with data set #0" class="Test\Feature\Http\Repositories\Builds\GetArtifactsTest" classname="Test.Feature.Http.Repositories.Builds.GetArtifactsTest" file="/php/tests/Feature/Http/Repositories/Builds/GetArtifactsTest.php" line="18" assertions="3" time="0.099524"/>
          <testcase name="test_it_can_get_artifacts with data set #1" class="Test\Feature\Http\Repositories\Builds\GetArtifactsTest" classname="Test.Feature.Http.Repositories.Builds.GetArtifactsTest" file="/php/tests/Feature/Http/Repositories/Builds/GetArtifactsTest.php" line="18" assertions="3" time="0.093712"/>
        </testsuite>
      </testsuite>
      <testsuite name="Tests\Feature\Http\Repositories\Builds\GetBuildDetailTest" file="/php/tests/Feature/Http/Repositories/Builds/GetBuildDetailTest.php" tests="2" assertions="56" errors="0" warnings="0" failures="0" skipped="0" time="0.221993">
        <testsuite name="Tests\Feature\Http\Repositories\Builds\GetBuildDetailTest::test_it_gets_build_details" tests="2" assertions="56" errors="0" warnings="0" failures="0" skipped="0" time="0.221993">
          <testcase name="test_it_gets_build_details with data set #0" class="Tests\Feature\Http\Repositories\Builds\GetBuildDetailTest" classname="Tests.Feature.Http.Repositories.Builds.GetBuildDetailTest" file="/php/tests/Feature/Http/Repositories/Builds/GetBuildDetailTest.php" line="18" assertions="28" time="0.120724"/>
          <testcase name="test_it_gets_build_details with data set #1" class="Tests\Feature\Http\Repositories\Builds\GetBuildDetailTest" classname="Tests.Feature.Http.Repositories.Builds.GetBuildDetailTest" file="/php/tests/Feature/Http/Repositories/Builds/GetBuildDetailTest.php" line="18" assertions="28" time="0.101269"/>
        </testsuite>
      </testsuite>
      <testsuite name="Test\Feature\Http\Repositories\Builds\GetConfigTest" file="/php/tests/Feature/Http/Repositories/Builds/GetConfigTest.php" tests="4" assertions="18" errors="0" warnings="0" failures="0" skipped="0" time="0.392954">
        <testsuite name="Test\Feature\Http\Repositories\Builds\GetConfigTest::test_it_can_get_config" tests="2" assertions="8" errors="0" warnings="0" failures="0" skipped="0" time="0.180375">
          <testcase name="test_it_can_get_config with data set #0" class="Test\Feature\Http\Repositories\Builds\GetConfigTest" classname="Test.Feature.Http.Repositories.Builds.GetConfigTest" file="/php/tests/Feature/Http/Repositories/Builds/GetConfigTest.php" line="20" assertions="4" time="0.089708"/>
          <testcase name="test_it_can_get_config with data set #1" class="Test\Feature\Http\Repositories\Builds\GetConfigTest" classname="Test.Feature.Http.Repositories.Builds.GetConfigTest" file="/php/tests/Feature/Http/Repositories/Builds/GetConfigTest.php" line="20" assertions="4" time="0.090667"/>
        </testsuite>
        <testcase name="test_it_ignore_when_catch_parse_exception" class="Test\Feature\Http\Repositories\Builds\GetConfigTest" classname="Test.Feature.Http.Repositories.Builds.GetConfigTest" file="/php/tests/Feature/Http/Repositories/Builds/GetConfigTest.php" line="42" assertions="5" time="0.091414"/>
        <testcase name="test_it_ignore_when_catch_runtime_exception" class="Test\Feature\Http\Repositories\Builds\GetConfigTest" classname="Test.Feature.Http.Repositories.Builds.GetConfigTest" file="/php/tests/Feature/Http/Repositories/Builds/GetConfigTest.php" line="68" assertions="5" time="0.121165"/>
      </testsuite>
      <testsuite name="Test\Feature\Http\Repositories\Builds\GetTestResultsTest" file="/php/tests/Feature/Http/Repositories/Builds/GetTestResultsTest.php" tests="2" assertions="3" errors="0" warnings="0" failures="1" skipped="0" time="0.300723">
        <testcase name="test_it_requires_permission_for_private_repo" class="Test\Feature\Http\Repositories\Builds\GetTestResultsTest" classname="Test.Feature.Http.Repositories.Builds.GetTestResultsTest" file="/php/tests/Feature/Http/Repositories/Builds/GetTestResultsTest.php" line="18" assertions="2" time="0.118975"/>
        <testcase name="test_it_can_get_test_results" class="Test\Feature\Http\Repositories\Builds\GetTestResultsTest" classname="Test.Feature.Http.Repositories.Builds.GetTestResultsTest" file="/php/tests/Feature/Http/Repositories/Builds/GetTestResultsTest.php" line="44" assertions="1" time="0.181748">
          <failure type="PHPUnit\Framework\ExpectationFailedException">Test\Feature\Http\Repositories\Builds\GetTestResultsTest::test_it_can_get_test_results
Expected response status code [200] but received 500.

The following exception occurred during the request:

App\Exceptions\CI\ParseYamlException: Undefined job Job 5 in /php/app/CI/Yaml/JobParser.php:47
Stack trace:
#0 /php/app/CI/Yaml/Parser.php(101): App\CI\Yaml\JobParser-&gt;getConfig(Array, 'Job 5')
#1 /php/app/Http/Resources/TestResultResource.php(54): App\CI\Yaml\Parser-&gt;getJobConfig(Array, 'Job 5')
#2 /php/app/Http/Resources/TestResultResource.php(22): App\Http\Resources\TestResultResource-&gt;getTestResultPath(Object(App\Models\Job))
#3 /php/vendor/laravel/framework/src/Illuminate/Collections/HigherOrderCollectionProxy.php(60): App\Http\Resources\TestResultResource-&gt;toArray(Object(Illuminate\Http\Request))
#4 [internal function]: Illuminate\Support\HigherOrderCollectionProxy-&gt;Illuminate\Support\{closure}(Object(App\Http\Resources\TestResultResource), 0)
#5 /php/vendor/laravel/framework/src/Illuminate/Collections/Collection.php(640): array_map(Object(Closure), Array, Array)
#6 /php/vendor/laravel/framework/src/Illuminate/Collections/HigherOrderCollectionProxy.php(61): Illuminate\Support\Collection-&gt;map(Object(Closure))
#7 /php/vendor/laravel/framework/src/Illuminate/Http/Resources/Json/ResourceCollection.php(102): Illuminate\Support\HigherOrderCollectionProxy-&gt;__call('toArray', Array)
#8 /php/vendor/laravel/framework/src/Illuminate/Http/Resources/Json/JsonResource.php(95): Illuminate\Http\Resources\Json\ResourceCollection-&gt;toArray(Object(Illuminate\Http\Request))
#9 /php/vendor/laravel/framework/src/Illuminate/Http/Resources/Json/ResourceResponse.php(39): Illuminate\Http\Resources\Json\JsonResource-&gt;resolve(Object(Illuminate\Http\Request))
#10 /php/vendor/laravel/framework/src/Illuminate/Http/Resources/Json/JsonResource.php(221): Illuminate\Http\Resources\Json\ResourceResponse-&gt;toResponse(Object(Illuminate\Http\Request))
#11 /php/vendor/laravel/framework/src/Illuminate/Http/Resources/Json/ResourceCollection.php(117): Illuminate\Http\Resources\Json\JsonResource-&gt;toResponse(Object(Illuminate\Http\Request))
#12 /php/vendor/laravel/framework/src/Illuminate/Routing/Router.php(776): Illuminate\Http\Resources\Json\ResourceCollection-&gt;toResponse(Object(Illuminate\Http\Request))
#13 /php/vendor/laravel/framework/src/Illuminate/Routing/Router.php(763): Illuminate\Routing\Router::toResponse(Object(Illuminate\Http\Request), Object(Illuminate\Http\Resources\Json\AnonymousResourceCollection))
#14 /php/vendor/laravel/framework/src/Illuminate/Routing/Router.php(695): Illuminate\Routing\Router-&gt;prepareResponse(Object(Illuminate\Http\Request), Object(Illuminate\Http\Resources\Json\AnonymousResourceCollection))
#15 /php/vendor/laravel/framework/src/Illuminate/Pipeline/Pipeline.php(128): Illuminate\Routing\Router-&gt;Illuminate\Routing\{closure}(Object(Illuminate\Http\Request))
#16 /php/vendor/laravel/framework/src/Illuminate/Auth/Middleware/Authorize.php(45): Illuminate\Pipeline\Pipeline-&gt;Illuminate\Pipeline\{closure}(Object(Illuminate\Http\Request))
#17 /php/vendor/laravel/framework/src/Illuminate/Pipeline/Pipeline.php(167): Illuminate\Auth\Middleware\Authorize-&gt;handle(Object(Illuminate\Http\Request), Object(Closure), 'view', 'repository')
#18 /php/vendor/laravel/framework/src/Illuminate/Routing/Middleware/SubstituteBindings.php(50): Illuminate\Pipeline\Pipeline-&gt;Illuminate\Pipeline\{closure}(Object(Illuminate\Http\Request))
#19 /php/vendor/laravel/framework/src/Illuminate/Pipeline/Pipeline.php(167): Illuminate\Routing\Middleware\SubstituteBindings-&gt;handle(Object(Illuminate\Http\Request), Object(Closure))
#20 /php/vendor/laravel/framework/src/Illuminate/Foundation/Http/Middleware/VerifyCsrfToken.php(78): Illuminate\Pipeline\Pipeline-&gt;Illuminate\Pipeline\{closure}(Object(Illuminate\Http\Request))
#21 /php/vendor/laravel/framework/src/Illuminate/Pipeline/Pipeline.php(167): Illuminate\Foundation\Http\Middleware\VerifyCsrfToken-&gt;handle(Object(Illuminate\Http\Request), Object(Closure))
#22 /php/vendor/laravel/framework/src/Illuminate/View/Middleware/ShareErrorsFromSession.php(49): Illuminate\Pipeline\Pipeline-&gt;Illuminate\Pipeline\{closure}(Object(Illuminate\Http\Request))
#23 /php/vendor/laravel/framework/src/Illuminate/Pipeline/Pipeline.php(167): Illuminate\View\Middleware\ShareErrorsFromSession-&gt;handle(Object(Illuminate\Http\Request), Object(Closure))
#24 /php/vendor/laravel/framework/src/Illuminate/Session/Middleware/StartSession.php(121): Illuminate\Pipeline\Pipeline-&gt;Illuminate\Pipeline\{closure}(Object(Illuminate\Http\Request))
#25 /php/vendor/laravel/framework/src/Illuminate/Session/Middleware/StartSession.php(64): Illuminate\Session\Middleware\StartSession-&gt;handleStatefulRequest(Object(Illuminate\Http\Request), Object(Illuminate\Session\Store), Object(Closure))
#26 /php/vendor/laravel/framework/src/Illuminate/Pipeline/Pipeline.php(167): Illuminate\Session\Middleware\StartSession-&gt;handle(Object(Illuminate\Http\Request), Object(Closure))
#27 /php/vendor/laravel/framework/src/Illuminate/Cookie/Middleware/AddQueuedCookiesToResponse.php(37): Illuminate\Pipeline\Pipeline-&gt;Illuminate\Pipeline\{closure}(Object(Illuminate\Http\Request))
#28 /php/vendor/laravel/framework/src/Illuminate/Pipeline/Pipeline.php(167): Illuminate\Cookie\Middleware\AddQueuedCookiesToResponse-&gt;handle(Object(Illuminate\Http\Request), Object(Closure))
#29 /php/vendor/laravel/framework/src/Illuminate/Cookie/Middleware/EncryptCookies.php(67): Illuminate\Pipeline\Pipeline-&gt;Illuminate\Pipeline\{closure}(Object(Illuminate\Http\Request))
#30 /php/vendor/laravel/framework/src/Illuminate/Pipeline/Pipeline.php(167): Illuminate\Cookie\Middleware\EncryptCookies-&gt;handle(Object(Illuminate\Http\Request), Object(Closure))
#31 /php/vendor/laravel/framework/src/Illuminate/Pipeline/Pipeline.php(103): Illuminate\Pipeline\Pipeline-&gt;Illuminate\Pipeline\{closure}(Object(Illuminate\Http\Request))
#32 /php/vendor/laravel/framework/src/Illuminate/Routing/Router.php(697): Illuminate\Pipeline\Pipeline-&gt;then(Object(Closure))
#33 /php/vendor/laravel/framework/src/Illuminate/Routing/Router.php(672): Illuminate\Routing\Router-&gt;runRouteWithinStack(Object(Illuminate\Routing\Route), Object(Illuminate\Http\Request))
#34 /php/vendor/laravel/framework/src/Illuminate/Routing/Router.php(636): Illuminate\Routing\Router-&gt;runRoute(Object(Illuminate\Http\Request), Object(Illuminate\Routing\Route))
#35 /php/vendor/laravel/framework/src/Illuminate/Routing/Router.php(625): Illuminate\Routing\Router-&gt;dispatchToRoute(Object(Illuminate\Http\Request))
#36 /php/vendor/laravel/framework/src/Illuminate/Foundation/Http/Kernel.php(166): Illuminate\Routing\Router-&gt;dispatch(Object(Illuminate\Http\Request))
#37 /php/vendor/laravel/framework/src/Illuminate/Pipeline/Pipeline.php(128): Illuminate\Foundation\Http\Kernel-&gt;Illuminate\Foundation\Http\{closure}(Object(Illuminate\Http\Request))
#38 /php/vendor/laravel/framework/src/Illuminate/Foundation/Http/Middleware/TransformsRequest.php(21): Illuminate\Pipeline\Pipeline-&gt;Illuminate\Pipeline\{closure}(Object(Illuminate\Http\Request))
#39 /php/vendor/laravel/framework/src/Illuminate/Foundation/Http/Middleware/ConvertEmptyStringsToNull.php(31): Illuminate\Foundation\Http\Middleware\TransformsRequest-&gt;handle(Object(Illuminate\Http\Request), Object(Closure))
#40 /php/vendor/laravel/framework/src/Illuminate/Pipeline/Pipeline.php(167): Illuminate\Foundation\Http\Middleware\ConvertEmptyStringsToNull-&gt;handle(Object(Illuminate\Http\Request), Object(Closure))
#41 /php/vendor/laravel/framework/src/Illuminate/Foundation/Http/Middleware/TransformsRequest.php(21): Illuminate\Pipeline\Pipeline-&gt;Illuminate\Pipeline\{closure}(Object(Illuminate\Http\Request))
#42 /php/vendor/laravel/framework/src/Illuminate/Foundation/Http/Middleware/TrimStrings.php(40): Illuminate\Foundation\Http\Middleware\TransformsRequest-&gt;handle(Object(Illuminate\Http\Request), Object(Closure))
#43 /php/vendor/laravel/framework/src/Illuminate/Pipeline/Pipeline.php(167): Illuminate\Foundation\Http\Middleware\TrimStrings-&gt;handle(Object(Illuminate\Http\Request), Object(Closure))
#44 /php/vendor/laravel/framework/src/Illuminate/Foundation/Http/Middleware/ValidatePostSize.php(27): Illuminate\Pipeline\Pipeline-&gt;Illuminate\Pipeline\{closure}(Object(Illuminate\Http\Request))
#45 /php/vendor/laravel/framework/src/Illuminate/Pipeline/Pipeline.php(167): Illuminate\Foundation\Http\Middleware\ValidatePostSize-&gt;handle(Object(Illuminate\Http\Request), Object(Closure))
#46 /php/vendor/laravel/framework/src/Illuminate/Foundation/Http/Middleware/PreventRequestsDuringMaintenance.php(86): Illuminate\Pipeline\Pipeline-&gt;Illuminate\Pipeline\{closure}(Object(Illuminate\Http\Request))
#47 /php/vendor/laravel/framework/src/Illuminate/Pipeline/Pipeline.php(167): Illuminate\Foundation\Http\Middleware\PreventRequestsDuringMaintenance-&gt;handle(Object(Illuminate\Http\Request), Object(Closure))
#48 /php/vendor/fideloper/proxy/src/TrustProxies.php(57): Illuminate\Pipeline\Pipeline-&gt;Illuminate\Pipeline\{closure}(Object(Illuminate\Http\Request))
#49 /php/vendor/laravel/framework/src/Illuminate/Pipeline/Pipeline.php(167): Fideloper\Proxy\TrustProxies-&gt;handle(Object(Illuminate\Http\Request), Object(Closure))
#50 /php/vendor/laravel/framework/src/Illuminate/Pipeline/Pipeline.php(103): Illuminate\Pipeline\Pipeline-&gt;Illuminate\Pipeline\{closure}(Object(Illuminate\Http\Request))
#51 /php/vendor/laravel/framework/src/Illuminate/Foundation/Http/Kernel.php(141): Illuminate\Pipeline\Pipeline-&gt;then(Object(Closure))
#52 /php/vendor/laravel/framework/src/Illuminate/Foundation/Http/Kernel.php(110): Illuminate\Foundation\Http\Kernel-&gt;sendRequestThroughRouter(Object(Illuminate\Http\Request))
#53 /php/vendor/laravel/framework/src/Illuminate/Foundation/Testing/Concerns/MakesHttpRequests.php(510): Illuminate\Foundation\Http\Kernel-&gt;handle(Object(Illuminate\Http\Request))
#54 /php/vendor/laravel/framework/src/Illuminate/Foundation/Testing/Concerns/MakesHttpRequests.php(294): Illuminate\Foundation\Testing\TestCase-&gt;call('GET', 'api/github/frit...', Array, Array, Array, Array)
#55 /php/tests/Feature/Http/Repositories/Builds/GetTestResultsTest.php(59): Illuminate\Foundation\Testing\TestCase-&gt;get('api/github/frit...')
#56 /php/vendor/phpunit/phpunit/src/Framework/TestCase.php(1527): Test\Feature\Http\Repositories\Builds\GetTestResultsTest-&gt;test_it_can_get_test_results()
#57 /php/vendor/phpunit/phpunit/src/Framework/TestCase.php(1133): PHPUnit\Framework\TestCase-&gt;runTest()
#58 /php/vendor/phpunit/phpunit/src/Framework/TestResult.php(722): PHPUnit\Framework\TestCase-&gt;runBare()
#59 /php/vendor/phpunit/phpunit/src/Framework/TestCase.php(885): PHPUnit\Framework\TestResult-&gt;run(Object(Test\Feature\Http\Repositories\Builds\GetTestResultsTest))
#60 /php/vendor/phpunit/phpunit/src/Framework/TestSuite.php(678): PHPUnit\Framework\TestCase-&gt;run(Object(PHPUnit\Framework\TestResult))
#61 /php/vendor/phpunit/phpunit/src/Framework/TestSuite.php(678): PHPUnit\Framework\TestSuite-&gt;run(Object(PHPUnit\Framework\TestResult))
#62 /php/vendor/phpunit/phpunit/src/Framework/TestSuite.php(678): PHPUnit\Framework\TestSuite-&gt;run(Object(PHPUnit\Framework\TestResult))
#63 /php/vendor/phpunit/phpunit/src/TextUI/TestRunner.php(670): PHPUnit\Framework\TestSuite-&gt;run(Object(PHPUnit\Framework\TestResult))
#64 /php/vendor/phpunit/phpunit/src/TextUI/Command.php(143): PHPUnit\TextUI\TestRunner-&gt;run(Object(PHPUnit\Framework\TestSuite), Array, Array, true)
#65 /php/vendor/phpunit/phpunit/src/TextUI/Command.php(96): PHPUnit\TextUI\Command-&gt;run(Array, true)
#66 /php/vendor/phpunit/phpunit/phpunit(92): PHPUnit\TextUI\Command::main()
#67 {main}
Failed asserting that 200 is identical to 500.

/php/vendor/laravel/framework/src/Illuminate/Testing/TestResponse.php:177
/php/vendor/laravel/framework/src/Illuminate/Testing/TestResponse.php:99
/php/tests/Feature/Http/Repositories/Builds/GetTestResultsTest.php:60</failure>
        </testcase>
      </testsuite>
      <testsuite name="Tests\Feature\Http\Repositories\Builds\RetryBuildTest" file="/php/tests/Feature/Http/Repositories/Builds/RetryBuildTest.php" tests="5" assertions="69" errors="0" warnings="0" failures="0" skipped="0" time="0.651452">
        <testsuite name="Tests\Feature\Http\Repositories\Builds\RetryBuildTest::test_it_can_retry_build" tests="2" assertions="64" errors="0" warnings="0" failures="0" skipped="0" time="0.282260">
          <testcase name="test_it_can_retry_build with data set #0" class="Tests\Feature\Http\Repositories\Builds\RetryBuildTest" classname="Tests.Feature.Http.Repositories.Builds.RetryBuildTest" file="/php/tests/Feature/Http/Repositories/Builds/RetryBuildTest.php" line="34" assertions="32" time="0.141504"/>
          <testcase name="test_it_can_retry_build with data set #1" class="Tests\Feature\Http\Repositories\Builds\RetryBuildTest" classname="Tests.Feature.Http.Repositories.Builds.RetryBuildTest" file="/php/tests/Feature/Http/Repositories/Builds/RetryBuildTest.php" line="34" assertions="32" time="0.140756"/>
        </testsuite>
        <testcase name="test_it_ignore_jobs_which_need_trigger_manually" class="Tests\Feature\Http\Repositories\Builds\RetryBuildTest" classname="Tests.Feature.Http.Repositories.Builds.RetryBuildTest" file="/php/tests/Feature/Http/Repositories/Builds/RetryBuildTest.php" line="106" assertions="3" time="0.162016"/>
        <testsuite name="Tests\Feature\Http\Repositories\Builds\RetryBuildTest::test_it_cannot_retry_build" tests="2" assertions="2" errors="0" warnings="0" failures="0" skipped="0" time="0.207175">
          <testcase name="test_it_cannot_retry_build with data set #0" class="Tests\Feature\Http\Repositories\Builds\RetryBuildTest" classname="Tests.Feature.Http.Repositories.Builds.RetryBuildTest" file="/php/tests/Feature/Http/Repositories/Builds/RetryBuildTest.php" line="162" assertions="1" time="0.096441"/>
          <testcase name="test_it_cannot_retry_build with data set #1" class="Tests\Feature\Http\Repositories\Builds\RetryBuildTest" classname="Tests.Feature.Http.Repositories.Builds.RetryBuildTest" file="/php/tests/Feature/Http/Repositories/Builds/RetryBuildTest.php" line="162" assertions="1" time="0.110734"/>
        </testsuite>
      </testsuite>
      <testsuite name="Tests\Feature\Http\Repositories\DisableCITest" file="/php/tests/Feature/Http/Repositories/DisableCITest.php" tests="4" assertions="17" errors="0" warnings="0" failures="0" skipped="0" time="0.342181">
        <testcase name="test_it_can_enable_ci" class="Tests\Feature\Http\Repositories\DisableCITest" classname="Tests.Feature.Http.Repositories.DisableCITest" file="/php/tests/Feature/Http/Repositories/DisableCITest.php" line="29" assertions="12" time="0.085277"/>
        <testcase name="test_it_authorizes_user" class="Tests\Feature\Http\Repositories\DisableCITest" classname="Tests.Feature.Http.Repositories.DisableCITest" file="/php/tests/Feature/Http/Repositories/DisableCITest.php" line="62" assertions="3" time="0.095174"/>
        <testcase name="test_it_can_get_repo" class="Tests\Feature\Http\Repositories\DisableCITest" classname="Tests.Feature.Http.Repositories.DisableCITest" file="/php/tests/Feature/Http/Repositories/DisableCITest.php" line="80" assertions="1" time="0.071665"/>
        <testcase name="test_it_can_get_token" class="Tests\Feature\Http\Repositories\DisableCITest" classname="Tests.Feature.Http.Repositories.DisableCITest" file="/php/tests/Feature/Http/Repositories/DisableCITest.php" line="91" assertions="1" time="0.090065"/>
      </testsuite>
      <testsuite name="Tests\Feature\Http\Repositories\EnableCITest" file="/php/tests/Feature/Http/Repositories/EnableCITest.php" tests="12" assertions="40" errors="0" warnings="0" failures="0" skipped="0" time="2.227249">
        <testsuite name="Tests\Feature\Http\Repositories\EnableCITest::test_it_can_enable_ci" tests="2" assertions="24" errors="0" warnings="0" failures="0" skipped="0" time="0.179098">
          <testcase name="test_it_can_enable_ci with data set #0" class="Tests\Feature\Http\Repositories\EnableCITest" classname="Tests.Feature.Http.Repositories.EnableCITest" file="/php/tests/Feature/Http/Repositories/EnableCITest.php" line="34" assertions="12" time="0.090323"/>
          <testcase name="test_it_can_enable_ci with data set #1" class="Tests\Feature\Http\Repositories\EnableCITest" classname="Tests.Feature.Http.Repositories.EnableCITest" file="/php/tests/Feature/Http/Repositories/EnableCITest.php" line="34" assertions="12" time="0.088775"/>
        </testsuite>
        <testsuite name="Tests\Feature\Http\Repositories\EnableCITest::test_it_can_abort_inactive_subscription_repository_to_enable_ci" tests="2" assertions="4" errors="0" warnings="0" failures="0" skipped="0" time="0.161039">
          <testcase name="test_it_can_abort_inactive_subscription_repository_to_enable_ci with data set #0" class="Tests\Feature\Http\Repositories\EnableCITest" classname="Tests.Feature.Http.Repositories.EnableCITest" file="/php/tests/Feature/Http/Repositories/EnableCITest.php" line="68" assertions="2" time="0.080488"/>
          <testcase name="test_it_can_abort_inactive_subscription_repository_to_enable_ci with data set #1" class="Tests\Feature\Http\Repositories\EnableCITest" classname="Tests.Feature.Http.Repositories.EnableCITest" file="/php/tests/Feature/Http/Repositories/EnableCITest.php" line="68" assertions="2" time="0.080552"/>
        </testsuite>
        <testsuite name="Tests\Feature\Http\Repositories\EnableCITest::test_it_authorizes_user" tests="2" assertions="6" errors="0" warnings="0" failures="0" skipped="0" time="0.189033">
          <testcase name="test_it_authorizes_user with data set #0" class="Tests\Feature\Http\Repositories\EnableCITest" classname="Tests.Feature.Http.Repositories.EnableCITest" file="/php/tests/Feature/Http/Repositories/EnableCITest.php" line="101" assertions="3" time="0.094825"/>
          <testcase name="test_it_authorizes_user with data set #1" class="Tests\Feature\Http\Repositories\EnableCITest" classname="Tests.Feature.Http.Repositories.EnableCITest" file="/php/tests/Feature/Http/Repositories/EnableCITest.php" line="101" assertions="3" time="0.094208"/>
        </testsuite>
        <testsuite name="Tests\Feature\Http\Repositories\EnableCITest::test_it_can_get_repo" tests="2" assertions="2" errors="0" warnings="0" failures="0" skipped="0" time="0.141422">
          <testcase name="test_it_can_get_repo with data set #0" class="Tests\Feature\Http\Repositories\EnableCITest" classname="Tests.Feature.Http.Repositories.EnableCITest" file="/php/tests/Feature/Http/Repositories/EnableCITest.php" line="124" assertions="1" time="0.071183"/>
          <testcase name="test_it_can_get_repo with data set #1" class="Tests\Feature\Http\Repositories\EnableCITest" classname="Tests.Feature.Http.Repositories.EnableCITest" file="/php/tests/Feature/Http/Repositories/EnableCITest.php" line="124" assertions="1" time="0.070239"/>
        </testsuite>
        <testsuite name="Tests\Feature\Http\Repositories\EnableCITest::test_it_can_get_token" tests="2" assertions="2" errors="0" warnings="0" failures="0" skipped="0" time="0.206038">
          <testcase name="test_it_can_get_token with data set #0" class="Tests\Feature\Http\Repositories\EnableCITest" classname="Tests.Feature.Http.Repositories.EnableCITest" file="/php/tests/Feature/Http/Repositories/EnableCITest.php" line="140" assertions="1" time="0.093926"/>
          <testcase name="test_it_can_get_token with data set #1" class="Tests\Feature\Http\Repositories\EnableCITest" classname="Tests.Feature.Http.Repositories.EnableCITest" file="/php/tests/Feature/Http/Repositories/EnableCITest.php" line="140" assertions="1" time="0.112112"/>
        </testsuite>
        <testsuite name="Tests\Feature\Http\Repositories\EnableCITest::test_it_can_connect_gitService" tests="2" assertions="2" errors="0" warnings="0" failures="0" skipped="0" time="1.350619">
          <testcase name="test_it_can_connect_gitService with data set #0" class="Tests\Feature\Http\Repositories\EnableCITest" classname="Tests.Feature.Http.Repositories.EnableCITest" file="/php/tests/Feature/Http/Repositories/EnableCITest.php" line="160" assertions="1" time="0.668668"/>
          <testcase name="test_it_can_connect_gitService with data set #1" class="Tests\Feature\Http\Repositories\EnableCITest" classname="Tests.Feature.Http.Repositories.EnableCITest" file="/php/tests/Feature/Http/Repositories/EnableCITest.php" line="160" assertions="1" time="0.681951"/>
        </testsuite>
      </testsuite>
      <testsuite name="Tests\Feature\Http\Repositories\File\CreateTest" file="/php/tests/Feature/Http/Repositories/File/CreateTest.php" tests="4" assertions="22" errors="0" warnings="0" failures="0" skipped="0" time="1.350739">
        <testcase name="test_it_abort_invalid_config" class="Tests\Feature\Http\Repositories\File\CreateTest" classname="Tests.Feature.Http.Repositories.File.CreateTest" file="/php/tests/Feature/Http/Repositories/File/CreateTest.php" line="21" assertions="2" time="0.075549"/>
        <testcase name="test_it_unauthorized_github" class="Tests\Feature\Http\Repositories\File\CreateTest" classname="Tests.Feature.Http.Repositories.File.CreateTest" file="/php/tests/Feature/Http/Repositories/File/CreateTest.php" line="40" assertions="6" time="1.012752"/>
        <testcase name="test_it_authorized_github" class="Tests\Feature\Http\Repositories\File\CreateTest" classname="Tests.Feature.Http.Repositories.File.CreateTest" file="/php/tests/Feature/Http/Repositories/File/CreateTest.php" line="70" assertions="6" time="0.141565"/>
        <testcase name="test_it_abort_file_exist_in_repo" class="Tests\Feature\Http\Repositories\File\CreateTest" classname="Tests.Feature.Http.Repositories.File.CreateTest" file="/php/tests/Feature/Http/Repositories/File/CreateTest.php" line="101" assertions="8" time="0.120872"/>
      </testsuite>
      <testsuite name="Tests\Feature\Http\Repositories\File\CreateTestBuildTest" file="/php/tests/Feature/Http/Repositories/File/CreateTestBuildTest.php" tests="2" assertions="18" errors="0" warnings="0" failures="0" skipped="0" time="0.610527">
        <testcase name="test_it_can_create_test_build" class="Tests\Feature\Http\Repositories\File\CreateTestBuildTest" classname="Tests.Feature.Http.Repositories.File.CreateTestBuildTest" file="/php/tests/Feature/Http/Repositories/File/CreateTestBuildTest.php" line="33" assertions="11" time="0.117262"/>
        <testcase name="test_it_throw_exception_when_create_test_build" class="Tests\Feature\Http\Repositories\File\CreateTestBuildTest" classname="Tests.Feature.Http.Repositories.File.CreateTestBuildTest" file="/php/tests/Feature/Http/Repositories/File/CreateTestBuildTest.php" line="99" assertions="7" time="0.493265"/>
      </testsuite>
      <testsuite name="Tests\Feature\Http\Repositories\GetBuildsTest" file="/php/tests/Feature/Http/Repositories/GetBuildsTest.php" tests="10" assertions="1455" errors="0" warnings="0" failures="0" skipped="0" time="1.827835">
        <testcase name="test_it_requires_view_permission_for_private_repositories" class="Tests\Feature\Http\Repositories\GetBuildsTest" classname="Tests.Feature.Http.Repositories.GetBuildsTest" file="/php/tests/Feature/Http/Repositories/GetBuildsTest.php" line="60" assertions="3" time="0.102879"/>
        <testcase name="test_it_doesnt_require_login_for_public_repositories" class="Tests\Feature\Http\Repositories\GetBuildsTest" classname="Tests.Feature.Http.Repositories.GetBuildsTest" file="/php/tests/Feature/Http/Repositories/GetBuildsTest.php" line="88" assertions="1" time="0.081321"/>
        <testcase name="test_it_doesnt_require_view_permission_for_public_repositories" class="Tests\Feature\Http\Repositories\GetBuildsTest" classname="Tests.Feature.Http.Repositories.GetBuildsTest" file="/php/tests/Feature/Http/Repositories/GetBuildsTest.php" line="103" assertions="1" time="0.080505"/>
        <testcase name="test_it_gets_builds_for_repository" class="Tests\Feature\Http\Repositories\GetBuildsTest" classname="Tests.Feature.Http.Repositories.GetBuildsTest" file="/php/tests/Feature/Http/Repositories/GetBuildsTest.php" line="120" assertions="330" time="0.229330"/>
        <testsuite name="Tests\Feature\Http\Repositories\GetBuildsTest::test_it_gets_builds_for_repository_with_filter" tests="4" assertions="664" errors="0" warnings="0" failures="0" skipped="0" time="0.878035">
          <testcase name="test_it_gets_builds_for_repository_with_filter with data set #0" class="Tests\Feature\Http\Repositories\GetBuildsTest" classname="Tests.Feature.Http.Repositories.GetBuildsTest" file="/php/tests/Feature/Http/Repositories/GetBuildsTest.php" line="138" assertions="166" time="0.224745"/>
          <testcase name="test_it_gets_builds_for_repository_with_filter with data set #1" class="Tests\Feature\Http\Repositories\GetBuildsTest" classname="Tests.Feature.Http.Repositories.GetBuildsTest" file="/php/tests/Feature/Http/Repositories/GetBuildsTest.php" line="138" assertions="166" time="0.217221"/>
          <testcase name="test_it_gets_builds_for_repository_with_filter with data set #2" class="Tests\Feature\Http\Repositories\GetBuildsTest" classname="Tests.Feature.Http.Repositories.GetBuildsTest" file="/php/tests/Feature/Http/Repositories/GetBuildsTest.php" line="138" assertions="166" time="0.219211"/>
          <testcase name="test_it_gets_builds_for_repository_with_filter with data set #3" class="Tests\Feature\Http\Repositories\GetBuildsTest" classname="Tests.Feature.Http.Repositories.GetBuildsTest" file="/php/tests/Feature/Http/Repositories/GetBuildsTest.php" line="138" assertions="166" time="0.216857"/>
        </testsuite>
        <testcase name="test_it_gets_builds_for_repository_with_status" class="Tests\Feature\Http\Repositories\GetBuildsTest" classname="Tests.Feature.Http.Repositories.GetBuildsTest" file="/php/tests/Feature/Http/Repositories/GetBuildsTest.php" line="163" assertions="165" time="0.219428"/>
        <testcase name="test_it_get_build_for_repository_when_connected_account_not_exist" class="Tests\Feature\Http\Repositories\GetBuildsTest" classname="Tests.Feature.Http.Repositories.GetBuildsTest" file="/php/tests/Feature/Http/Repositories/GetBuildsTest.php" line="173" assertions="291" time="0.236337"/>
      </testsuite>
      <testsuite name="Tests\Feature\Http\Repositories\GetEnvironmentsTest" file="/php/tests/Feature/Http/Repositories/GetEnvironmentsTest.php" tests="1" assertions="1" errors="0" warnings="0" failures="0" skipped="0" time="0.103627">
        <testcase name="test_it_get_environment_releases" class="Tests\Feature\Http\Repositories\GetEnvironmentsTest" classname="Tests.Feature.Http.Repositories.GetEnvironmentsTest" file="/php/tests/Feature/Http/Repositories/GetEnvironmentsTest.php" line="15" assertions="1" time="0.103627"/>
      </testsuite>
      <testsuite name="Tests\Feature\Http\Repositories\GetReleasesTest" file="/php/tests/Feature/Http/Repositories/GetReleasesTest.php" tests="5" assertions="224" errors="0" warnings="0" failures="0" skipped="0" time="0.624366">
        <testcase name="test_it_requires_view_permission_for_private_repositories" class="Tests\Feature\Http\Repositories\GetReleasesTest" classname="Tests.Feature.Http.Repositories.GetReleasesTest" file="/php/tests/Feature/Http/Repositories/GetReleasesTest.php" line="106" assertions="3" time="0.101716"/>
        <testcase name="test_it_doesnt_require_login_for_public_repositories" class="Tests\Feature\Http\Repositories\GetReleasesTest" classname="Tests.Feature.Http.Repositories.GetReleasesTest" file="/php/tests/Feature/Http/Repositories/GetReleasesTest.php" line="127" assertions="1" time="0.072604"/>
        <testcase name="test_it_doesnt_require_view_permission_for_public_repositories" class="Tests\Feature\Http\Repositories\GetReleasesTest" classname="Tests.Feature.Http.Repositories.GetReleasesTest" file="/php/tests/Feature/Http/Repositories/GetReleasesTest.php" line="135" assertions="1" time="0.075814"/>
        <testcase name="test_it_gets_releases_for_repository" class="Tests\Feature\Http\Repositories\GetReleasesTest" classname="Tests.Feature.Http.Repositories.GetReleasesTest" file="/php/tests/Feature/Http/Repositories/GetReleasesTest.php" line="145" assertions="140" time="0.189953"/>
        <testcase name="test_it_filter_releases_by_environment" class="Tests\Feature\Http\Repositories\GetReleasesTest" classname="Tests.Feature.Http.Repositories.GetReleasesTest" file="/php/tests/Feature/Http/Repositories/GetReleasesTest.php" line="154" assertions="79" time="0.184280"/>
      </testsuite>
      <testsuite name="Tests\Feature\Http\Repositories\GetRepositoriesDetailsTest" file="/php/tests/Feature/Http/Repositories/GetRepositoriesDetailsTest.php" tests="3" assertions="24" errors="0" warnings="0" failures="0" skipped="0" time="0.255869">
        <testcase name="test_it_check_repository_permission" class="Tests\Feature\Http\Repositories\GetRepositoriesDetailsTest" classname="Tests.Feature.Http.Repositories.GetRepositoriesDetailsTest" file="/php/tests/Feature/Http/Repositories/GetRepositoriesDetailsTest.php" line="14" assertions="1" time="0.076430"/>
        <testcase name="test_guest_get_repository" class="Tests\Feature\Http\Repositories\GetRepositoriesDetailsTest" classname="Tests.Feature.Http.Repositories.GetRepositoriesDetailsTest" file="/php/tests/Feature/Http/Repositories/GetRepositoriesDetailsTest.php" line="24" assertions="11" time="0.098545"/>
        <testcase name="test_user_get_repository" class="Tests\Feature\Http\Repositories\GetRepositoriesDetailsTest" classname="Tests.Feature.Http.Repositories.GetRepositoriesDetailsTest" file="/php/tests/Feature/Http/Repositories/GetRepositoriesDetailsTest.php" line="46" assertions="12" time="0.080894"/>
      </testsuite>
      <testsuite name="Tests\Feature\Http\Repositories\GetTestResultTest" file="/php/tests/Feature/Http/Repositories/GetTestResultTest.php" tests="10" assertions="2115" errors="0" warnings="0" failures="0" skipped="0" time="3.474627">
        <testcase name="test_it_requires_view_permission_for_private_repositories" class="Tests\Feature\Http\Repositories\GetTestResultTest" classname="Tests.Feature.Http.Repositories.GetTestResultTest" file="/php/tests/Feature/Http/Repositories/GetTestResultTest.php" line="71" assertions="3" time="0.121453"/>
        <testcase name="test_it_doesnt_require_login_for_public_repositories" class="Tests\Feature\Http\Repositories\GetTestResultTest" classname="Tests.Feature.Http.Repositories.GetTestResultTest" file="/php/tests/Feature/Http/Repositories/GetTestResultTest.php" line="99" assertions="1" time="0.094064"/>
        <testcase name="test_it_doesnt_require_view_permission_for_public_repositories" class="Tests\Feature\Http\Repositories\GetTestResultTest" classname="Tests.Feature.Http.Repositories.GetTestResultTest" file="/php/tests/Feature/Http/Repositories/GetTestResultTest.php" line="114" assertions="1" time="0.095469"/>
        <testcase name="test_it_gets_test_builds_for_repository" class="Tests\Feature\Http\Repositories\GetTestResultTest" classname="Tests.Feature.Http.Repositories.GetTestResultTest" file="/php/tests/Feature/Http/Repositories/GetTestResultTest.php" line="131" assertions="474" time="0.500356"/>
        <testsuite name="Tests\Feature\Http\Repositories\GetTestResultTest::test_it_gets_test_builds_for_repository_with_filter" tests="4" assertions="952" errors="0" warnings="0" failures="0" skipped="0" time="1.765679">
          <testcase name="test_it_gets_test_builds_for_repository_with_filter with data set #0" class="Tests\Feature\Http\Repositories\GetTestResultTest" classname="Tests.Feature.Http.Repositories.GetTestResultTest" file="/php/tests/Feature/Http/Repositories/GetTestResultTest.php" line="149" assertions="238" time="0.447692"/>
          <testcase name="test_it_gets_test_builds_for_repository_with_filter with data set #1" class="Tests\Feature\Http\Repositories\GetTestResultTest" classname="Tests.Feature.Http.Repositories.GetTestResultTest" file="/php/tests/Feature/Http/Repositories/GetTestResultTest.php" line="149" assertions="238" time="0.445741"/>
          <testcase name="test_it_gets_test_builds_for_repository_with_filter with data set #2" class="Tests\Feature\Http\Repositories\GetTestResultTest" classname="Tests.Feature.Http.Repositories.GetTestResultTest" file="/php/tests/Feature/Http/Repositories/GetTestResultTest.php" line="149" assertions="238" time="0.452169"/>
          <testcase name="test_it_gets_test_builds_for_repository_with_filter with data set #3" class="Tests\Feature\Http\Repositories\GetTestResultTest" classname="Tests.Feature.Http.Repositories.GetTestResultTest" file="/php/tests/Feature/Http/Repositories/GetTestResultTest.php" line="149" assertions="238" time="0.420077"/>
        </testsuite>
        <testcase name="test_it_gets_test_builds_for_repository_with_status" class="Tests\Feature\Http\Repositories\GetTestResultTest" classname="Tests.Feature.Http.Repositories.GetTestResultTest" file="/php/tests/Feature/Http/Repositories/GetTestResultTest.php" line="174" assertions="237" time="0.413888"/>
        <testcase name="test_it_gets_test_builds_for_repository_with_job_name" class="Tests\Feature\Http\Repositories\GetTestResultTest" classname="Tests.Feature.Http.Repositories.GetTestResultTest" file="/php/tests/Feature/Http/Repositories/GetTestResultTest.php" line="184" assertions="447" time="0.483718"/>
      </testsuite>
      <testsuite name="Tests\Feature\Http\Repositories\Hooks\CreateTest" file="/php/tests/Feature/Http/Repositories/Hooks/CreateTest.php" tests="4" assertions="7" errors="0" warnings="0" failures="0" skipped="0" time="0.333393">
        <testcase name="test_it_can_create_webhook" class="Tests\Feature\Http\Repositories\Hooks\CreateTest" classname="Tests.Feature.Http.Repositories.Hooks.CreateTest" file="/php/tests/Feature/Http/Repositories/Hooks/CreateTest.php" line="14" assertions="2" time="0.099300"/>
        <testcase name="test_it_authorizes_user" class="Tests\Feature\Http\Repositories\Hooks\CreateTest" classname="Tests.Feature.Http.Repositories.Hooks.CreateTest" file="/php/tests/Feature/Http/Repositories/Hooks/CreateTest.php" line="35" assertions="1" time="0.075222"/>
        <testcase name="test_it_ignores_update_when_new_webhook_is_duplicate" class="Tests\Feature\Http\Repositories\Hooks\CreateTest" classname="Tests.Feature.Http.Repositories.Hooks.CreateTest" file="/php/tests/Feature/Http/Repositories/Hooks/CreateTest.php" line="50" assertions="2" time="0.080927"/>
        <testcase name="test_it_ignores_create_when_invalid_url" class="Tests\Feature\Http\Repositories\Hooks\CreateTest" classname="Tests.Feature.Http.Repositories.Hooks.CreateTest" file="/php/tests/Feature/Http/Repositories/Hooks/CreateTest.php" line="80" assertions="2" time="0.077944"/>
      </testsuite>
      <testsuite name="Tests\Feature\Http\Repositories\Hooks\DeleteTest" file="/php/tests/Feature/Http/Repositories/Hooks/DeleteTest.php" tests="2" assertions="2" errors="0" warnings="0" failures="0" skipped="0" time="0.158435">
        <testcase name="test_delete_webhook" class="Tests\Feature\Http\Repositories\Hooks\DeleteTest" classname="Tests.Feature.Http.Repositories.Hooks.DeleteTest" file="/php/tests/Feature/Http/Repositories/Hooks/DeleteTest.php" line="15" assertions="1" time="0.079159"/>
        <testcase name="test_it_authorizes_user" class="Tests\Feature\Http\Repositories\Hooks\DeleteTest" classname="Tests.Feature.Http.Repositories.Hooks.DeleteTest" file="/php/tests/Feature/Http/Repositories/Hooks/DeleteTest.php" line="32" assertions="1" time="0.079276"/>
      </testsuite>
      <testsuite name="Tests\Feature\Http\Repositories\Hooks\GetTest" file="/php/tests/Feature/Http/Repositories/Hooks/GetTest.php" tests="2" assertions="55" errors="0" warnings="0" failures="0" skipped="0" time="0.182871">
        <testcase name="test_get_all_webhooks" class="Tests\Feature\Http\Repositories\Hooks\GetTest" classname="Tests.Feature.Http.Repositories.Hooks.GetTest" file="/php/tests/Feature/Http/Repositories/Hooks/GetTest.php" line="15" assertions="54" time="0.101907"/>
        <testcase name="test_it_authorizes_user" class="Tests\Feature\Http\Repositories\Hooks\GetTest" classname="Tests.Feature.Http.Repositories.Hooks.GetTest" file="/php/tests/Feature/Http/Repositories/Hooks/GetTest.php" line="42" assertions="1" time="0.080963"/>
      </testsuite>
      <testsuite name="Tests\Feature\Http\Repositories\Hooks\ShowTest" file="/php/tests/Feature/Http/Repositories/Hooks/ShowTest.php" tests="2" assertions="10" errors="0" warnings="0" failures="0" skipped="0" time="0.173692">
        <testcase name="test_can_get_list_webhook_history" class="Tests\Feature\Http\Repositories\Hooks\ShowTest" classname="Tests.Feature.Http.Repositories.Hooks.ShowTest" file="/php/tests/Feature/Http/Repositories/Hooks/ShowTest.php" line="15" assertions="9" time="0.090527"/>
        <testcase name="test_it_authorizes_user" class="Tests\Feature\Http\Repositories\Hooks\ShowTest" classname="Tests.Feature.Http.Repositories.Hooks.ShowTest" file="/php/tests/Feature/Http/Repositories/Hooks/ShowTest.php" line="36" assertions="1" time="0.083165"/>
      </testsuite>
      <testsuite name="Tests\Feature\Http\Repositories\Hooks\UpdateTest" file="/php/tests/Feature/Http/Repositories/Hooks/UpdateTest.php" tests="4" assertions="7" errors="0" warnings="0" failures="0" skipped="0" time="0.333450">
        <testcase name="test_it_can_update_webhook" class="Tests\Feature\Http\Repositories\Hooks\UpdateTest" classname="Tests.Feature.Http.Repositories.Hooks.UpdateTest" file="/php/tests/Feature/Http/Repositories/Hooks/UpdateTest.php" line="15" assertions="2" time="0.086718"/>
        <testcase name="test_it_authorizes_user" class="Tests\Feature\Http\Repositories\Hooks\UpdateTest" classname="Tests.Feature.Http.Repositories.Hooks.UpdateTest" file="/php/tests/Feature/Http/Repositories/Hooks/UpdateTest.php" line="41" assertions="1" time="0.079276"/>
        <testcase name="test_it_ignores_update_when_webhook_will_be_duplicate" class="Tests\Feature\Http\Repositories\Hooks\UpdateTest" classname="Tests.Feature.Http.Repositories.Hooks.UpdateTest" file="/php/tests/Feature/Http/Repositories/Hooks/UpdateTest.php" line="62" assertions="2" time="0.086147"/>
        <testcase name="test_it_ignores_update_when_invalid_url" class="Tests\Feature\Http\Repositories\Hooks\UpdateTest" classname="Tests.Feature.Http.Repositories.Hooks.UpdateTest" file="/php/tests/Feature/Http/Repositories/Hooks/UpdateTest.php" line="97" assertions="2" time="0.081310"/>
      </testsuite>
      <testsuite name="Tests\Feature\Http\Repositories\ListRepositoriesTest" file="/php/tests/Feature/Http/Repositories/ListRepositoriesTest.php" tests="1" assertions="112" errors="0" warnings="0" failures="0" skipped="0" time="0.126681">
        <testcase name="test_get_all_repositories_success" class="Tests\Feature\Http\Repositories\ListRepositoriesTest" classname="Tests.Feature.Http.Repositories.ListRepositoriesTest" file="/php/tests/Feature/Http/Repositories/ListRepositoriesTest.php" line="14" assertions="112" time="0.126681"/>
      </testsuite>
      <testsuite name="Tests\Feature\Http\Repositories\Runner\EnablePrivateRunnerTest" file="/php/tests/Feature/Http/Repositories/Runner/EnablePrivateRunnerTest.php" tests="2" assertions="10" errors="0" warnings="0" failures="0" skipped="0" time="0.165936">
        <testcase name="test_it_can_store_runner_token_for_repository" class="Tests\Feature\Http\Repositories\Runner\EnablePrivateRunnerTest" classname="Tests.Feature.Http.Repositories.Runner.EnablePrivateRunnerTest" file="/php/tests/Feature/Http/Repositories/Runner/EnablePrivateRunnerTest.php" line="15" assertions="8" time="0.084679"/>
        <testcase name="test_update_runner_token_if_already_exists_in_repository" class="Tests\Feature\Http\Repositories\Runner\EnablePrivateRunnerTest" classname="Tests.Feature.Http.Repositories.Runner.EnablePrivateRunnerTest" file="/php/tests/Feature/Http/Repositories/Runner/EnablePrivateRunnerTest.php" line="36" assertions="2" time="0.081258"/>
      </testsuite>
      <testsuite name="Tests\Feature\Http\Repositories\Runners\GetTest" file="/php/tests/Feature/Http/Repositories/Runners/GetTest.php" tests="4" assertions="18" errors="0" warnings="0" failures="0" skipped="0" time="0.327596">
        <testcase name="test_it_can_get_list_private_runner" class="Tests\Feature\Http\Repositories\Runners\GetTest" classname="Tests.Feature.Http.Repositories.Runners.GetTest" file="/php/tests/Feature/Http/Repositories/Runners/GetTest.php" line="15" assertions="11" time="0.089852"/>
        <testcase name="test_it_can_get_list_private_runner_when_runner_token_not_exist" class="Tests\Feature\Http\Repositories\Runners\GetTest" classname="Tests.Feature.Http.Repositories.Runners.GetTest" file="/php/tests/Feature/Http/Repositories/Runners/GetTest.php" line="50" assertions="5" time="0.085801"/>
        <testcase name="test_it_can_not_get_list_private_runner_when_user_dont_login" class="Tests\Feature\Http\Repositories\Runners\GetTest" classname="Tests.Feature.Http.Repositories.Runners.GetTest" file="/php/tests/Feature/Http/Repositories/Runners/GetTest.php" line="75" assertions="1" time="0.070634"/>
        <testcase name="test_it_can_not_get_list_private_runner_when_user_dont_have_permission" class="Tests\Feature\Http\Repositories\Runners\GetTest" classname="Tests.Feature.Http.Repositories.Runners.GetTest" file="/php/tests/Feature/Http/Repositories/Runners/GetTest.php" line="82" assertions="1" time="0.081309"/>
      </testsuite>
      <testsuite name="Tests\Feature\Http\Repositories\Secrets\DeleteTest" file="/php/tests/Feature/Http/Repositories/Secrets/DeleteTest.php" tests="3" assertions="3" errors="0" warnings="0" failures="0" skipped="0" time="0.247907">
        <testcase name="test_it_can_delete_secrets_when_have_user_secret_link" class="Tests\Feature\Http\Repositories\Secrets\DeleteTest" classname="Tests.Feature.Http.Repositories.Secrets.DeleteTest" file="/php/tests/Feature/Http/Repositories/Secrets/DeleteTest.php" line="16" assertions="1" time="0.088216"/>
        <testcase name="test_it_can_delete_secrets_when_have_not_user_secret_link" class="Tests\Feature\Http\Repositories\Secrets\DeleteTest" classname="Tests.Feature.Http.Repositories.Secrets.DeleteTest" file="/php/tests/Feature/Http/Repositories/Secrets/DeleteTest.php" line="37" assertions="1" time="0.081473"/>
        <testcase name="test_it_authorizes_user" class="Tests\Feature\Http\Repositories\Secrets\DeleteTest" classname="Tests.Feature.Http.Repositories.Secrets.DeleteTest" file="/php/tests/Feature/Http/Repositories/Secrets/DeleteTest.php" line="50" assertions="1" time="0.078217"/>
      </testsuite>
      <testsuite name="Tests\Feature\Http\Repositories\Secrets\ShowAllTest" file="/php/tests/Feature/Http/Repositories/Secrets/ShowAllTest.php" tests="2" assertions="45" errors="0" warnings="0" failures="0" skipped="0" time="0.206526">
        <testcase name="test_get_all_secrets" class="Tests\Feature\Http\Repositories\Secrets\ShowAllTest" classname="Tests.Feature.Http.Repositories.Secrets.ShowAllTest" file="/php/tests/Feature/Http/Repositories/Secrets/ShowAllTest.php" line="15" assertions="44" time="0.107182"/>
        <testcase name="test_it_authorizes_user" class="Tests\Feature\Http\Repositories\Secrets\ShowAllTest" classname="Tests.Feature.Http.Repositories.Secrets.ShowAllTest" file="/php/tests/Feature/Http/Repositories/Secrets/ShowAllTest.php" line="41" assertions="1" time="0.099344"/>
      </testsuite>
      <testsuite name="Tests\Feature\Http\Repositories\Secrets\StoreTest" file="/php/tests/Feature/Http/Repositories/Secrets/StoreTest.php" tests="4" assertions="6" errors="0" warnings="0" failures="0" skipped="0" time="0.349404">
        <testcase name="test_it_can_store_secrets" class="Tests\Feature\Http\Repositories\Secrets\StoreTest" classname="Tests.Feature.Http.Repositories.Secrets.StoreTest" file="/php/tests/Feature/Http/Repositories/Secrets/StoreTest.php" line="15" assertions="2" time="0.102785"/>
        <testcase name="test_it_can_link_user_secret_to_repository_secret" class="Tests\Feature\Http\Repositories\Secrets\StoreTest" classname="Tests.Feature.Http.Repositories.Secrets.StoreTest" file="/php/tests/Feature/Http/Repositories/Secrets/StoreTest.php" line="38" assertions="2" time="0.090248"/>
        <testcase name="test_it_abort_if_the_repo_secret_not_match_user_secret_when_link" class="Tests\Feature\Http\Repositories\Secrets\StoreTest" classname="Tests.Feature.Http.Repositories.Secrets.StoreTest" file="/php/tests/Feature/Http/Repositories/Secrets/StoreTest.php" line="67" assertions="1" time="0.081816"/>
        <testcase name="test_it_authorizes_user" class="Tests\Feature\Http\Repositories\Secrets\StoreTest" classname="Tests.Feature.Http.Repositories.Secrets.StoreTest" file="/php/tests/Feature/Http/Repositories/Secrets/StoreTest.php" line="89" assertions="1" time="0.074555"/>
      </testsuite>
      <testsuite name="Tests\Feature\Http\Repositories\Secrets\UpdateTest" file="/php/tests/Feature/Http/Repositories/Secrets/UpdateTest.php" tests="4" assertions="7" errors="0" warnings="0" failures="0" skipped="0" time="0.357402">
        <testcase name="test_it_can_update_secrets_when_have_user_secret_link" class="Tests\Feature\Http\Repositories\Secrets\UpdateTest" classname="Tests.Feature.Http.Repositories.Secrets.UpdateTest" file="/php/tests/Feature/Http/Repositories/Secrets/UpdateTest.php" line="16" assertions="2" time="0.093704"/>
        <testcase name="test_it_can_update_repo_secrets_from_have_user_secret_link_to_none_link" class="Tests\Feature\Http\Repositories\Secrets\UpdateTest" classname="Tests.Feature.Http.Repositories.Secrets.UpdateTest" file="/php/tests/Feature/Http/Repositories/Secrets/UpdateTest.php" line="54" assertions="2" time="0.095722"/>
        <testcase name="test_it_can_update_secrets_when_have_not_user_secret_link" class="Tests\Feature\Http\Repositories\Secrets\UpdateTest" classname="Tests.Feature.Http.Repositories.Secrets.UpdateTest" file="/php/tests/Feature/Http/Repositories/Secrets/UpdateTest.php" line="92" assertions="2" time="0.088052"/>
        <testcase name="test_it_authorizes_user" class="Tests\Feature\Http\Repositories\Secrets\UpdateTest" classname="Tests.Feature.Http.Repositories.Secrets.UpdateTest" file="/php/tests/Feature/Http/Repositories/Secrets/UpdateTest.php" line="120" assertions="1" time="0.079924"/>
      </testsuite>
      <testsuite name="Tests\Feature\Http\Repositories\Settings\SetTest" file="/php/tests/Feature/Http/Repositories/Settings/SetTest.php" tests="3" assertions="9" errors="0" warnings="0" failures="0" skipped="0" time="0.231761">
        <testcase name="test_it_can_update_repository_setting" class="Tests\Feature\Http\Repositories\Settings\SetTest" classname="Tests.Feature.Http.Repositories.Settings.SetTest" file="/php/tests/Feature/Http/Repositories/Settings/SetTest.php" line="14" assertions="4" time="0.083493"/>
        <testcase name="test_it_can_create_repository_setting" class="Tests\Feature\Http\Repositories\Settings\SetTest" classname="Tests.Feature.Http.Repositories.Settings.SetTest" file="/php/tests/Feature/Http/Repositories/Settings/SetTest.php" line="41" assertions="4" time="0.080395"/>
        <testcase name="test_it_authorizes_user" class="Tests\Feature\Http\Repositories\Settings\SetTest" classname="Tests.Feature.Http.Repositories.Settings.SetTest" file="/php/tests/Feature/Http/Repositories/Settings/SetTest.php" line="61" assertions="1" time="0.067874"/>
      </testsuite>
      <testsuite name="Tests\Feature\Http\Repositories\Stats\GetCoverageChangesTest" file="/php/tests/Feature/Http/Repositories/Stats/GetCoverageChangesTest.php" tests="6" assertions="100" errors="0" warnings="0" failures="0" skipped="0" time="1.912804">
        <testcase name="test_it_can_get_coverage_changes_data_without_query" class="Tests\Feature\Http\Repositories\Stats\GetCoverageChangesTest" classname="Tests.Feature.Http.Repositories.Stats.GetCoverageChangesTest" file="/php/tests/Feature/Http/Repositories/Stats/GetCoverageChangesTest.php" line="34" assertions="43" time="0.432932"/>
        <testcase name="test_it_can_filter_coverage_changes_data_with_job_name_query" class="Tests\Feature\Http\Repositories\Stats\GetCoverageChangesTest" classname="Tests.Feature.Http.Repositories.Stats.GetCoverageChangesTest" file="/php/tests/Feature/Http/Repositories/Stats/GetCoverageChangesTest.php" line="80" assertions="24" time="0.435911"/>
        <testcase name="test_it_can_filter_coverage_changes_data_with_time_range_query" class="Tests\Feature\Http\Repositories\Stats\GetCoverageChangesTest" classname="Tests.Feature.Http.Repositories.Stats.GetCoverageChangesTest" file="/php/tests/Feature/Http/Repositories/Stats/GetCoverageChangesTest.php" line="112" assertions="19" time="0.438107"/>
        <testcase name="test_it_can_filter_coverage_changes_data_with_full_query" class="Tests\Feature\Http\Repositories\Stats\GetCoverageChangesTest" classname="Tests.Feature.Http.Repositories.Stats.GetCoverageChangesTest" file="/php/tests/Feature/Http/Repositories/Stats/GetCoverageChangesTest.php" line="147" assertions="11" time="0.454338"/>
        <testcase name="test_it_can_validate_input_date" class="Tests\Feature\Http\Repositories\Stats\GetCoverageChangesTest" classname="Tests.Feature.Http.Repositories.Stats.GetCoverageChangesTest" file="/php/tests/Feature/Http/Repositories/Stats/GetCoverageChangesTest.php" line="167" assertions="2" time="0.077504"/>
        <testcase name="test_it_authorizes_user" class="Tests\Feature\Http\Repositories\Stats\GetCoverageChangesTest" classname="Tests.Feature.Http.Repositories.Stats.GetCoverageChangesTest" file="/php/tests/Feature/Http/Repositories/Stats/GetCoverageChangesTest.php" line="195" assertions="1" time="0.074013"/>
      </testsuite>
      <testsuite name="Tests\Feature\Http\Repositories\Stats\GetCoverageTest" file="/php/tests/Feature/Http/Repositories/Stats/GetCoverageTest.php" tests="5" assertions="47" errors="0" warnings="0" failures="0" skipped="0" time="1.156967">
        <testcase name="test_it_can_get_coverage_data" class="Tests\Feature\Http\Repositories\Stats\GetCoverageTest" classname="Tests.Feature.Http.Repositories.Stats.GetCoverageTest" file="/php/tests/Feature/Http/Repositories/Stats/GetCoverageTest.php" line="30" assertions="19" time="0.335305"/>
        <testcase name="test_it_can_filter_coverage_data_by_job_name" class="Tests\Feature\Http\Repositories\Stats\GetCoverageTest" classname="Tests.Feature.Http.Repositories.Stats.GetCoverageTest" file="/php/tests/Feature/Http/Repositories/Stats/GetCoverageTest.php" line="58" assertions="12" time="0.335369"/>
        <testcase name="test_it_can_filter_coverage_data_by_time_range_query" class="Tests\Feature\Http\Repositories\Stats\GetCoverageTest" classname="Tests.Feature.Http.Repositories.Stats.GetCoverageTest" file="/php/tests/Feature/Http/Repositories/Stats/GetCoverageTest.php" line="81" assertions="13" time="0.335400"/>
        <testcase name="test_it_authorizes_user" class="Tests\Feature\Http\Repositories\Stats\GetCoverageTest" classname="Tests.Feature.Http.Repositories.Stats.GetCoverageTest" file="/php/tests/Feature/Http/Repositories/Stats/GetCoverageTest.php" line="114" assertions="1" time="0.075292"/>
        <testcase name="test_it_can_validate_input_date" class="Tests\Feature\Http\Repositories\Stats\GetCoverageTest" classname="Tests.Feature.Http.Repositories.Stats.GetCoverageTest" file="/php/tests/Feature/Http/Repositories/Stats/GetCoverageTest.php" line="124" assertions="2" time="0.075601"/>
      </testsuite>
      <testsuite name="Tests\Feature\Http\Repositories\Stats\GetRecentBuildsTest" file="/php/tests/Feature/Http/Repositories/Stats/GetRecentBuildsTest.php" tests="1" assertions="4" errors="0" warnings="0" failures="0" skipped="0" time="0.113682">
        <testcase name="test_it_get_recent_builds" class="Tests\Feature\Http\Repositories\Stats\GetRecentBuildsTest" classname="Tests.Feature.Http.Repositories.Stats.GetRecentBuildsTest" file="/php/tests/Feature/Http/Repositories/Stats/GetRecentBuildsTest.php" line="30" assertions="4" time="0.113682"/>
      </testsuite>
      <testsuite name="Tests\Feature\Http\Repositories\Stats\GetSummaryTest" file="/php/tests/Feature/Http/Repositories/Stats/GetSummaryTest.php" tests="2" assertions="24" errors="0" warnings="0" failures="0" skipped="0" time="0.168755">
        <testcase name="test_it_can_get_stats_summary" class="Tests\Feature\Http\Repositories\Stats\GetSummaryTest" classname="Tests.Feature.Http.Repositories.Stats.GetSummaryTest" file="/php/tests/Feature/Http/Repositories/Stats/GetSummaryTest.php" line="14" assertions="23" time="0.095115"/>
        <testcase name="test_it_cannot_get_stats_summary" class="Tests\Feature\Http\Repositories\Stats\GetSummaryTest" classname="Tests.Feature.Http.Repositories.Stats.GetSummaryTest" file="/php/tests/Feature/Http/Repositories/Stats/GetSummaryTest.php" line="57" assertions="1" time="0.073640"/>
      </testsuite>
      <testsuite name="Tests\Feature\Http\Repositories\TriggerBuildTest" file="/php/tests/Feature/Http/Repositories/TriggerBuildTest.php" tests="4" assertions="15" errors="0" warnings="0" failures="0" skipped="0" time="0.462296">
        <testsuite name="Tests\Feature\Http\Repositories\TriggerBuildTest::test_it_allow_manual_trigger_build_from_gitlab_repository" tests="3" assertions="12" errors="0" warnings="0" failures="0" skipped="0" time="0.367761">
          <testcase name="test_it_allow_manual_trigger_build_from_gitlab_repository with data set #0" class="Tests\Feature\Http\Repositories\TriggerBuildTest" classname="Tests.Feature.Http.Repositories.TriggerBuildTest" file="/php/tests/Feature/Http/Repositories/TriggerBuildTest.php" line="39" assertions="4" time="0.112448"/>
          <testcase name="test_it_allow_manual_trigger_build_from_gitlab_repository with data set #1" class="Tests\Feature\Http\Repositories\TriggerBuildTest" classname="Tests.Feature.Http.Repositories.TriggerBuildTest" file="/php/tests/Feature/Http/Repositories/TriggerBuildTest.php" line="39" assertions="4" time="0.115574"/>
          <testcase name="test_it_allow_manual_trigger_build_from_gitlab_repository with data set #2" class="Tests\Feature\Http\Repositories\TriggerBuildTest" classname="Tests.Feature.Http.Repositories.TriggerBuildTest" file="/php/tests/Feature/Http/Repositories/TriggerBuildTest.php" line="39" assertions="4" time="0.139739"/>
        </testsuite>
        <testcase name="test_it_authorizes_user" class="Tests\Feature\Http\Repositories\TriggerBuildTest" classname="Tests.Feature.Http.Repositories.TriggerBuildTest" file="/php/tests/Feature/Http/Repositories/TriggerBuildTest.php" line="84" assertions="3" time="0.094536"/>
      </testsuite>
      <testsuite name="Tests\Feature\Http\Runner\Jobs\AppendLogsTest" file="/php/tests/Feature/Http/Runner/Jobs/AppendLogsTest.php" tests="9" assertions="18" errors="0" warnings="0" failures="0" skipped="0" time="0.856698">
        <testcase name="test_it_verifies_runner" class="Tests\Feature\Http\Runner\Jobs\AppendLogsTest" classname="Tests.Feature.Http.Runner.Jobs.AppendLogsTest" file="/php/tests/Feature/Http/Runner/Jobs/AppendLogsTest.php" line="17" assertions="1" time="0.077912"/>
        <testcase name="test_it_rejects_logs_from_unauthorized_runner" class="Tests\Feature\Http\Runner\Jobs\AppendLogsTest" classname="Tests.Feature.Http.Runner.Jobs.AppendLogsTest" file="/php/tests/Feature/Http/Runner/Jobs/AppendLogsTest.php" line="26" assertions="1" time="0.087290"/>
        <testsuite name="Tests\Feature\Http\Runner\Jobs\AppendLogsTest::test_it_rejects_logs_when_job_is_not_running" tests="6" assertions="6" errors="0" warnings="0" failures="0" skipped="0" time="0.527029">
          <testcase name="test_it_rejects_logs_when_job_is_not_running with data set #0" class="Tests\Feature\Http\Runner\Jobs\AppendLogsTest" classname="Tests.Feature.Http.Runner.Jobs.AppendLogsTest" file="/php/tests/Feature/Http/Runner/Jobs/AppendLogsTest.php" line="39" assertions="1" time="0.088298"/>
          <testcase name="test_it_rejects_logs_when_job_is_not_running with data set #1" class="Tests\Feature\Http\Runner\Jobs\AppendLogsTest" classname="Tests.Feature.Http.Runner.Jobs.AppendLogsTest" file="/php/tests/Feature/Http/Runner/Jobs/AppendLogsTest.php" line="39" assertions="1" time="0.088939"/>
          <testcase name="test_it_rejects_logs_when_job_is_not_running with data set #2" class="Tests\Feature\Http\Runner\Jobs\AppendLogsTest" classname="Tests.Feature.Http.Runner.Jobs.AppendLogsTest" file="/php/tests/Feature/Http/Runner/Jobs/AppendLogsTest.php" line="39" assertions="1" time="0.088304"/>
          <testcase name="test_it_rejects_logs_when_job_is_not_running with data set #3" class="Tests\Feature\Http\Runner\Jobs\AppendLogsTest" classname="Tests.Feature.Http.Runner.Jobs.AppendLogsTest" file="/php/tests/Feature/Http/Runner/Jobs/AppendLogsTest.php" line="39" assertions="1" time="0.087801"/>
          <testcase name="test_it_rejects_logs_when_job_is_not_running with data set #4" class="Tests\Feature\Http\Runner\Jobs\AppendLogsTest" classname="Tests.Feature.Http.Runner.Jobs.AppendLogsTest" file="/php/tests/Feature/Http/Runner/Jobs/AppendLogsTest.php" line="39" assertions="1" time="0.087494"/>
          <testcase name="test_it_rejects_logs_when_job_is_not_running with data set #5" class="Tests\Feature\Http\Runner\Jobs\AppendLogsTest" classname="Tests.Feature.Http.Runner.Jobs.AppendLogsTest" file="/php/tests/Feature/Http/Runner/Jobs/AppendLogsTest.php" line="39" assertions="1" time="0.086193"/>
        </testsuite>
        <testcase name="test_it_appends_log" class="Tests\Feature\Http\Runner\Jobs\AppendLogsTest" classname="Tests.Feature.Http.Runner.Jobs.AppendLogsTest" file="/php/tests/Feature/Http/Runner/Jobs/AppendLogsTest.php" line="64" assertions="10" time="0.164467"/>
      </testsuite>
      <testsuite name="Tests\Feature\Http\Runner\Jobs\CreateArtifactTest" file="/php/tests/Feature/Http/Runner/Jobs/CreateArtifactTest.php" tests="1" assertions="1" errors="0" warnings="0" failures="0" skipped="0" time="0.103997">
        <testcase name="test_it_can_create_artifact" class="Tests\Feature\Http\Runner\Jobs\CreateArtifactTest" classname="Tests.Feature.Http.Runner.Jobs.CreateArtifactTest" file="/php/tests/Feature/Http/Runner/Jobs/CreateArtifactTest.php" line="16" assertions="1" time="0.103997"/>
      </testsuite>
      <testsuite name="Tests\Feature\Http\Runner\Jobs\GetNextJobsTest" file="/php/tests/Feature/Http/Runner/Jobs/GetNextJobsTest.php" tests="9" assertions="28" errors="0" warnings="0" failures="0" skipped="0" time="1.481391">
        <testcase name="test_it_checks_for_valid_runner_token" class="Tests\Feature\Http\Runner\Jobs\GetNextJobsTest" classname="Tests.Feature.Http.Runner.Jobs.GetNextJobsTest" file="/php/tests/Feature/Http/Runner/Jobs/GetNextJobsTest.php" line="26" assertions="2" time="0.088528"/>
        <testcase name="test_it_checks_for_maintenance_mode" class="Tests\Feature\Http\Runner\Jobs\GetNextJobsTest" classname="Tests.Feature.Http.Runner.Jobs.GetNextJobsTest" file="/php/tests/Feature/Http/Runner/Jobs/GetNextJobsTest.php" line="38" assertions="3" time="0.126994"/>
        <testcase name="test_it_checks_for_runner_force_restart" class="Tests\Feature\Http\Runner\Jobs\GetNextJobsTest" classname="Tests.Feature.Http.Runner.Jobs.GetNextJobsTest" file="/php/tests/Feature/Http/Runner/Jobs/GetNextJobsTest.php" line="57" assertions="4" time="0.132526"/>
        <testcase name="test_it_checks_for_runner_not_force_restart_when_jobs_still_running" class="Tests\Feature\Http\Runner\Jobs\GetNextJobsTest" classname="Tests.Feature.Http.Runner.Jobs.GetNextJobsTest" file="/php/tests/Feature/Http/Runner/Jobs/GetNextJobsTest.php" line="82" assertions="4" time="0.228750"/>
        <testcase name="test_it_doesnt_get_jobs_from_repositories_not_assigned_to_the_runner" class="Tests\Feature\Http\Runner\Jobs\GetNextJobsTest" classname="Tests.Feature.Http.Runner.Jobs.GetNextJobsTest" file="/php/tests/Feature/Http/Runner/Jobs/GetNextJobsTest.php" line="106" assertions="3" time="0.203559"/>
        <testcase name="test_it_doesnt_get_jobs_already_assigned_to_a_runner" class="Tests\Feature\Http\Runner\Jobs\GetNextJobsTest" classname="Tests.Feature.Http.Runner.Jobs.GetNextJobsTest" file="/php/tests/Feature/Http/Runner/Jobs/GetNextJobsTest.php" line="119" assertions="3" time="0.189912"/>
        <testcase name="test_it_doesnt_get_jobs_that_have_other_jobs_in_the_same_build_assigned_to_another_runner" class="Tests\Feature\Http\Runner\Jobs\GetNextJobsTest" classname="Tests.Feature.Http.Runner.Jobs.GetNextJobsTest" file="/php/tests/Feature/Http/Runner/Jobs/GetNextJobsTest.php" line="135" assertions="3" time="0.161841"/>
        <testcase name="test_it_doesnt_get_pending_jobs_not_in_queue" class="Tests\Feature\Http\Runner\Jobs\GetNextJobsTest" classname="Tests.Feature.Http.Runner.Jobs.GetNextJobsTest" file="/php/tests/Feature/Http/Runner/Jobs/GetNextJobsTest.php" line="155" assertions="3" time="0.137314"/>
        <testcase name="test_it_gets_queued_jobs_ready_to_run_from_assigned_repositories" class="Tests\Feature\Http\Runner\Jobs\GetNextJobsTest" classname="Tests.Feature.Http.Runner.Jobs.GetNextJobsTest" file="/php/tests/Feature/Http/Runner/Jobs/GetNextJobsTest.php" line="169" assertions="3" time="0.211966"/>
      </testsuite>
      <testsuite name="Tests\Feature\Http\Runner\Jobs\UpdateArtifactTest" file="/php/tests/Feature/Http/Runner/Jobs/UpdateArtifactTest.php" tests="2" assertions="7" errors="0" warnings="0" failures="0" skipped="0" time="0.239821">
        <testcase name="test_it_can_update_uploaded_artifact_and_process_them" class="Tests\Feature\Http\Runner\Jobs\UpdateArtifactTest" classname="Tests.Feature.Http.Runner.Jobs.UpdateArtifactTest" file="/php/tests/Feature/Http/Runner/Jobs/UpdateArtifactTest.php" line="30" assertions="4" time="0.121076"/>
        <testcase name="test_it_can_update_failed_artifact" class="Tests\Feature\Http\Runner\Jobs\UpdateArtifactTest" classname="Tests.Feature.Http.Runner.Jobs.UpdateArtifactTest" file="/php/tests/Feature/Http/Runner/Jobs/UpdateArtifactTest.php" line="72" assertions="3" time="0.118745"/>
      </testsuite>
      <testsuite name="Tests\Feature\Http\Runner\Jobs\UpdateStatusTest" file="/php/tests/Feature/Http/Runner/Jobs/UpdateStatusTest.php" tests="14" assertions="36" errors="0" warnings="0" failures="0" skipped="0" time="1.717577">
        <testsuite name="Tests\Feature\Http\Runner\Jobs\UpdateStatusTest::test_it_validates_job_status" tests="7" assertions="7" errors="0" warnings="0" failures="0" skipped="0" time="0.747160">
          <testcase name="test_it_validates_job_status with data set #0" class="Tests\Feature\Http\Runner\Jobs\UpdateStatusTest" classname="Tests.Feature.Http.Runner.Jobs.UpdateStatusTest" file="/php/tests/Feature/Http/Runner/Jobs/UpdateStatusTest.php" line="40" assertions="1" time="0.088751"/>
          <testcase name="test_it_validates_job_status with data set #1" class="Tests\Feature\Http\Runner\Jobs\UpdateStatusTest" classname="Tests.Feature.Http.Runner.Jobs.UpdateStatusTest" file="/php/tests/Feature/Http/Runner/Jobs/UpdateStatusTest.php" line="40" assertions="1" time="0.089519"/>
          <testcase name="test_it_validates_job_status with data set #2" class="Tests\Feature\Http\Runner\Jobs\UpdateStatusTest" classname="Tests.Feature.Http.Runner.Jobs.UpdateStatusTest" file="/php/tests/Feature/Http/Runner/Jobs/UpdateStatusTest.php" line="40" assertions="1" time="0.089864"/>
          <testcase name="test_it_validates_job_status with data set #3" class="Tests\Feature\Http\Runner\Jobs\UpdateStatusTest" classname="Tests.Feature.Http.Runner.Jobs.UpdateStatusTest" file="/php/tests/Feature/Http/Runner/Jobs/UpdateStatusTest.php" line="40" assertions="1" time="0.089311"/>
          <testcase name="test_it_validates_job_status with data set #4" class="Tests\Feature\Http\Runner\Jobs\UpdateStatusTest" classname="Tests.Feature.Http.Runner.Jobs.UpdateStatusTest" file="/php/tests/Feature/Http/Runner/Jobs/UpdateStatusTest.php" line="40" assertions="1" time="0.114444"/>
          <testcase name="test_it_validates_job_status with data set #5" class="Tests\Feature\Http\Runner\Jobs\UpdateStatusTest" classname="Tests.Feature.Http.Runner.Jobs.UpdateStatusTest" file="/php/tests/Feature/Http/Runner/Jobs/UpdateStatusTest.php" line="40" assertions="1" time="0.147222"/>
          <testcase name="test_it_validates_job_status with data set #6" class="Tests\Feature\Http\Runner\Jobs\UpdateStatusTest" classname="Tests.Feature.Http.Runner.Jobs.UpdateStatusTest" file="/php/tests/Feature/Http/Runner/Jobs/UpdateStatusTest.php" line="40" assertions="1" time="0.128050"/>
        </testsuite>
        <testcase name="test_it_updates_status_of_job_which_use_workspace_to_running" class="Tests\Feature\Http\Runner\Jobs\UpdateStatusTest" classname="Tests.Feature.Http.Runner.Jobs.UpdateStatusTest" file="/php/tests/Feature/Http/Runner/Jobs/UpdateStatusTest.php" line="68" assertions="4" time="0.117782"/>
        <testcase name="test_it_updates_status_of_job_which_not_use_workspace_status_to_running" class="Tests\Feature\Http\Runner\Jobs\UpdateStatusTest" classname="Tests.Feature.Http.Runner.Jobs.UpdateStatusTest" file="/php/tests/Feature/Http/Runner/Jobs/UpdateStatusTest.php" line="95" assertions="4" time="0.111009"/>
        <testcase name="test_it_doesnt_update_aborted_job_but_still_process_jobs_with_unfinished_log" class="Tests\Feature\Http\Runner\Jobs\UpdateStatusTest" classname="Tests.Feature.Http.Runner.Jobs.UpdateStatusTest" file="/php/tests/Feature/Http/Runner/Jobs/UpdateStatusTest.php" line="123" assertions="6" time="0.099293"/>
        <testsuite name="Tests\Feature\Http\Runner\Jobs\UpdateStatusTest::test_it_updates_job_status_and_notify_release_finished" tests="2" assertions="6" errors="0" warnings="0" failures="0" skipped="0" time="0.312498">
          <testcase name="test_it_updates_job_status_and_notify_release_finished with data set #0" class="Tests\Feature\Http\Runner\Jobs\UpdateStatusTest" classname="Tests.Feature.Http.Runner.Jobs.UpdateStatusTest" file="/php/tests/Feature/Http/Runner/Jobs/UpdateStatusTest.php" line="156" assertions="3" time="0.156623"/>
          <testcase name="test_it_updates_job_status_and_notify_release_finished with data set #1" class="Tests\Feature\Http\Runner\Jobs\UpdateStatusTest" classname="Tests.Feature.Http.Runner.Jobs.UpdateStatusTest" file="/php/tests/Feature/Http/Runner/Jobs/UpdateStatusTest.php" line="156" assertions="3" time="0.155876"/>
        </testsuite>
        <testcase name="test_it_ignore_jobs_which_need_trigger_manually" class="Tests\Feature\Http\Runner\Jobs\UpdateStatusTest" classname="Tests.Feature.Http.Runner.Jobs.UpdateStatusTest" file="/php/tests/Feature/Http/Runner/Jobs/UpdateStatusTest.php" line="190" assertions="5" time="0.171735"/>
        <testcase name="test_it_ignore_skipped_jobs_which_need_trigger_manually" class="Tests\Feature\Http\Runner\Jobs\UpdateStatusTest" classname="Tests.Feature.Http.Runner.Jobs.UpdateStatusTest" file="/php/tests/Feature/Http/Runner/Jobs/UpdateStatusTest.php" line="265" assertions="4" time="0.158099"/>
      </testsuite>
      <testsuite name="Tests\Feature\Http\Runner\RegisterRunnerTest" file="/php/tests/Feature/Http/Runner/RegisterRunnerTest.php" tests="7" assertions="27" errors="0" warnings="0" failures="0" skipped="0" time="0.501946">
        <testcase name="test_it_registers_new_runner" class="Tests\Feature\Http\Runner\RegisterRunnerTest" classname="Tests.Feature.Http.Runner.RegisterRunnerTest" file="/php/tests/Feature/Http/Runner/RegisterRunnerTest.php" line="20" assertions="11" time="0.084485"/>
        <testcase name="test_it_register_private_runner" class="Tests\Feature\Http\Runner\RegisterRunnerTest" classname="Tests.Feature.Http.Runner.RegisterRunnerTest" file="/php/tests/Feature/Http/Runner/RegisterRunnerTest.php" line="45" assertions="11" time="0.086159"/>
        <testsuite name="Tests\Feature\Http\Runner\RegisterRunnerTest::test_it_validates_request_payload" tests="4" assertions="4" errors="0" warnings="0" failures="0" skipped="0" time="0.246202">
          <testcase name="test_it_validates_request_payload with data set #0" class="Tests\Feature\Http\Runner\RegisterRunnerTest" classname="Tests.Feature.Http.Runner.RegisterRunnerTest" file="/php/tests/Feature/Http/Runner/RegisterRunnerTest.php" line="79" assertions="1" time="0.062194"/>
          <testcase name="test_it_validates_request_payload with data set #1" class="Tests\Feature\Http\Runner\RegisterRunnerTest" classname="Tests.Feature.Http.Runner.RegisterRunnerTest" file="/php/tests/Feature/Http/Runner/RegisterRunnerTest.php" line="79" assertions="1" time="0.061943"/>
          <testcase name="test_it_validates_request_payload with data set #2" class="Tests\Feature\Http\Runner\RegisterRunnerTest" classname="Tests.Feature.Http.Runner.RegisterRunnerTest" file="/php/tests/Feature/Http/Runner/RegisterRunnerTest.php" line="79" assertions="1" time="0.060844"/>
          <testcase name="test_it_validates_request_payload with data set #3" class="Tests\Feature\Http\Runner\RegisterRunnerTest" classname="Tests.Feature.Http.Runner.RegisterRunnerTest" file="/php/tests/Feature/Http/Runner/RegisterRunnerTest.php" line="79" assertions="1" time="0.061220"/>
        </testsuite>
        <testcase name="test_it_checks_for_valid_token" class="Tests\Feature\Http\Runner\RegisterRunnerTest" classname="Tests.Feature.Http.Runner.RegisterRunnerTest" file="/php/tests/Feature/Http/Runner/RegisterRunnerTest.php" line="97" assertions="1" time="0.085100"/>
      </testsuite>
      <testsuite name="Tests\Feature\Http\Runner\UpdateRunnerTest" file="/php/tests/Feature/Http/Runner/UpdateRunnerTest.php" tests="3" assertions="25" errors="0" warnings="0" failures="0" skipped="0" time="0.222111">
        <testcase name="test_it_can_update_runner_status_to_active" class="Tests\Feature\Http\Runner\UpdateRunnerTest" classname="Tests.Feature.Http.Runner.UpdateRunnerTest" file="/php/tests/Feature/Http/Runner/UpdateRunnerTest.php" line="14" assertions="12" time="0.083566"/>
        <testcase name="test_it_can_update_runner_status_to_inactive" class="Tests\Feature\Http\Runner\UpdateRunnerTest" classname="Tests.Feature.Http.Runner.UpdateRunnerTest" file="/php/tests/Feature/Http/Runner/UpdateRunnerTest.php" line="48" assertions="12" time="0.075257"/>
        <testcase name="test_it_cant_update_exists_runner_status" class="Tests\Feature\Http\Runner\UpdateRunnerTest" classname="Tests.Feature.Http.Runner.UpdateRunnerTest" file="/php/tests/Feature/Http/Runner/UpdateRunnerTest.php" line="79" assertions="1" time="0.063288"/>
      </testsuite>
      <testsuite name="Tests\Feature\Http\User\AddFavoriteTest" file="/php/tests/Feature/Http/User/AddFavoriteTest.php" tests="3" assertions="5" errors="0" warnings="0" failures="0" skipped="0" time="0.233313">
        <testcase name="test_it_checks_for_user_permission" class="Tests\Feature\Http\User\AddFavoriteTest" classname="Tests.Feature.Http.User.AddFavoriteTest" file="/php/tests/Feature/Http/User/AddFavoriteTest.php" line="15" assertions="2" time="0.082266"/>
        <testcase name="test_it_add_favorite" class="Tests\Feature\Http\User\AddFavoriteTest" classname="Tests.Feature.Http.User.AddFavoriteTest" file="/php/tests/Feature/Http/User/AddFavoriteTest.php" line="30" assertions="2" time="0.076417"/>
        <testcase name="test_it_checks_for_params" class="Tests\Feature\Http\User\AddFavoriteTest" classname="Tests.Feature.Http.User.AddFavoriteTest" file="/php/tests/Feature/Http/User/AddFavoriteTest.php" line="48" assertions="1" time="0.074629"/>
      </testsuite>
      <testsuite name="Tests\Feature\Http\User\ConnectedAccounts\ConnectTest" file="/php/tests/Feature/Http/User/ConnectedAccounts/ConnectTest.php" tests="2" assertions="6" errors="0" warnings="0" failures="0" skipped="0" time="0.146473">
        <testsuite name="Tests\Feature\Http\User\ConnectedAccounts\ConnectTest::test_it_connect_connected_accounts" tests="2" assertions="6" errors="0" warnings="0" failures="0" skipped="0" time="0.146473">
          <testcase name="test_it_connect_connected_accounts with data set #0" class="Tests\Feature\Http\User\ConnectedAccounts\ConnectTest" classname="Tests.Feature.Http.User.ConnectedAccounts.ConnectTest" file="/php/tests/Feature/Http/User/ConnectedAccounts/ConnectTest.php" line="17" assertions="3" time="0.073426"/>
          <testcase name="test_it_connect_connected_accounts with data set #1" class="Tests\Feature\Http\User\ConnectedAccounts\ConnectTest" classname="Tests.Feature.Http.User.ConnectedAccounts.ConnectTest" file="/php/tests/Feature/Http/User/ConnectedAccounts/ConnectTest.php" line="17" assertions="3" time="0.073047"/>
        </testsuite>
      </testsuite>
      <testsuite name="Tests\Feature\Http\User\ConnectedAccounts\CustomSCM\StoreCustomSCMAccountTest" file="/php/tests/Feature/Http/User/ConnectedAccounts/CustomSCM/StoreCustomSCMAccountTest.php" tests="6" assertions="36" errors="0" warnings="0" failures="1" skipped="0" time="0.474364">
        <testcase name="test_it_requires_login" class="Tests\Feature\Http\User\ConnectedAccounts\CustomSCM\StoreCustomSCMAccountTest" classname="Tests.Feature.Http.User.ConnectedAccounts.CustomSCM.StoreCustomSCMAccountTest" file="/php/tests/Feature/Http/User/ConnectedAccounts/CustomSCM/StoreCustomSCMAccountTest.php" line="14" assertions="1" time="0.058465"/>
        <testcase name="test_it_stores_new_connected_account" class="Tests\Feature\Http\User\ConnectedAccounts\CustomSCM\StoreCustomSCMAccountTest" classname="Tests.Feature.Http.User.ConnectedAccounts.CustomSCM.StoreCustomSCMAccountTest" file="/php/tests/Feature/Http/User/ConnectedAccounts/CustomSCM/StoreCustomSCMAccountTest.php" line="19" assertions="6" time="0.101991"/>
        <testcase name="test_it_validates_the_request_payload" class="Tests\Feature\Http\User\ConnectedAccounts\CustomSCM\StoreCustomSCMAccountTest" classname="Tests.Feature.Http.User.ConnectedAccounts.CustomSCM.StoreCustomSCMAccountTest" file="/php/tests/Feature/Http/User/ConnectedAccounts/CustomSCM/StoreCustomSCMAccountTest.php" line="51" assertions="5" time="0.069294"/>
        <testcase name="test_it_validates_gitlab_access_token" class="Tests\Feature\Http\User\ConnectedAccounts\CustomSCM\StoreCustomSCMAccountTest" classname="Tests.Feature.Http.User.ConnectedAccounts.CustomSCM.StoreCustomSCMAccountTest" file="/php/tests/Feature/Http/User/ConnectedAccounts/CustomSCM/StoreCustomSCMAccountTest.php" line="72" assertions="8" time="0.070893">
          <failure type="PHPUnit\Framework\ExpectationFailedException">Tests\Feature\Http\User\ConnectedAccounts\CustomSCM\StoreCustomSCMAccountTest::test_it_validates_gitlab_access_token
Failed asserting that a row in the table [connected_accounts] does not match the attributes {
    "provider": "gitlab"
}.

Found similar results: [
    {
        "id": 2,
        "user_id": 1,
        "provider": "gitlab",
        "provider_id": "7501328",
        "access_token": "20a2ead24e4cb33d39ea2be29304117e976b38da934f9177f11604fcc29f1776",
        "refresh_token": "a3bb0faf6366a77b586096a8e600ecb218bb14c0b8ddb3618bfac5c1cc76210b",
        "created_at": "2021-07-07 15:01:20",
        "updated_at": "2021-07-07 15:08:52",
        "username": "hoanglm-2435",
        "avatar_url": "https:\/\/gitlab.com\/uploads\/-\/system\/user\/avatar\/7501328\/avatar.png",
        "last_sync_at": "2021-07-07 15:08:52",
        "expired_at": null,
        "name": "hoanglm-2435",
        "email": "le.minh.hoang@sun-asterisk.com"
    }
].

/php/vendor/laravel/framework/src/Illuminate/Foundation/Testing/Concerns/InteractsWithDatabase.php:48
/php/tests/Feature/Http/User/ConnectedAccounts/CustomSCM/StoreCustomSCMAccountTest.php:88</failure>
        </testcase>
        <testcase name="test_it_disallows_linking_multiple_accounts_from_same_provider" class="Tests\Feature\Http\User\ConnectedAccounts\CustomSCM\StoreCustomSCMAccountTest" classname="Tests.Feature.Http.User.ConnectedAccounts.CustomSCM.StoreCustomSCMAccountTest" file="/php/tests/Feature/Http/User/ConnectedAccounts/CustomSCM/StoreCustomSCMAccountTest.php" line="92" assertions="8" time="0.072764"/>
        <testcase name="test_it_disallows_linking_account_already_linked_to_another_user" class="Tests\Feature\Http\User\ConnectedAccounts\CustomSCM\StoreCustomSCMAccountTest" classname="Tests.Feature.Http.User.ConnectedAccounts.CustomSCM.StoreCustomSCMAccountTest" file="/php/tests/Feature/Http/User/ConnectedAccounts/CustomSCM/StoreCustomSCMAccountTest.php" line="130" assertions="8" time="0.100956"/>
      </testsuite>
      <testsuite name="Tests\Feature\Http\User\ConnectedAccounts\CustomSCM\UpdateCustomSCMAccountTest" file="/php/tests/Feature/Http/User/ConnectedAccounts/CustomSCM/UpdateCustomSCMAccountTest.php" tests="7" assertions="35" errors="0" warnings="0" failures="1" skipped="0" time="0.570202">
        <testcase name="test_it_requires_log_in" class="Tests\Feature\Http\User\ConnectedAccounts\CustomSCM\UpdateCustomSCMAccountTest" classname="Tests.Feature.Http.User.ConnectedAccounts.CustomSCM.UpdateCustomSCMAccountTest" file="/php/tests/Feature/Http/User/ConnectedAccounts/CustomSCM/UpdateCustomSCMAccountTest.php" line="17" assertions="1" time="0.058694"/>
        <testcase name="test_it_disallows_updating_accounts_of_other_users" class="Tests\Feature\Http\User\ConnectedAccounts\CustomSCM\UpdateCustomSCMAccountTest" classname="Tests.Feature.Http.User.ConnectedAccounts.CustomSCM.UpdateCustomSCMAccountTest" file="/php/tests/Feature/Http/User/ConnectedAccounts/CustomSCM/UpdateCustomSCMAccountTest.php" line="22" assertions="2" time="0.072919"/>
        <testcase name="test_it_disallows_updating_oauth_accounts" class="Tests\Feature\Http\User\ConnectedAccounts\CustomSCM\UpdateCustomSCMAccountTest" classname="Tests.Feature.Http.User.ConnectedAccounts.CustomSCM.UpdateCustomSCMAccountTest" file="/php/tests/Feature/Http/User/ConnectedAccounts/CustomSCM/UpdateCustomSCMAccountTest.php" line="48" assertions="6" time="0.108727"/>
        <testcase name="test_it_updates_the_connected_accounts" class="Tests\Feature\Http\User\ConnectedAccounts\CustomSCM\UpdateCustomSCMAccountTest" classname="Tests.Feature.Http.User.ConnectedAccounts.CustomSCM.UpdateCustomSCMAccountTest" file="/php/tests/Feature/Http/User/ConnectedAccounts/CustomSCM/UpdateCustomSCMAccountTest.php" line="70" assertions="6" time="0.086675"/>
        <testcase name="test_it_validates_the_request_payload" class="Tests\Feature\Http\User\ConnectedAccounts\CustomSCM\UpdateCustomSCMAccountTest" classname="Tests.Feature.Http.User.ConnectedAccounts.CustomSCM.UpdateCustomSCMAccountTest" file="/php/tests/Feature/Http/User/ConnectedAccounts/CustomSCM/UpdateCustomSCMAccountTest.php" line="93" assertions="4" time="0.076508"/>
        <testcase name="test_it_validates_gitlab_access_token" class="Tests\Feature\Http\User\ConnectedAccounts\CustomSCM\UpdateCustomSCMAccountTest" classname="Tests.Feature.Http.User.ConnectedAccounts.CustomSCM.UpdateCustomSCMAccountTest" file="/php/tests/Feature/Http/User/ConnectedAccounts/CustomSCM/UpdateCustomSCMAccountTest.php" line="112" assertions="8" time="0.080562">
          <failure type="PHPUnit\Framework\ExpectationFailedException">Tests\Feature\Http\User\ConnectedAccounts\CustomSCM\UpdateCustomSCMAccountTest::test_it_validates_gitlab_access_token
Failed asserting that a row in the table [connected_accounts] does not match the attributes {
    "provider": "gitlab"
}.

Found similar results: [
    {
        "id": 2,
        "user_id": 1,
        "provider": "gitlab",
        "provider_id": "7501328",
        "access_token": "20a2ead24e4cb33d39ea2be29304117e976b38da934f9177f11604fcc29f1776",
        "refresh_token": "a3bb0faf6366a77b586096a8e600ecb218bb14c0b8ddb3618bfac5c1cc76210b",
        "created_at": "2021-07-07 15:01:20",
        "updated_at": "2021-07-07 15:08:52",
        "username": "hoanglm-2435",
        "avatar_url": "https:\/\/gitlab.com\/uploads\/-\/system\/user\/avatar\/7501328\/avatar.png",
        "last_sync_at": "2021-07-07 15:08:52",
        "expired_at": null,
        "name": "hoanglm-2435",
        "email": "le.minh.hoang@sun-asterisk.com"
    }
].

/php/vendor/laravel/framework/src/Illuminate/Foundation/Testing/Concerns/InteractsWithDatabase.php:48
/php/tests/Feature/Http/User/ConnectedAccounts/CustomSCM/UpdateCustomSCMAccountTest.php:120</failure>
        </testcase>
        <testcase name="test_it_disallows_linking_account_already_linked_to_another_user" class="Tests\Feature\Http\User\ConnectedAccounts\CustomSCM\UpdateCustomSCMAccountTest" classname="Tests.Feature.Http.User.ConnectedAccounts.CustomSCM.UpdateCustomSCMAccountTest" file="/php/tests/Feature/Http/User/ConnectedAccounts/CustomSCM/UpdateCustomSCMAccountTest.php" line="124" assertions="8" time="0.086117"/>
      </testsuite>
      <testsuite name="Tests\Feature\Http\User\ConnectedAccounts\DisconnectTest" file="/php/tests/Feature/Http/User/ConnectedAccounts/DisconnectTest.php" tests="2" assertions="5" errors="0" warnings="0" failures="0" skipped="0" time="0.155093">
        <testcase name="test_it_disconnect_connected_accounts" class="Tests\Feature\Http\User\ConnectedAccounts\DisconnectTest" classname="Tests.Feature.Http.User.ConnectedAccounts.DisconnectTest" file="/php/tests/Feature/Http/User/ConnectedAccounts/DisconnectTest.php" line="16" assertions="3" time="0.085495"/>
        <testcase name="test_it_cannot_disconnect_connected_accounts" class="Tests\Feature\Http\User\ConnectedAccounts\DisconnectTest" classname="Tests.Feature.Http.User.ConnectedAccounts.DisconnectTest" file="/php/tests/Feature/Http/User/ConnectedAccounts/DisconnectTest.php" line="56" assertions="2" time="0.069598"/>
      </testsuite>
      <testsuite name="Tests\Feature\Http\User\ConnectedAccounts\ShowAllTest" file="/php/tests/Feature/Http/User/ConnectedAccounts/ShowAllTest.php" tests="1" assertions="11" errors="0" warnings="0" failures="0" skipped="0" time="0.071757">
        <testcase name="test_it_can_get_connected_accounts" class="Tests\Feature\Http\User\ConnectedAccounts\ShowAllTest" classname="Tests.Feature.Http.User.ConnectedAccounts.ShowAllTest" file="/php/tests/Feature/Http/User/ConnectedAccounts/ShowAllTest.php" line="14" assertions="11" time="0.071757"/>
      </testsuite>
      <testsuite name="Tests\Feature\Http\User\ConnectedAccounts\UpdateAccountTest" file="/php/tests/Feature/Http/User/ConnectedAccounts/UpdateAccountTest.php" tests="5" assertions="21" errors="0" warnings="0" failures="0" skipped="0" time="0.377283">
        <testcase name="test_it_requires_log_in" class="Tests\Feature\Http\User\ConnectedAccounts\UpdateAccountTest" classname="Tests.Feature.Http.User.ConnectedAccounts.UpdateAccountTest" file="/php/tests/Feature/Http/User/ConnectedAccounts/UpdateAccountTest.php" line="17" assertions="1" time="0.059587"/>
        <testcase name="test_it_disallows_updating_accounts_of_other_users" class="Tests\Feature\Http\User\ConnectedAccounts\UpdateAccountTest" classname="Tests.Feature.Http.User.ConnectedAccounts.UpdateAccountTest" file="/php/tests/Feature/Http/User/ConnectedAccounts/UpdateAccountTest.php" line="22" assertions="2" time="0.071893"/>
        <testcase name="test_it_updates_the_connected_accounts" class="Tests\Feature\Http\User\ConnectedAccounts\UpdateAccountTest" classname="Tests.Feature.Http.User.ConnectedAccounts.UpdateAccountTest" file="/php/tests/Feature/Http/User/ConnectedAccounts/UpdateAccountTest.php" line="48" assertions="6" time="0.084406"/>
        <testcase name="test_it_validates_the_request_payload" class="Tests\Feature\Http\User\ConnectedAccounts\UpdateAccountTest" classname="Tests.Feature.Http.User.ConnectedAccounts.UpdateAccountTest" file="/php/tests/Feature/Http/User/ConnectedAccounts/UpdateAccountTest.php" line="72" assertions="4" time="0.075814"/>
        <testcase name="test_it_disallows_linking_account_already_linked_to_another_user" class="Tests\Feature\Http\User\ConnectedAccounts\UpdateAccountTest" classname="Tests.Feature.Http.User.ConnectedAccounts.UpdateAccountTest" file="/php/tests/Feature/Http/User/ConnectedAccounts/UpdateAccountTest.php" line="91" assertions="8" time="0.085584"/>
      </testsuite>
      <testsuite name="Tests\Feature\Http\User\DeleteFavoriteTest" file="/php/tests/Feature/Http/User/DeleteFavoriteTest.php" tests="4" assertions="4" errors="0" warnings="0" failures="0" skipped="0" time="0.282804">
        <testcase name="test_it_checks_for_user_permission_delete_repository" class="Tests\Feature\Http\User\DeleteFavoriteTest" classname="Tests.Feature.Http.User.DeleteFavoriteTest" file="/php/tests/Feature/Http/User/DeleteFavoriteTest.php" line="15" assertions="1" time="0.070040"/>
        <testcase name="test_it_checks_for_user_permission_delete_workspace" class="Tests\Feature\Http\User\DeleteFavoriteTest" classname="Tests.Feature.Http.User.DeleteFavoriteTest" file="/php/tests/Feature/Http/User/DeleteFavoriteTest.php" line="26" assertions="1" time="0.069524"/>
        <testcase name="test_it_delete_favorite_repository" class="Tests\Feature\Http\User\DeleteFavoriteTest" classname="Tests.Feature.Http.User.DeleteFavoriteTest" file="/php/tests/Feature/Http/User/DeleteFavoriteTest.php" line="37" assertions="1" time="0.071939"/>
        <testcase name="test_it_delete_favorite_workspace" class="Tests\Feature\Http\User\DeleteFavoriteTest" classname="Tests.Feature.Http.User.DeleteFavoriteTest" file="/php/tests/Feature/Http/User/DeleteFavoriteTest.php" line="49" assertions="1" time="0.071301"/>
      </testsuite>
      <testsuite name="Tests\Feature\Http\User\GetLatestReleasesTest" file="/php/tests/Feature/Http/User/GetLatestReleasesTest.php" tests="2" assertions="4" errors="0" warnings="0" failures="0" skipped="0" time="0.166813">
        <testcase name="test_it_get_latest_releases" class="Tests\Feature\Http\User\GetLatestReleasesTest" classname="Tests.Feature.Http.User.GetLatestReleasesTest" file="/php/tests/Feature/Http/User/GetLatestReleasesTest.php" line="15" assertions="3" time="0.083525"/>
        <testcase name="test_it_cannot_get_latest_releases" class="Tests\Feature\Http\User\GetLatestReleasesTest" classname="Tests.Feature.Http.User.GetLatestReleasesTest" file="/php/tests/Feature/Http/User/GetLatestReleasesTest.php" line="72" assertions="1" time="0.083288"/>
      </testsuite>
      <testsuite name="Tests\Feature\Http\User\GetRecentBuildsTest" file="/php/tests/Feature/Http/User/GetRecentBuildsTest.php" tests="1" assertions="27" errors="0" warnings="0" failures="0" skipped="0" time="0.092310">
        <testcase name="test_it_get_recent_builds" class="Tests\Feature\Http\User\GetRecentBuildsTest" classname="Tests.Feature.Http.User.GetRecentBuildsTest" file="/php/tests/Feature/Http/User/GetRecentBuildsTest.php" line="15" assertions="27" time="0.092310"/>
      </testsuite>
      <testsuite name="Tests\Feature\Http\User\GetRepositoriesTest" file="/php/tests/Feature/Http/User/GetRepositoriesTest.php" tests="2" assertions="116" errors="0" warnings="0" failures="0" skipped="0" time="0.184512">
        <testcase name="test_it_can_get_all_repositories" class="Tests\Feature\Http\User\GetRepositoriesTest" classname="Tests.Feature.Http.User.GetRepositoriesTest" file="/php/tests/Feature/Http/User/GetRepositoriesTest.php" line="40" assertions="76" time="0.096174"/>
        <testcase name="test_it_get_is_enabled_repositories" class="Tests\Feature\Http\User\GetRepositoriesTest" classname="Tests.Feature.Http.User.GetRepositoriesTest" file="/php/tests/Feature/Http/User/GetRepositoriesTest.php" line="51" assertions="40" time="0.088339"/>
      </testsuite>
      <testsuite name="Tests\Feature\Http\User\Secrets\DeleteTest" file="/php/tests/Feature/Http/User/Secrets/DeleteTest.php" tests="1" assertions="1" errors="0" warnings="0" failures="0" skipped="0" time="0.063749">
        <testcase name="test_it_can_delete_user_secret" class="Tests\Feature\Http\User\Secrets\DeleteTest" classname="Tests.Feature.Http.User.Secrets.DeleteTest" file="/php/tests/Feature/Http/User/Secrets/DeleteTest.php" line="14" assertions="1" time="0.063749"/>
      </testsuite>
      <testsuite name="Tests\Feature\Http\User\Secrets\GetTest" file="/php/tests/Feature/Http/User/Secrets/GetTest.php" tests="1" assertions="32" errors="0" warnings="0" failures="0" skipped="0" time="0.087955">
        <testcase name="test_it_can_show_list_user_secret" class="Tests\Feature\Http\User\Secrets\GetTest" classname="Tests.Feature.Http.User.Secrets.GetTest" file="/php/tests/Feature/Http/User/Secrets/GetTest.php" line="14" assertions="32" time="0.087955"/>
      </testsuite>
      <testsuite name="Tests\Feature\Http\User\Secrets\StoreTest" file="/php/tests/Feature/Http/User/Secrets/StoreTest.php" tests="5" assertions="10" errors="0" warnings="0" failures="0" skipped="0" time="0.345336">
        <testcase name="test_it_can_store_secrets" class="Tests\Feature\Http\User\Secrets\StoreTest" classname="Tests.Feature.Http.User.Secrets.StoreTest" file="/php/tests/Feature/Http/User/Secrets/StoreTest.php" line="13" assertions="2" time="0.068242"/>
        <testcase name="test_it_can_store_when_input_value_have_special_characters" class="Tests\Feature\Http\User\Secrets\StoreTest" classname="Tests.Feature.Http.User.Secrets.StoreTest" file="/php/tests/Feature/Http/User/Secrets/StoreTest.php" line="33" assertions="2" time="0.067650"/>
        <testcase name="test_it_ignores_when_name_is_empty" class="Tests\Feature\Http\User\Secrets\StoreTest" classname="Tests.Feature.Http.User.Secrets.StoreTest" file="/php/tests/Feature/Http/User/Secrets/StoreTest.php" line="53" assertions="2" time="0.061516"/>
        <testcase name="test_it_ignores_when_name_is_exist" class="Tests\Feature\Http\User\Secrets\StoreTest" classname="Tests.Feature.Http.User.Secrets.StoreTest" file="/php/tests/Feature/Http/User/Secrets/StoreTest.php" line="74" assertions="2" time="0.063495"/>
        <testcase name="test_it_ignores_when_value_is_empty" class="Tests\Feature\Http\User\Secrets\StoreTest" classname="Tests.Feature.Http.User.Secrets.StoreTest" file="/php/tests/Feature/Http/User/Secrets/StoreTest.php" line="100" assertions="2" time="0.084434"/>
      </testsuite>
      <testsuite name="Tests\Feature\Http\User\Secrets\UpdateTest" file="/php/tests/Feature/Http/User/Secrets/UpdateTest.php" tests="1" assertions="2" errors="0" warnings="0" failures="0" skipped="0" time="0.080339">
        <testcase name="test_it_can_update_user_secret" class="Tests\Feature\Http\User\Secrets\UpdateTest" classname="Tests.Feature.Http.User.Secrets.UpdateTest" file="/php/tests/Feature/Http/User/Secrets/UpdateTest.php" line="15" assertions="2" time="0.080339"/>
      </testsuite>
      <testsuite name="Tests\Feature\Http\User\SetCurrentWorkspaceTest" file="/php/tests/Feature/Http/User/SetCurrentWorkspaceTest.php" tests="1" assertions="8" errors="0" warnings="0" failures="0" skipped="0" time="0.070820">
        <testcase name="test_it_can_set_current_workspace" class="Tests\Feature\Http\User\SetCurrentWorkspaceTest" classname="Tests.Feature.Http.User.SetCurrentWorkspaceTest" file="/php/tests/Feature/Http/User/SetCurrentWorkspaceTest.php" line="14" assertions="8" time="0.070820"/>
      </testsuite>
      <testsuite name="Tests\Feature\Http\User\SetPreferencesTest" file="/php/tests/Feature/Http/User/SetPreferencesTest.php" tests="2" assertions="4" errors="0" warnings="0" failures="0" skipped="0" time="0.129188">
        <testcase name="test_it_can_set_user_preference" class="Tests\Feature\Http\User\SetPreferencesTest" classname="Tests.Feature.Http.User.SetPreferencesTest" file="/php/tests/Feature/Http/User/SetPreferencesTest.php" line="13" assertions="2" time="0.063572"/>
        <testcase name="test_it_can_update_user_preference" class="Tests\Feature\Http\User\SetPreferencesTest" classname="Tests.Feature.Http.User.SetPreferencesTest" file="/php/tests/Feature/Http/User/SetPreferencesTest.php" line="33" assertions="2" time="0.065616"/>
      </testsuite>
      <testsuite name="Tests\Feature\Http\User\SyncAccountTest" file="/php/tests/Feature/Http/User/SyncAccountTest.php" tests="2" assertions="18" errors="0" warnings="0" failures="0" skipped="0" time="0.232479">
        <testcase name="test_it_can_sync_account_github" class="Tests\Feature\Http\User\SyncAccountTest" classname="Tests.Feature.Http.User.SyncAccountTest" file="/php/tests/Feature/Http/User/SyncAccountTest.php" line="17" assertions="12" time="0.150163"/>
        <testcase name="test_it_cannot_sync_account_github" class="Tests\Feature\Http\User\SyncAccountTest" classname="Tests.Feature.Http.User.SyncAccountTest" file="/php/tests/Feature/Http/User/SyncAccountTest.php" line="112" assertions="6" time="0.082317"/>
      </testsuite>
      <testsuite name="Tests\Feature\Http\WebInitTest" file="/php/tests/Feature/Http/WebInitTest.php" tests="5" assertions="29" errors="0" warnings="0" failures="0" skipped="0" time="0.317171">
        <testcase name="test_it_returns_correct_data_for_guest" class="Tests\Feature\Http\WebInitTest" classname="Tests.Feature.Http.WebInitTest" file="/php/tests/Feature/Http/WebInitTest.php" line="14" assertions="7" time="0.055622"/>
        <testcase name="test_it_returns_correct_data_for_logged_in_user" class="Tests\Feature\Http\WebInitTest" classname="Tests.Feature.Http.WebInitTest" file="/php/tests/Feature/Http/WebInitTest.php" line="31" assertions="18" time="0.067445"/>
        <testcase name="test_it_returns_requested_workspace" class="Tests\Feature\Http\WebInitTest" classname="Tests.Feature.Http.WebInitTest" file="/php/tests/Feature/Http/WebInitTest.php" line="76" assertions="1" time="0.072132"/>
        <testcase name="test_it_returns_server_messages" class="Tests\Feature\Http\WebInitTest" classname="Tests.Feature.Http.WebInitTest" file="/php/tests/Feature/Http/WebInitTest.php" line="97" assertions="2" time="0.061685"/>
        <testcase name="test_it_returns_app_config" class="Tests\Feature\Http\WebInitTest" classname="Tests.Feature.Http.WebInitTest" file="/php/tests/Feature/Http/WebInitTest.php" line="125" assertions="1" time="0.060289"/>
      </testsuite>
      <testsuite name="Tests\Feature\Http\Webhooks\GithubWebhookTest" file="/php/tests/Feature/Http/Webhooks/GithubWebhookTest.php" tests="10" assertions="22" errors="0" warnings="0" failures="0" skipped="0" time="0.757659">
        <testcase name="test_it_verifies_signature" class="Tests\Feature\Http\Webhooks\GithubWebhookTest" classname="Tests.Feature.Http.Webhooks.GithubWebhookTest" file="/php/tests/Feature/Http/Webhooks/GithubWebhookTest.php" line="29" assertions="2" time="0.072018"/>
        <testcase name="test_it_ignores_malformed_payload" class="Tests\Feature\Http\Webhooks\GithubWebhookTest" classname="Tests.Feature.Http.Webhooks.GithubWebhookTest" file="/php/tests/Feature/Http/Webhooks/GithubWebhookTest.php" line="54" assertions="1" time="0.065028"/>
        <testcase name="test_it_ignores_irrelevant_event" class="Tests\Feature\Http\Webhooks\GithubWebhookTest" classname="Tests.Feature.Http.Webhooks.GithubWebhookTest" file="/php/tests/Feature/Http/Webhooks/GithubWebhookTest.php" line="64" assertions="3" time="0.103097"/>
        <testcase name="test_it_responses_to_ping_event" class="Tests\Feature\Http\Webhooks\GithubWebhookTest" classname="Tests.Feature.Http.Webhooks.GithubWebhookTest" file="/php/tests/Feature/Http/Webhooks/GithubWebhookTest.php" line="72" assertions="1" time="0.071528"/>
        <testcase name="test_it_processes_pull_request_opened_event" class="Tests\Feature\Http\Webhooks\GithubWebhookTest" classname="Tests.Feature.Http.Webhooks.GithubWebhookTest" file="/php/tests/Feature/Http/Webhooks/GithubWebhookTest.php" line="78" assertions="2" time="0.073607"/>
        <testcase name="test_it_processes_pull_request_synchronize_event" class="Tests\Feature\Http\Webhooks\GithubWebhookTest" classname="Tests.Feature.Http.Webhooks.GithubWebhookTest" file="/php/tests/Feature/Http/Webhooks/GithubWebhookTest.php" line="85" assertions="2" time="0.073278"/>
        <testcase name="test_it_doesnt_process_other_pull_request_events" class="Tests\Feature\Http\Webhooks\GithubWebhookTest" classname="Tests.Feature.Http.Webhooks.GithubWebhookTest" file="/php/tests/Feature/Http/Webhooks/GithubWebhookTest.php" line="94" assertions="4" time="0.084530"/>
        <testcase name="test_it_processes_push_event" class="Tests\Feature\Http\Webhooks\GithubWebhookTest" classname="Tests.Feature.Http.Webhooks.GithubWebhookTest" file="/php/tests/Feature/Http/Webhooks/GithubWebhookTest.php" line="108" assertions="2" time="0.071460"/>
        <testcase name="test_it_processes_member_hook_event" class="Tests\Feature\Http\Webhooks\GithubWebhookTest" classname="Tests.Feature.Http.Webhooks.GithubWebhookTest" file="/php/tests/Feature/Http/Webhooks/GithubWebhookTest.php" line="115" assertions="3" time="0.071674"/>
        <testcase name="test_it_doesnt_processes_push_event_when_delete_branch" class="Tests\Feature\Http\Webhooks\GithubWebhookTest" classname="Tests.Feature.Http.Webhooks.GithubWebhookTest" file="/php/tests/Feature/Http/Webhooks/GithubWebhookTest.php" line="124" assertions="2" time="0.071439"/>
      </testsuite>
    </testsuite>
    <testsuite name="Integration" tests="51" assertions="189" errors="0" warnings="0" failures="0" skipped="0" time="5.403106">
      <testsuite name="Tests\Integration\Jobs\CI\CreateCommitStatusTest" file="/php/tests/Integration/Jobs/CI/CreateCommitStatusTest.php" tests="9" assertions="41" errors="0" warnings="0" failures="0" skipped="0" time="0.758619">
        <testsuite name="Tests\Integration\Jobs\CI\CreateCommitStatusTest::test_it_can_create_commit_status" tests="6" assertions="30" errors="0" warnings="0" failures="0" skipped="0" time="0.507443">
          <testcase name="test_it_can_create_commit_status with data set #0" class="Tests\Integration\Jobs\CI\CreateCommitStatusTest" classname="Tests.Integration.Jobs.CI.CreateCommitStatusTest" file="/php/tests/Integration/Jobs/CI/CreateCommitStatusTest.php" line="25" assertions="5" time="0.099317"/>
          <testcase name="test_it_can_create_commit_status with data set #1" class="Tests\Integration\Jobs\CI\CreateCommitStatusTest" classname="Tests.Integration.Jobs.CI.CreateCommitStatusTest" file="/php/tests/Integration/Jobs/CI/CreateCommitStatusTest.php" line="25" assertions="5" time="0.083114"/>
          <testcase name="test_it_can_create_commit_status with data set #2" class="Tests\Integration\Jobs\CI\CreateCommitStatusTest" classname="Tests.Integration.Jobs.CI.CreateCommitStatusTest" file="/php/tests/Integration/Jobs/CI/CreateCommitStatusTest.php" line="25" assertions="5" time="0.080937"/>
          <testcase name="test_it_can_create_commit_status with data set #3" class="Tests\Integration\Jobs\CI\CreateCommitStatusTest" classname="Tests.Integration.Jobs.CI.CreateCommitStatusTest" file="/php/tests/Integration/Jobs/CI/CreateCommitStatusTest.php" line="25" assertions="5" time="0.082779"/>
          <testcase name="test_it_can_create_commit_status with data set #4" class="Tests\Integration\Jobs\CI\CreateCommitStatusTest" classname="Tests.Integration.Jobs.CI.CreateCommitStatusTest" file="/php/tests/Integration/Jobs/CI/CreateCommitStatusTest.php" line="25" assertions="5" time="0.080704"/>
          <testcase name="test_it_can_create_commit_status with data set #5" class="Tests\Integration\Jobs\CI\CreateCommitStatusTest" classname="Tests.Integration.Jobs.CI.CreateCommitStatusTest" file="/php/tests/Integration/Jobs/CI/CreateCommitStatusTest.php" line="25" assertions="5" time="0.080593"/>
        </testsuite>
        <testcase name="test_it_can_create_force_commit_status" class="Tests\Integration\Jobs\CI\CreateCommitStatusTest" classname="Tests.Integration.Jobs.CI.CreateCommitStatusTest" file="/php/tests/Integration/Jobs/CI/CreateCommitStatusTest.php" line="55" assertions="5" time="0.081154"/>
        <testcase name="test_it_ignore_test_build" class="Tests\Integration\Jobs\CI\CreateCommitStatusTest" classname="Tests.Integration.Jobs.CI.CreateCommitStatusTest" file="/php/tests/Integration/Jobs/CI/CreateCommitStatusTest.php" line="85" assertions="1" time="0.085814"/>
        <testcase name="test_it_can_handle_references_for_commit_not_found_gitlab" class="Tests\Integration\Jobs\CI\CreateCommitStatusTest" classname="Tests.Integration.Jobs.CI.CreateCommitStatusTest" file="/php/tests/Integration/Jobs/CI/CreateCommitStatusTest.php" line="99" assertions="5" time="0.084208"/>
      </testsuite>
      <testsuite name="Tests\Integration\Jobs\CI\ProcessHookTest" file="/php/tests/Integration/Jobs/CI/ProcessHookTest.php" tests="6" assertions="60" errors="0" warnings="0" failures="0" skipped="0" time="0.756027">
        <testcase name="test_it_creates_build_for_webhook_event" class="Tests\Integration\Jobs\CI\ProcessHookTest" classname="Tests.Integration.Jobs.CI.ProcessHookTest" file="/php/tests/Integration/Jobs/CI/ProcessHookTest.php" line="52" assertions="13" time="0.191473"/>
        <testcase name="test_it_creates_build_for_webhook_event_and_skip_previous_build" class="Tests\Integration\Jobs\CI\ProcessHookTest" classname="Tests.Integration.Jobs.CI.ProcessHookTest" file="/php/tests/Integration/Jobs/CI/ProcessHookTest.php" line="121" assertions="13" time="0.166053"/>
        <testcase name="test_it_creates_test_build_when_trigger" class="Tests\Integration\Jobs\CI\ProcessHookTest" classname="Tests.Integration.Jobs.CI.ProcessHookTest" file="/php/tests/Integration/Jobs/CI/ProcessHookTest.php" line="188" assertions="9" time="0.159846"/>
        <testcase name="test_it_unauthorizes_github" class="Tests\Integration\Jobs\CI\ProcessHookTest" classname="Tests.Integration.Jobs.CI.ProcessHookTest" file="/php/tests/Integration/Jobs/CI/ProcessHookTest.php" line="264" assertions="8" time="0.081490"/>
        <testcase name="test_it_unauthorizes_sso_github" class="Tests\Integration\Jobs\CI\ProcessHookTest" classname="Tests.Integration.Jobs.CI.ProcessHookTest" file="/php/tests/Integration/Jobs/CI/ProcessHookTest.php" line="312" assertions="8" time="0.080963"/>
        <testcase name="test_it_can_send_notify_when_build_not_created" class="Tests\Integration\Jobs\CI\ProcessHookTest" classname="Tests.Integration.Jobs.CI.ProcessHookTest" file="/php/tests/Integration/Jobs/CI/ProcessHookTest.php" line="360" assertions="9" time="0.076201"/>
      </testsuite>
      <testsuite name="Tests\Integration\Jobs\CI\ProcessMemberHookTest" file="/php/tests/Integration/Jobs/CI/ProcessMemberHookTest.php" tests="6" assertions="9" errors="0" warnings="0" failures="0" skipped="0" time="0.475136">
        <testcase name="test_it_can_add_member_to_repository" class="Tests\Integration\Jobs\CI\ProcessMemberHookTest" classname="Tests.Integration.Jobs.CI.ProcessMemberHookTest" file="/php/tests/Integration/Jobs/CI/ProcessMemberHookTest.php" line="31" assertions="1" time="0.081316"/>
        <testcase name="test_it_can_update_member_for_repository" class="Tests\Integration\Jobs\CI\ProcessMemberHookTest" classname="Tests.Integration.Jobs.CI.ProcessMemberHookTest" file="/php/tests/Integration/Jobs/CI/ProcessMemberHookTest.php" line="63" assertions="2" time="0.076091"/>
        <testcase name="test_it_can_update_member_for_repository_and_member_is_old_admin_to_read_permission" class="Tests\Integration\Jobs\CI\ProcessMemberHookTest" classname="Tests.Integration.Jobs.CI.ProcessMemberHookTest" file="/php/tests/Integration/Jobs/CI/ProcessMemberHookTest.php" line="93" assertions="2" time="0.081058"/>
        <testcase name="test_it_can_removed_member_for_repository" class="Tests\Integration\Jobs\CI\ProcessMemberHookTest" classname="Tests.Integration.Jobs.CI.ProcessMemberHookTest" file="/php/tests/Integration/Jobs/CI/ProcessMemberHookTest.php" line="124" assertions="1" time="0.085776"/>
        <testcase name="test_it_can_removed_owner_repository_from_scm" class="Tests\Integration\Jobs\CI\ProcessMemberHookTest" classname="Tests.Integration.Jobs.CI.ProcessMemberHookTest" file="/php/tests/Integration/Jobs/CI/ProcessMemberHookTest.php" line="151" assertions="2" time="0.083431"/>
        <testcase name="test_it_ignore_invalid_action" class="Tests\Integration\Jobs\CI\ProcessMemberHookTest" classname="Tests.Integration.Jobs.CI.ProcessMemberHookTest" file="/php/tests/Integration/Jobs/CI/ProcessMemberHookTest.php" line="182" assertions="1" time="0.067465"/>
      </testsuite>
      <testsuite name="Tests\Integration\Jobs\CI\SkipPreviousBuildTest" file="/php/tests/Integration/Jobs/CI/SkipPreviousBuildTest.php" tests="12" assertions="12" errors="0" warnings="0" failures="0" skipped="0" time="1.021764">
        <testsuite name="Tests\Integration\Jobs\CI\SkipPreviousBuildTest::test_it_can_skip_build" tests="10" assertions="10" errors="0" warnings="0" failures="0" skipped="0" time="0.861438">
          <testcase name="test_it_can_skip_build with data set #0" class="Tests\Integration\Jobs\CI\SkipPreviousBuildTest" classname="Tests.Integration.Jobs.CI.SkipPreviousBuildTest" file="/php/tests/Integration/Jobs/CI/SkipPreviousBuildTest.php" line="29" assertions="1" time="0.076073"/>
          <testcase name="test_it_can_skip_build with data set #1" class="Tests\Integration\Jobs\CI\SkipPreviousBuildTest" classname="Tests.Integration.Jobs.CI.SkipPreviousBuildTest" file="/php/tests/Integration/Jobs/CI/SkipPreviousBuildTest.php" line="29" assertions="1" time="0.107701"/>
          <testcase name="test_it_can_skip_build with data set #2" class="Tests\Integration\Jobs\CI\SkipPreviousBuildTest" classname="Tests.Integration.Jobs.CI.SkipPreviousBuildTest" file="/php/tests/Integration/Jobs/CI/SkipPreviousBuildTest.php" line="29" assertions="1" time="0.077014"/>
          <testcase name="test_it_can_skip_build with data set #3" class="Tests\Integration\Jobs\CI\SkipPreviousBuildTest" classname="Tests.Integration.Jobs.CI.SkipPreviousBuildTest" file="/php/tests/Integration/Jobs/CI/SkipPreviousBuildTest.php" line="29" assertions="1" time="0.076814"/>
          <testcase name="test_it_can_skip_build with data set #4" class="Tests\Integration\Jobs\CI\SkipPreviousBuildTest" classname="Tests.Integration.Jobs.CI.SkipPreviousBuildTest" file="/php/tests/Integration/Jobs/CI/SkipPreviousBuildTest.php" line="29" assertions="1" time="0.079552"/>
          <testcase name="test_it_can_skip_build with data set #5" class="Tests\Integration\Jobs\CI\SkipPreviousBuildTest" classname="Tests.Integration.Jobs.CI.SkipPreviousBuildTest" file="/php/tests/Integration/Jobs/CI/SkipPreviousBuildTest.php" line="29" assertions="1" time="0.102472"/>
          <testcase name="test_it_can_skip_build with data set #6" class="Tests\Integration\Jobs\CI\SkipPreviousBuildTest" classname="Tests.Integration.Jobs.CI.SkipPreviousBuildTest" file="/php/tests/Integration/Jobs/CI/SkipPreviousBuildTest.php" line="29" assertions="1" time="0.108506"/>
          <testcase name="test_it_can_skip_build with data set #7" class="Tests\Integration\Jobs\CI\SkipPreviousBuildTest" classname="Tests.Integration.Jobs.CI.SkipPreviousBuildTest" file="/php/tests/Integration/Jobs/CI/SkipPreviousBuildTest.php" line="29" assertions="1" time="0.077257"/>
          <testcase name="test_it_can_skip_build with data set #8" class="Tests\Integration\Jobs\CI\SkipPreviousBuildTest" classname="Tests.Integration.Jobs.CI.SkipPreviousBuildTest" file="/php/tests/Integration/Jobs/CI/SkipPreviousBuildTest.php" line="29" assertions="1" time="0.077518"/>
          <testcase name="test_it_can_skip_build with data set #9" class="Tests\Integration\Jobs\CI\SkipPreviousBuildTest" classname="Tests.Integration.Jobs.CI.SkipPreviousBuildTest" file="/php/tests/Integration/Jobs/CI/SkipPreviousBuildTest.php" line="29" assertions="1" time="0.078530"/>
        </testsuite>
        <testcase name="test_it_can_skip_build_when_scm_malformed_and_customScm_have_value" class="Tests\Integration\Jobs\CI\SkipPreviousBuildTest" classname="Tests.Integration.Jobs.CI.SkipPreviousBuildTest" file="/php/tests/Integration/Jobs/CI/SkipPreviousBuildTest.php" line="38" assertions="1" time="0.081286"/>
        <testcase name="test_it_can_skip_build_when_scm_malformed_and_customScm_have_not_value" class="Tests\Integration\Jobs\CI\SkipPreviousBuildTest" classname="Tests.Integration.Jobs.CI.SkipPreviousBuildTest" file="/php/tests/Integration/Jobs/CI/SkipPreviousBuildTest.php" line="51" assertions="1" time="0.079041"/>
      </testsuite>
      <testsuite name="Tests\Integration\Jobs\GithubApp\HandleGithubAppCallBackTest" file="/php/tests/Integration/Jobs/GithubApp/HandleGithubAppCallBackTest.php" tests="2" assertions="20" errors="0" warnings="0" failures="0" skipped="0" time="0.404467">
        <testcase name="test_it_can_enable_ci_for_repositories_github_app_callback" class="Tests\Integration\Jobs\GithubApp\HandleGithubAppCallBackTest" classname="Tests.Integration.Jobs.GithubApp.HandleGithubAppCallBackTest" file="/php/tests/Integration/Jobs/GithubApp/HandleGithubAppCallBackTest.php" line="40" assertions="15" time="0.329006"/>
        <testcase name="test_it_can_update_token_repositories_github_app_callback" class="Tests\Integration\Jobs\GithubApp\HandleGithubAppCallBackTest" classname="Tests.Integration.Jobs.GithubApp.HandleGithubAppCallBackTest" file="/php/tests/Integration/Jobs/GithubApp/HandleGithubAppCallBackTest.php" line="80" assertions="5" time="0.075460"/>
      </testsuite>
      <testsuite name="Tests\Integration\Jobs\GithubApp\ProcessHookGithubAppTest" file="/php/tests/Integration/Jobs/GithubApp/ProcessHookGithubAppTest.php" tests="5" assertions="27" errors="0" warnings="0" failures="0" skipped="0" time="0.356015">
        <testcase name="test_it_can_add_new_repositories_github_app_hook" class="Tests\Integration\Jobs\GithubApp\ProcessHookGithubAppTest" classname="Tests.Integration.Jobs.GithubApp.ProcessHookGithubAppTest" file="/php/tests/Integration/Jobs/GithubApp/ProcessHookGithubAppTest.php" line="52" assertions="7" time="0.067170"/>
        <testcase name="test_it_can_update_token_repositories_github_app_hook" class="Tests\Integration\Jobs\GithubApp\ProcessHookGithubAppTest" classname="Tests.Integration.Jobs.GithubApp.ProcessHookGithubAppTest" file="/php/tests/Integration/Jobs/GithubApp/ProcessHookGithubAppTest.php" line="90" assertions="7" time="0.073026"/>
        <testsuite name="Tests\Integration\Jobs\GithubApp\ProcessHookGithubAppTest::test_it_can_remove_or_delete_repositories_github_app_hook" tests="2" assertions="9" errors="0" warnings="0" failures="0" skipped="0" time="0.159945">
          <testcase name="test_it_can_remove_or_delete_repositories_github_app_hook with data set #0" class="Tests\Integration\Jobs\GithubApp\ProcessHookGithubAppTest" classname="Tests.Integration.Jobs.GithubApp.ProcessHookGithubAppTest" file="/php/tests/Integration/Jobs/GithubApp/ProcessHookGithubAppTest.php" line="141" assertions="4" time="0.079036"/>
          <testcase name="test_it_can_remove_or_delete_repositories_github_app_hook with data set #1" class="Tests\Integration\Jobs\GithubApp\ProcessHookGithubAppTest" classname="Tests.Integration.Jobs.GithubApp.ProcessHookGithubAppTest" file="/php/tests/Integration/Jobs/GithubApp/ProcessHookGithubAppTest.php" line="141" assertions="5" time="0.080909"/>
        </testsuite>
        <testcase name="test_it_ignore_with_invalid_action" class="Tests\Integration\Jobs\GithubApp\ProcessHookGithubAppTest" classname="Tests.Integration.Jobs.GithubApp.ProcessHookGithubAppTest" file="/php/tests/Integration/Jobs/GithubApp/ProcessHookGithubAppTest.php" line="202" assertions="4" time="0.055874"/>
      </testsuite>
      <testsuite name="Tests\Integration\Jobs\CI\SaveLogToStorageTest" file="/php/tests/Integration/Jobs/Logs/SaveLogToStorageTest.php" tests="1" assertions="1" errors="0" warnings="0" failures="0" skipped="0" time="0.104749">
        <testcase name="test_it_can_save_log_to_storage" class="Tests\Integration\Jobs\CI\SaveLogToStorageTest" classname="Tests.Integration.Jobs.CI.SaveLogToStorageTest" file="/php/tests/Integration/Jobs/Logs/SaveLogToStorageTest.php" line="34" assertions="1" time="0.104749"/>
      </testsuite>
      <testsuite name="Tests\Integration\Jobs\Repositories\QueueNextJobsTest" file="/php/tests/Integration/Jobs/Repositories/QueueNextJobsTest.php" tests="1" assertions="1" errors="0" warnings="0" failures="0" skipped="0" time="0.086887">
        <testcase name="test_it_can_queue_next_jobs" class="Tests\Integration\Jobs\Repositories\QueueNextJobsTest" classname="Tests.Integration.Jobs.Repositories.QueueNextJobsTest" file="/php/tests/Integration/Jobs/Repositories/QueueNextJobsTest.php" line="27" assertions="1" time="0.086887"/>
      </testsuite>
      <testsuite name="Tests\Integration\Jobs\Repositories\SummaryBuildWeeklyTest" file="/php/tests/Integration/Jobs/Repositories/SummaryBuildWeeklyTest.php" tests="6" assertions="6" errors="0" warnings="0" failures="0" skipped="0" time="0.488057">
        <testsuite name="Tests\Integration\Jobs\Repositories\SummaryBuildWeeklyTest::test_it_can_send_mail_to_user" tests="5" assertions="5" errors="0" warnings="0" failures="0" skipped="0" time="0.426186">
          <testcase name="test_it_can_send_mail_to_user with data set #0" class="Tests\Integration\Jobs\Repositories\SummaryBuildWeeklyTest" classname="Tests.Integration.Jobs.Repositories.SummaryBuildWeeklyTest" file="/php/tests/Integration/Jobs/Repositories/SummaryBuildWeeklyTest.php" line="31" assertions="1" time="0.086231"/>
          <testcase name="test_it_can_send_mail_to_user with data set #1" class="Tests\Integration\Jobs\Repositories\SummaryBuildWeeklyTest" classname="Tests.Integration.Jobs.Repositories.SummaryBuildWeeklyTest" file="/php/tests/Integration/Jobs/Repositories/SummaryBuildWeeklyTest.php" line="31" assertions="1" time="0.092814"/>
          <testcase name="test_it_can_send_mail_to_user with data set #2" class="Tests\Integration\Jobs\Repositories\SummaryBuildWeeklyTest" classname="Tests.Integration.Jobs.Repositories.SummaryBuildWeeklyTest" file="/php/tests/Integration/Jobs/Repositories/SummaryBuildWeeklyTest.php" line="31" assertions="1" time="0.079907"/>
          <testcase name="test_it_can_send_mail_to_user with data set #3" class="Tests\Integration\Jobs\Repositories\SummaryBuildWeeklyTest" classname="Tests.Integration.Jobs.Repositories.SummaryBuildWeeklyTest" file="/php/tests/Integration/Jobs/Repositories/SummaryBuildWeeklyTest.php" line="31" assertions="1" time="0.095628"/>
          <testcase name="test_it_can_send_mail_to_user with data set #4" class="Tests\Integration\Jobs\Repositories\SummaryBuildWeeklyTest" classname="Tests.Integration.Jobs.Repositories.SummaryBuildWeeklyTest" file="/php/tests/Integration/Jobs/Repositories/SummaryBuildWeeklyTest.php" line="31" assertions="1" time="0.071605"/>
        </testsuite>
        <testcase name="test_it_not_send_mail_to_user_when_repositories_are_empty" class="Tests\Integration\Jobs\Repositories\SummaryBuildWeeklyTest" classname="Tests.Integration.Jobs.Repositories.SummaryBuildWeeklyTest" file="/php/tests/Integration/Jobs/Repositories/SummaryBuildWeeklyTest.php" line="48" assertions="1" time="0.061871"/>
      </testsuite>
      <testsuite name="Tests\Integration\Jobs\Repositories\UpdateMemberTest" file="/php/tests/Integration/Jobs/Repositories/UpdateMemberTest.php" tests="1" assertions="6" errors="0" warnings="0" failures="0" skipped="0" time="0.071298">
        <testcase name="test_it_can_update_permissions_for_members_of_repository" class="Tests\Integration\Jobs\Repositories\UpdateMemberTest" classname="Tests.Integration.Jobs.Repositories.UpdateMemberTest" file="/php/tests/Integration/Jobs/Repositories/UpdateMemberTest.php" line="30" assertions="6" time="0.071298"/>
      </testsuite>
      <testsuite name="Tests\Integration\Jobs\Webhooks\TriggerWebhookTest" file="/php/tests/Integration/Jobs/Webhooks/TriggerWebhookTest.php" tests="2" assertions="6" errors="0" warnings="0" failures="0" skipped="0" time="0.880087">
        <testcase name="test_it_send_request_to_webhook_of_repository_and_store_webhook_executed_history" class="Tests\Integration\Jobs\Webhooks\TriggerWebhookTest" classname="Tests.Integration.Jobs.Webhooks.TriggerWebhookTest" file="/php/tests/Integration/Jobs/Webhooks/TriggerWebhookTest.php" line="20" assertions="3" time="0.445212"/>
        <testcase name="test_it_throw_exception_and_store_error_payload" class="Tests\Integration\Jobs\Webhooks\TriggerWebhookTest" classname="Tests.Integration.Jobs.Webhooks.TriggerWebhookTest" file="/php/tests/Integration/Jobs/Webhooks/TriggerWebhookTest.php" line="54" assertions="3" time="0.434876"/>
      </testsuite>
    </testsuite>
  </testsuite>
</testsuites>
